Compiling
Compiling > Starting tests

elm-test 0.19.1-revision12
--------------------------

Running 72 tests. To reproduce these results, run: elm-test --fuzz 100 --seed 278900830761617

> PostsConfigTests
> module Model.PostsConfig
> postsToShow
> the number of posts returned is at most postsToShow

    { by = "pranay01", id = 38148992, score = 1, time = Posix 1699167669000, title = "SigNoz (YC W21), open source observability platform, hiring SREs (Remote)", type_ = "job", url = Just "https://signoz.io/careers/site-reliability-engineer/" }
    Γò╖
    Γöé Expect.equalLists
    Γò╡
    { by = "vyrotek", id = 38144400, score = 512, time = Posix 1699126731000, title = "NewPipe ΓÇô Lightweight YouTube experience for Android", type_ = "story", url = Just "https://newpipe.net/" }, { by = "sillysaurusx", id = 38149093, score = 75, time = Posix 1699169400000, title = "LLM companies to access largest Chinese non-fiction book collection", type_ = "story", url = Just "https://annas-blog.org/duxiu-exclusive.html" }, { by = "scrlk", id = 38114943, score = 182, time = Posix 1698939114000, title = "Intel Itanium IA-64 Support Removed with the Linux 6.7 Kernel", type_ = "story", url = Just "https://www.phoronix.com/news/Intel-IA-64-Removed-Linux-6.7" }, { by = "luu", id = 38144772, score = 37, time = Posix 1699129495000, title = "Representations / strategies for noncooperative games with imperfect information [pdf]", type_ = "story", url = Just "https://www2.cs.sfu.ca/~bbart/personal/masters-thesis.pdf" }, { by = "kizunajp", id = 38146856, score = 57, time = Posix 1699145556000, title = "The First App Store", type_ = "story", url = Just "https://one-from-nippon.ghost.io/worlds-first-app-store/" }, { by = "dlock17", id = 38146154, score = 83, time = Posix 1699139194000, title = "Show HN: Gogosseract, a Go Lib for CGo-Free Tesseract OCR via Wazero", type_ = "story", url = Just "https://github.com/Danlock/gogosseract" }, { by = "sohkamyung", id = 38146382, score = 51, time = Posix 1699140957000, title = "Planes, Spheres and Pseudospheres", type_ = "story", url = Just "https://www.gregegan.net/SCIENCE/PSP/PSP.html" }, { by = "Tepix", id = 38141366, score = 557, time = Posix 1699108556000, title = "Othello Is Solved?", type_ = "story", url = Just "https://arxiv.org/abs/2310.19387" }, { by = "pranay01", id = 38148992, score = 1, time = Posix 1699167669000, title = "SigNoz (YC W21), open source observability platform, hiring SREs (Remote)", type_ = "job", url = Just "https://signoz.io/careers/site-reliability-engineer/" }, { by = "willswire", id = 38147438, score = 26, time = Posix 1699151020000, title = "Shadows Edge Software", type_ = "story", url = Just "https://www.shadowsedge.mil/What-We-Do/" }
    
    The first diff is at index 0: it was `{ by = "pranay01", id = 38148992, score = 1, time = Posix 1699167669000, title = "SigNoz (YC W21), open source observability platform, hiring SREs (Remote)", type_ = "job", url = Just "https://signoz.io/careers/site-reliability-engineer/" }`, but `{ by = "vyrotek", id = 38144400, score = 512, time = Posix 1699126731000, title = "NewPipe ΓÇô Lightweight YouTube experience for Android", type_ = "story", url = Just "https://newpipe.net/" }` was expected.


> PostsConfigTests
> module Model.PostsConfig
> sortBy
> The final list is not sorted when sortBy is None

    { by = "pranay01", id = 38148992, score = 1, time = Posix 1699167669000, title = "SigNoz (YC W21), open source observability platform, hiring SREs (Remote)", type_ = "job", url = Just "https://signoz.io/careers/site-reliability-engineer/" }
    Γò╖
    Γöé Expect.equalLists
    Γò╡
    { by = "vyrotek", id = 38144400, score = 512, time = Posix 1699126731000, title = "NewPipe ΓÇô Lightweight YouTube experience for Android", type_ = "story", url = Just "https://newpipe.net/" }, { by = "sillysaurusx", id = 38149093, score = 75, time = Posix 1699169400000, title = "LLM companies to access largest Chinese non-fiction book collection", type_ = "story", url = Just "https://annas-blog.org/duxiu-exclusive.html" }, { by = "scrlk", id = 38114943, score = 182, time = Posix 1698939114000, title = "Intel Itanium IA-64 Support Removed with the Linux 6.7 Kernel", type_ = "story", url = Just "https://www.phoronix.com/news/Intel-IA-64-Removed-Linux-6.7" }, { by = "luu", id = 38144772, score = 37, time = Posix 1699129495000, title = "Representations / strategies for noncooperative games with imperfect information [pdf]", type_ = "story", url = Just "https://www2.cs.sfu.ca/~bbart/personal/masters-thesis.pdf" }, { by = "kizunajp", id = 38146856, score = 57, time = Posix 1699145556000, title = "The First App Store", type_ = "story", url = Just "https://one-from-nippon.ghost.io/worlds-first-app-store/" }, { by = "dlock17", id = 38146154, score = 83, time = Posix 1699139194000, title = "Show HN: Gogosseract, a Go Lib for CGo-Free Tesseract OCR via Wazero", type_ = "story", url = Just "https://github.com/Danlock/gogosseract" }, { by = "sohkamyung", id = 38146382, score = 51, time = Posix 1699140957000, title = "Planes, Spheres and Pseudospheres", type_ = "story", url = Just "https://www.gregegan.net/SCIENCE/PSP/PSP.html" }, { by = "Tepix", id = 38141366, score = 557, time = Posix 1699108556000, title = "Othello Is Solved?", type_ = "story", url = Just "https://arxiv.org/abs/2310.19387" }, { by = "pranay01", id = 38148992, score = 1, time = Posix 1699167669000, title = "SigNoz (YC W21), open source observability platform, hiring SREs (Remote)", type_ = "job", url = Just "https://signoz.io/careers/site-reliability-engineer/" }, { by = "willswire", id = 38147438, score = 26, time = Posix 1699151020000, title = "Shadows Edge Software", type_ = "story", url = Just "https://www.shadowsedge.mil/What-We-Do/" }
    
    The first diff is at index 0: it was `{ by = "pranay01", id = 38148992, score = 1, time = Posix 1699167669000, title = "SigNoz (YC W21), open source observability platform, hiring SREs (Remote)", type_ = "job", url = Just "https://signoz.io/careers/site-reliability-engineer/" }`, but `{ by = "vyrotek", id = 38144400, score = 512, time = Posix 1699126731000, title = "NewPipe ΓÇô Lightweight YouTube experience for Android", type_ = "story", url = Just "https://newpipe.net/" }` was expected.


> PostsConfigTests
> module Model.PostsConfig
> sortBy
> The final list is sorted by title when sortBy is Title

    { by = "pranay01", id = 38148992, score = 1, time = Posix 1699167669000, title = "SigNoz (YC W21), open source observability platform, hiring SREs (Remote)", type_ = "job", url = Just "https://signoz.io/careers/site-reliability-engineer/" }
    Γò╖
    Γöé Expect.equalLists
    Γò╡
    { by = "scrlk", id = 38114943, score = 182, time = Posix 1698939114000, title = "Intel Itanium IA-64 Support Removed with the Linux 6.7 Kernel", type_ = "story", url = Just "https://www.phoronix.com/news/Intel-IA-64-Removed-Linux-6.7" }, { by = "sillysaurusx", id = 38149093, score = 75, time = Posix 1699169400000, title = "LLM companies to access largest Chinese non-fiction book collection", type_ = "story", url = Just "https://annas-blog.org/duxiu-exclusive.html" }, { by = "vyrotek", id = 38144400, score = 512, time = Posix 1699126731000, title = "NewPipe ΓÇô Lightweight YouTube experience for Android", type_ = "story", url = Just "https://newpipe.net/" }, { by = "Tepix", id = 38141366, score = 557, time = Posix 1699108556000, title = "Othello Is Solved?", type_ = "story", url = Just "https://arxiv.org/abs/2310.19387" }, { by = "sohkamyung", id = 38146382, score = 51, time = Posix 1699140957000, title = "Planes, Spheres and Pseudospheres", type_ = "story", url = Just "https://www.gregegan.net/SCIENCE/PSP/PSP.html" }, { by = "luu", id = 38144772, score = 37, time = Posix 1699129495000, title = "Representations / strategies for noncooperative games with imperfect information [pdf]", type_ = "story", url = Just "https://www2.cs.sfu.ca/~bbart/personal/masters-thesis.pdf" }, { by = "willswire", id = 38147438, score = 26, time = Posix 1699151020000, title = "Shadows Edge Software", type_ = "story", url = Just "https://www.shadowsedge.mil/What-We-Do/" }, { by = "dlock17", id = 38146154, score = 83, time = Posix 1699139194000, title = "Show HN: Gogosseract, a Go Lib for CGo-Free Tesseract OCR via Wazero", type_ = "story", url = Just "https://github.com/Danlock/gogosseract" }, { by = "pranay01", id = 38148992, score = 1, time = Posix 1699167669000, title = "SigNoz (YC W21), open source observability platform, hiring SREs (Remote)", type_ = "job", url = Just "https://signoz.io/careers/site-reliability-engineer/" }, { by = "kizunajp", id = 38146856, score = 57, time = Posix 1699145556000, title = "The First App Store", type_ = "story", url = Just "https://one-from-nippon.ghost.io/worlds-first-app-store/" }
    
    The first diff is at index 0: it was `{ by = "pranay01", id = 38148992, score = 1, time = Posix 1699167669000, title = "SigNoz (YC W21), open source observability platform, hiring SREs (Remote)", type_ = "job", url = Just "https://signoz.io/careers/site-reliability-engineer/" }`, but `{ by = "scrlk", id = 38114943, score = 182, time = Posix 1698939114000, title = "Intel Itanium IA-64 Support Removed with the Linux 6.7 Kernel", type_ = "story", url = Just "https://www.phoronix.com/news/Intel-IA-64-Removed-Linux-6.7" }` was expected.


> PostsConfigTests
> module Model.PostsConfig
> sortBy
> The final list is sorted descending by score when sortBy is Score

    { by = "pranay01", id = 38148992, score = 1, time = Posix 1699167669000, title = "SigNoz (YC W21), open source observability platform, hiring SREs (Remote)", type_ = "job", url = Just "https://signoz.io/careers/site-reliability-engineer/" }
    Γò╖
    Γöé Expect.equalLists
    Γò╡
    { by = "Tepix", id = 38141366, score = 557, time = Posix 1699108556000, title = "Othello Is Solved?", type_ = "story", url = Just "https://arxiv.org/abs/2310.19387" }, { by = "vyrotek", id = 38144400, score = 512, time = Posix 1699126731000, title = "NewPipe ΓÇô Lightweight YouTube experience for Android", type_ = "story", url = Just "https://newpipe.net/" }, { by = "scrlk", id = 38114943, score = 182, time = Posix 1698939114000, title = "Intel Itanium IA-64 Support Removed with the Linux 6.7 Kernel", type_ = "story", url = Just "https://www.phoronix.com/news/Intel-IA-64-Removed-Linux-6.7" }, { by = "dlock17", id = 38146154, score = 83, time = Posix 1699139194000, title = "Show HN: Gogosseract, a Go Lib for CGo-Free Tesseract OCR via Wazero", type_ = "story", url = Just "https://github.com/Danlock/gogosseract" }, { by = "sillysaurusx", id = 38149093, score = 75, time = Posix 1699169400000, title = "LLM companies to access largest Chinese non-fiction book collection", type_ = "story", url = Just "https://annas-blog.org/duxiu-exclusive.html" }, { by = "kizunajp", id = 38146856, score = 57, time = Posix 1699145556000, title = "The First App Store", type_ = "story", url = Just "https://one-from-nippon.ghost.io/worlds-first-app-store/" }, { by = "sohkamyung", id = 38146382, score = 51, time = Posix 1699140957000, title = "Planes, Spheres and Pseudospheres", type_ = "story", url = Just "https://www.gregegan.net/SCIENCE/PSP/PSP.html" }, { by = "luu", id = 38144772, score = 37, time = Posix 1699129495000, title = "Representations / strategies for noncooperative games with imperfect information [pdf]", type_ = "story", url = Just "https://www2.cs.sfu.ca/~bbart/personal/masters-thesis.pdf" }, { by = "willswire", id = 38147438, score = 26, time = Posix 1699151020000, title = "Shadows Edge Software", type_ = "story", url = Just "https://www.shadowsedge.mil/What-We-Do/" }, { by = "pranay01", id = 38148992, score = 1, time = Posix 1699167669000, title = "SigNoz (YC W21), open source observability platform, hiring SREs (Remote)", type_ = "job", url = Just "https://signoz.io/careers/site-reliability-engineer/" }
    
    The first diff is at index 0: it was `{ by = "pranay01", id = 38148992, score = 1, time = Posix 1699167669000, title = "SigNoz (YC W21), open source observability platform, hiring SREs (Remote)", type_ = "job", url = Just "https://signoz.io/careers/site-reliability-engineer/" }`, but `{ by = "Tepix", id = 38141366, score = 557, time = Posix 1699108556000, title = "Othello Is Solved?", type_ = "story", url = Just "https://arxiv.org/abs/2310.19387" }` was expected.


> PostsViewTests
> module View.Posts
> field values
> the number of rows is equal to the number of elements in the list

    Γû╝ Query.fromHtml
    
        <div>
            <table>
                <thead>
                    <tr>
                        <th>
                            Score
                        </th>
                        <th>
                            Title
                        </th>
                        <th>
                            Type
                        </th>
                        <th>
                            Posted Date
                        </th>
                        <th>
                            Link
                        </th>
                    </tr>
                </thead>
                <tbody>
                    <tr>
                        <td class="post-score">
                            512
                        </td>
                        <td class="post-title">
                            NewPipe ΓÇô Lightweight YouTube experience for Android
                        </td>
                        <td class="post-type">
                            story
                        </td>
                        <td class="post-time">
                            2023 Nov 04 19:38 (7 days 11 hours 51 minutes 9 seconds ago)
                        </td>
                        <td class="post-url">
                            https://newpipe.net/
                        </td>
                    </tr>
                    <tr>
                        <td class="post-score">
                            75
                        </td>
                        <td class="post-title">
                            LLM companies to access largest Chinese non-fiction book collection
                        </td>
                        <td class="post-type">
                            story
                        </td>
                        <td class="post-time">
                            2023 Nov 05 07:30 (7 days ago)
                        </td>
                        <td class="post-url">
                            https://annas-blog.org/duxiu-exclusive.html
                        </td>
                    </tr>
                    <tr>
                        <td class="post-score">
                            182
                        </td>
                        <td class="post-title">
                            Intel Itanium IA-64 Support Removed with the Linux 6.7 Kernel
                        </td>
                        <td class="post-type">
                            story
                        </td>
                        <td class="post-time">
                            2023 Nov 02 15:31 (9 days 15 hours 58 minutes 6 seconds ago)
                        </td>
                        <td class="post-url">
                            https://www.phoronix.com/news/Intel-IA-64-Removed-Linux-6.7
                        </td>
                    </tr>
                    <tr>
                        <td class="post-score">
                            37
                        </td>
                        <td class="post-title">
                            Representations / strategies for noncooperative games with imperfect information [pdf]
                        </td>
                        <td class="post-type">
                            story
                        </td>
                        <td class="post-time">
                            2023 Nov 04 20:24 (7 days 11 hours 5 minutes 5 seconds ago)
                        </td>
                        <td class="post-url">
                            https://www2.cs.sfu.ca/~bbart/personal/masters-thesis.pdf
                        </td>
                    </tr>
                    <tr>
                        <td class="post-score">
                            57
                        </td>
                        <td class="post-title">
                            The First App Store
                        </td>
                        <td class="post-type">
                            story
                        </td>
                        <td class="post-time">
                            2023 Nov 05 00:52 (7 days 6 hours 37 minutes 24 seconds ago)
                        </td>
                        <td class="post-url">
                            https://one-from-nippon.ghost.io/worlds-first-app-store/
                        </td>
                    </tr>
                    <tr>
                        <td class="post-score">
                            83
                        </td>
                        <td class="post-title">
                            Show HN: Gogosseract, a Go Lib for CGo-Free Tesseract OCR via Wazero
                        </td>
                        <td class="post-type">
                            story
                        </td>
                        <td class="post-time">
                            2023 Nov 04 23:06 (7 days 8 hours 23 minutes 26 seconds ago)
                        </td>
                        <td class="post-url">
                            https://github.com/Danlock/gogosseract
                        </td>
                    </tr>
                    <tr>
                        <td class="post-score">
                            51
                        </td>
                        <td class="post-title">
                            Planes, Spheres and Pseudospheres
                        </td>
                        <td class="post-type">
                            story
                        </td>
                        <td class="post-time">
                            2023 Nov 04 23:35 (7 days 7 hours 54 minutes 3 seconds ago)
                        </td>
                        <td class="post-url">
                            https://www.gregegan.net/SCIENCE/PSP/PSP.html
                        </td>
                    </tr>
                    <tr>
                        <td class="post-score">
                            557
                        </td>
                        <td class="post-title">
                            Othello Is Solved?
                        </td>
                        <td class="post-type">
                            story
                        </td>
                        <td class="post-time">
                            2023 Nov 04 14:35 (7 days 16 hours 54 minutes 4 seconds ago)
                        </td>
                        <td class="post-url">
                            https://arxiv.org/abs/2310.19387
                        </td>
                    </tr>
                    <tr>
                        <td class="post-score">
                            1
                        </td>
                        <td class="post-title">
                            SigNoz (YC W21), open source observability platform, hiring SREs (Remote)
                        </td>
                        <td class="post-type">
                            job
                        </td>
                        <td class="post-time">
                            2023 Nov 05 07:01 (7 days 28 minutes 51 seconds ago)
                        </td>
                        <td class="post-url">
                            https://signoz.io/careers/site-reliability-engineer/
                        </td>
                    </tr>
                    <tr>
                        <td class="post-score">
                            26
                        </td>
                        <td class="post-title">
                            Shadows Edge Software
                        </td>
                        <td class="post-type">
                            story
                        </td>
                        <td class="post-time">
                            2023 Nov 05 02:23 (7 days 5 hours 6 minutes 20 seconds ago)
                        </td>
                        <td class="post-url">
                            https://www.shadowsedge.mil/What-We-Do/
                        </td>
                    </tr>
                    <tr>
                        <td class="post-score">
                            58
                        </td>
                        <td class="post-title">
                            Quadratic Reciprocity: The connection that changed number theory
                        </td>
                        <td class="post-type">
                            story
                        </td>
                        <td class="post-time">
                            2023 Nov 02 15:43 (9 days 15 hours 46 minutes 23 seconds ago)
                        </td>
                        <td class="post-url">
                            https://www.quantamagazine.org/the-hidden-connection-that-changed-number-theory-20231101/
                        </td>
                    </tr>
                    <tr>
                        <td class="post-score">
                            65
                        </td>
                        <td class="post-title">
                            How to Do a TypeScript Conversion: an opinionated take on gradual conversions
                        </td>
                        <td class="post-type">
                            story
                        </td>
                        <td class="post-time">
                            2023 Nov 04 21:15 (7 days 10 hours 14 minutes 37 seconds ago)
                        </td>
                        <td class="post-url">
                            https://v5.chriskrycho.com/journal/how-to-do-a-typescript-conversion/
                        </td>
                    </tr>
                    <tr>
                        <td class="post-score">
                            83
                        </td>
                        <td class="post-title">
                            FTC Chair Lina Khan looks for allies and leads in Silicon Valley charm offensive
                        </td>
                        <td class="post-type">
                            story
                        </td>
                        <td class="post-time">
                            2023 Nov 04 19:24 (7 days 12 hours 5 minutes 26 seconds ago)
                        </td>
                        <td class="post-url">
                            https://www.reuters.com/business/ftc-chair-lina-khan-looks-allies-leads-silicon-valley-charm-offensive-2023-11-03/
                        </td>
                    </tr>
                    <tr>
                        <td class="post-score">
                            96
                        </td>
                        <td class="post-title">
                            Topic: Discord Stealer
                        </td>
                        <td class="post-type">
                            story
                        </td>
                        <td class="post-time">
                            2023 Nov 05 02:26 (7 days 5 hours 3 minutes 38 seconds ago)
                        </td>
                        <td class="post-url">
                            https://github.com/topics/discord-stealer
                        </td>
                    </tr>
                    <tr>
                        <td class="post-score">
                            132
                        </td>
                        <td class="post-title">
                            SARS-CoV-2 Infection Affects Energy Stores in the Body, Causing Organ Failure
                        </td>
                        <td class="post-type">
                            story
                        </td>
                        <td class="post-time">
                            2023 Nov 04 23:02 (7 days 8 hours 27 minutes 47 seconds ago)
                        </td>
                        <td class="post-url">
                            https://news.unchealthcare.org/2023/10/researchers-show-sars-cov-2-infection-affects-energy-stores-in-the-body-causing-organ-failure/
                        </td>
                    </tr>
                    <tr>
                        <td class="post-score">
                            102
                        </td>
                        <td class="post-title">
                            Soda additive linked to thyroid toxicity may finally get banned by FDA
                        </td>
                        <td class="post-type">
                            story
                        </td>
                        <td class="post-time">
                            2023 Nov 05 00:26 (7 days 7 hours 3 minutes 35 seconds ago)
                        </td>
                        <td class="post-url">
                            https://arstechnica.com/health/2023/11/50-years-later-fda-proposes-banning-a-food-additive-it-said-is-not-safe/
                        </td>
                    </tr>
                    <tr>
                        <td class="post-score">
                            56
                        </td>
                        <td class="post-title">
                            BeeWare Toga v0.4.0 ΓÇô A Python native, OS native GUI toolkit
                        </td>
                        <td class="post-type">
                            story
                        </td>
                        <td class="post-time">
                            2023 Nov 05 01:24 (7 days 6 hours 5 minutes 47 seconds ago)
                        </td>
                        <td class="post-url">
                            https://github.com/beeware/toga/releases/tag/v0.4.0
                        </td>
                    </tr>
                    <tr>
                        <td class="post-score">
                            105
                        </td>
                        <td class="post-title">
                            The cottage industry of YouTube obituary pirates
                        </td>
                        <td class="post-type">
                            story
                        </td>
                        <td class="post-time">
                            2023 Nov 04 20:58 (7 days 10 hours 31 minutes 45 seconds ago)
                        </td>
                        <td class="post-url">
                            https://www.wired.com/story/youtube-obituary-pirates/
                        </td>
                    </tr>
                    <tr>
                        <td class="post-score">
                            44
                        </td>
                        <td class="post-title">
                            Chemists, engineers craft adjustable arrays of microscopic lenses
                        </td>
                        <td class="post-type">
                            story
                        </td>
                        <td class="post-time">
                            2023 Nov 02 15:48 (9 days 15 hours 41 minutes 8 seconds ago)
                        </td>
                        <td class="post-url">
                            https://phys.org/news/2023-10-chemists-craft-adjustable-arrays-microscopic.html
                        </td>
                    </tr>
                    <tr>
                        <td class="post-score">
                            62
                        </td>
                        <td class="post-title">
                            Disturbed Lands (National Park Service)
                        </td>
                        <td class="post-type">
                            story
                        </td>
                        <td class="post-time">
                            2023 Nov 04 23:29 (7 days 8 hours 28 seconds ago)
                        </td>
                        <td class="post-url">
                            https://www.nps.gov/shen/learn/nature/disturbedlands.htm
                        </td>
                    </tr>
                    <tr>
                        <td class="post-score">
                            84
                        </td>
                        <td class="post-title">
                            The world nearly adopted a calendar with 13 months of 28 days
                        </td>
                        <td class="post-type">
                            story
                        </td>
                        <td class="post-time">
                            2023 Nov 05 03:53 (7 days 3 hours 36 minutes 19 seconds ago)
                        </td>
                        <td class="post-url">
                            https://www.washingtonpost.com/history/2023/11/04/battle-sabbath-13-month-calendar/
                        </td>
                    </tr>
                    <tr>
                        <td class="post-score">
                            106
                        </td>
                        <td class="post-title">
                            AI and Open Source in 2023
                        </td>
                        <td class="post-type">
                            story
                        </td>
                        <td class="post-time">
                            2023 Nov 04 18:50 (7 days 12 hours 39 minutes 53 seconds ago)
                        </td>
                        <td class="post-url">
                            https://magazine.sebastianraschka.com/p/ai-and-open-source-in-2023
                        </td>
                    </tr>
                    <tr>
                        <td class="post-score">
                            1114
                        </td>
                        <td class="post-title">
                            As I retire, my goal now is to release 40+ years of source code
                        </td>
                        <td class="post-type">
                            story
                        </td>
                        <td class="post-time">
                            2023 Nov 03 17:26 (8 days 14 hours 3 minutes 44 seconds ago)
                        </td>
                        <td class="post-url">
                            https://dunfield.themindfactory.com/dnldsrc.htm
                        </td>
                    </tr>
                    <tr>
                        <td class="post-score">
                            122
                        </td>
                        <td class="post-title">
                            New Microsoft Exchange zero-days allow RCE, data theft attacks
                        </td>
                        <td class="post-type">
                            story
                        </td>
                        <td class="post-time">
                            2023 Nov 04 21:43 (7 days 9 hours 46 minutes 41 seconds ago)
                        </td>
                        <td class="post-url">
                            https://www.bleepingcomputer.com/news/microsoft/new-microsoft-exchange-zero-days-allow-rce-data-theft-attacks/
                        </td>
                    </tr>
                    <tr>
                        <td class="post-score">
                            125
                        </td>
                        <td class="post-title">
                            Grok
                        </td>
                        <td class="post-type">
                            story
                        </td>
                        <td class="post-time">
                            2023 Nov 05 05:02 (7 days 2 hours 27 minutes 27 seconds ago)
                        </td>
                        <td class="post-url">
                            https://twitter.com/xai/status/1721027348970238035
                        </td>
                    </tr>
                    <tr>
                        <td class="post-score">
                            220
                        </td>
                        <td class="post-title">
                            A 6 channel GPS receiver from 1993
                        </td>
                        <td class="post-type">
                            story
                        </td>
                        <td class="post-time">
                            2023 Nov 04 10:27 (7 days 21 hours 2 minutes 42 seconds ago)
                        </td>
                        <td class="post-url">
                            https://mastodon.sdf.org/@keelan/111349948124943603
                        </td>
                    </tr>
                    <tr>
                        <td class="post-score">
                            313
                        </td>
                        <td class="post-title">
                            AMD MicroBlaze V Processor: A Flexible and Efficient RISC-V Processor
                        </td>
                        <td class="post-type">
                            story
                        </td>
                        <td class="post-time">
                            2023 Nov 04 02:01 (8 days 5 hours 28 minutes 15 seconds ago)
                        </td>
                        <td class="post-url">
                            https://www.xilinx.com/products/design-tools/microblaze-v.html
                        </td>
                    </tr>
                    <tr>
                        <td class="post-score">
                            112
                        </td>
                        <td class="post-title">
                            Lahaina Noon
                        </td>
                        <td class="post-type">
                            story
                        </td>
                        <td class="post-time">
                            2023 Nov 02 15:27 (9 days 16 hours 2 minutes 3 seconds ago)
                        </td>
                        <td class="post-url">
                            https://en.wikipedia.org/wiki/Lahaina_Noon
                        </td>
                    </tr>
                    <tr>
                        <td class="post-score">
                            157
                        </td>
                        <td class="post-title">
                            Spin 2.0 ΓÇô open-source tool for building and running WASM apps
                        </td>
                        <td class="post-type">
                            story
                        </td>
                        <td class="post-time">
                            2023 Nov 04 12:01 (7 days 19 hours 28 minutes 10 seconds ago)
                        </td>
                        <td class="post-url">
                            https://www.fermyon.com/blog/introducing-spin-v2
                        </td>
                    </tr>
                    <tr>
                        <td class="post-score">
                            411
                        </td>
                        <td class="post-title">
                            Tell HN: Submit comments to IRS re tax treatment of software dev expenses
                        </td>
                        <td class="post-type">
                            story
                        </td>
                        <td class="post-time">
                            2023 Nov 02 21:26 (9 days 10 hours 3 minutes 58 seconds ago)
                        </td>
                        <td class="post-url">
                            
                        </td>
                    </tr>
                    <tr>
                        <td class="post-score">
                            11
                        </td>
                        <td class="post-title">
                            Show HN: A tiny and platform-agnostic true random number generator for FPGA/ASIC
                        </td>
                        <td class="post-type">
                            story
                        </td>
                        <td class="post-time">
                            2023 Nov 04 21:34 (7 days 9 hours 56 minutes ago)
                        </td>
                        <td class="post-url">
                            https://github.com/stnolting/neoTRNG
                        </td>
                    </tr>
                    <tr>
                        <td class="post-score">
                            99
                        </td>
                        <td class="post-title">
                            Daylight saving time can seriously affect your health
                        </td>
                        <td class="post-type">
                            story
                        </td>
                        <td class="post-time">
                            2023 Nov 05 00:47 (7 days 6 hours 42 minutes 12 seconds ago)
                        </td>
                        <td class="post-url">
                            https://apnews.com/article/daylight-saving-2023-fall-back-a3738d5c74301b8068825927c49fc6b4
                        </td>
                    </tr>
                    <tr>
                        <td class="post-score">
                            46
                        </td>
                        <td class="post-title">
                            Delhi air pollution spikes to 100 times WHO health limit
                        </td>
                        <td class="post-type">
                            story
                        </td>
                        <td class="post-time">
                            2023 Nov 04 23:14 (7 days 8 hours 15 minutes 6 seconds ago)
                        </td>
                        <td class="post-url">
                            https://www.theguardian.com/world/2023/nov/03/delhi-india-air-quality-pollution-spike-world-health-organization-limit
                        </td>
                    </tr>
                    <tr>
                        <td class="post-score">
                            5
                        </td>
                        <td class="post-title">
                            A game. The only winning move is not to play
                        </td>
                        <td class="post-type">
                            story
                        </td>
                        <td class="post-time">
                            2023 Nov 05 04:15 (7 days 3 hours 14 minutes 14 seconds ago)
                        </td>
                        <td class="post-url">
                            
                        </td>
                    </tr>
                    <tr>
                        <td class="post-score">
                            83
                        </td>
                        <td class="post-title">
                            Max is taking 4K away from its legacy ad-free subscribers
                        </td>
                        <td class="post-type">
                            story
                        </td>
                        <td class="post-time">
                            2023 Nov 05 02:54 (7 days 4 hours 35 minutes 11 seconds ago)
                        </td>
                        <td class="post-url">
                            https://www.theverge.com/2023/11/2/23943859/max-4k-hbo-max-ad-free-subscribers
                        </td>
                    </tr>
                    <tr>
                        <td class="post-score">
                            132
                        </td>
                        <td class="post-title">
                            Classes vs. structs in .NET: how not to teach about performance
                        </td>
                        <td class="post-type">
                            story
                        </td>
                        <td class="post-time">
                            2023 Nov 04 03:28 (8 days 4 hours 1 minute 9 seconds ago)
                        </td>
                        <td class="post-url">
                            https://sergeyteplyakov.github.io/Blog/benchmarking/2023/11/02/Performance_Comparison_For_Classes_vs_Structs.html
                        </td>
                    </tr>
                    <tr>
                        <td class="post-score">
                            68
                        </td>
                        <td class="post-title">
                            How ΓÇ£blueΓÇ¥ and ΓÇ£greenΓÇ¥ appeared in a language that didnΓÇÖt have words for them
                        </td>
                        <td class="post-type">
                            story
                        </td>
                        <td class="post-time">
                            2023 Nov 02 15:54 (9 days 15 hours 35 minutes 45 seconds ago)
                        </td>
                        <td class="post-url">
                            https://news.mit.edu/2023/how-blue-and-green-appeared-language-1102
                        </td>
                    </tr>
                    <tr>
                        <td class="post-score">
                            17
                        </td>
                        <td class="post-title">
                            Oracle Cloud Outage
                        </td>
                        <td class="post-type">
                            story
                        </td>
                        <td class="post-time">
                            2023 Nov 05 00:33 (7 days 6 hours 56 minutes 6 seconds ago)
                        </td>
                        <td class="post-url">
                            
                        </td>
                    </tr>
                    <tr>
                        <td class="post-score">
                            15
                        </td>
                        <td class="post-title">
                            Exim 4.97.0 ΓÇô SMTP Mail Server ΓÇô Message Transfer Agent (MTA)
                        </td>
                        <td class="post-type">
                            story
                        </td>
                        <td class="post-time">
                            2023 Nov 05 00:29 (7 days 7 hours 50 seconds ago)
                        </td>
                        <td class="post-url">
                            https://www.exim.org/
                        </td>
                    </tr>
                    <tr>
                        <td class="post-score">
                            82
                        </td>
                        <td class="post-title">
                            You're Gonna Need a Bigger Browser
                        </td>
                        <td class="post-type">
                            story
                        </td>
                        <td class="post-time">
                            2023 Nov 04 19:55 (7 days 11 hours 34 minutes 47 seconds ago)
                        </td>
                        <td class="post-url">
                            https://berjon.com/bigger-browser/
                        </td>
                    </tr>
                    <tr>
                        <td class="post-score">
                            157
                        </td>
                        <td class="post-title">
                            Making "LCD, Please"
                        </td>
                        <td class="post-type">
                            story
                        </td>
                        <td class="post-time">
                            2023 Nov 04 04:16 (8 days 3 hours 13 minutes 23 seconds ago)
                        </td>
                        <td class="post-url">
                            https://dukope.com/devlogs/papers-please/lcdplease/
                        </td>
                    </tr>
                    <tr>
                        <td class="post-score">
                            17
                        </td>
                        <td class="post-title">
                            Interview with a Gladiatrix
                        </td>
                        <td class="post-type">
                            story
                        </td>
                        <td class="post-time">
                            2023 Nov 04 21:04 (7 days 10 hours 25 minutes 26 seconds ago)
                        </td>
                        <td class="post-url">
                            https://antigonejournal.com/2023/10/modern-roman-gladiatrix/
                        </td>
                    </tr>
                    <tr>
                        <td class="post-score">
                            6
                        </td>
                        <td class="post-title">
                            Towards Modern Development of Cloud Applications [pdf]
                        </td>
                        <td class="post-type">
                            story
                        </td>
                        <td class="post-time">
                            2023 Nov 05 00:44 (7 days 6 hours 45 minutes 44 seconds ago)
                        </td>
                        <td class="post-url">
                            https://sigops.org/s/conferences/hotos/2023/papers/ghemawat.pdf
                        </td>
                    </tr>
                    <tr>
                        <td class="post-score">
                            224
                        </td>
                        <td class="post-title">
                            A blog post is a long and complex search query to find people (2022)
                        </td>
                        <td class="post-type">
                            story
                        </td>
                        <td class="post-time">
                            2023 Nov 04 02:02 (8 days 5 hours 27 minutes 4 seconds ago)
                        </td>
                        <td class="post-url">
                            https://www.henrikkarlsson.xyz/p/search-query
                        </td>
                    </tr>
                    <tr>
                        <td class="post-score">
                            68
                        </td>
                        <td class="post-title">
                            After decades of dreams, a commercial spaceplane is almost ready to fly
                        </td>
                        <td class="post-type">
                            story
                        </td>
                        <td class="post-time">
                            2023 Nov 04 17:45 (7 days 13 hours 44 minutes 27 seconds ago)
                        </td>
                        <td class="post-url">
                            https://arstechnica.com/space/2023/11/after-decades-of-dreams-a-commercial-spaceplane-is-almost-ready-to-fly/
                        </td>
                    </tr>
                    <tr>
                        <td class="post-score">
                            110
                        </td>
                        <td class="post-title">
                            Scrcpy 2.2 adds Android camera mirroring
                        </td>
                        <td class="post-type">
                            story
                        </td>
                        <td class="post-time">
                            2023 Nov 04 18:30 (7 days 12 hours 59 minutes 29 seconds ago)
                        </td>
                        <td class="post-url">
                            https://github.com/Genymobile/scrcpy/releases/tag/v2.2
                        </td>
                    </tr>
                    <tr>
                        <td class="post-score">
                            52
                        </td>
                        <td class="post-title">
                            SpaceX poised for 'mid-November' launch of second Starship test flight
                        </td>
                        <td class="post-type">
                            story
                        </td>
                        <td class="post-time">
                            2023 Nov 05 04:23 (7 days 3 hours 6 minutes 24 seconds ago)
                        </td>
                        <td class="post-url">
                            https://spaceflightnow.com/2023/11/04/spacex-poised-for-mid-november-of-second-starship-test-launch/
                        </td>
                    </tr>
                    <tr>
                        <td class="post-score">
                            160
                        </td>
                        <td class="post-title">
                            I need more USB power
                        </td>
                        <td class="post-type">
                            story
                        </td>
                        <td class="post-time">
                            2023 Nov 04 16:36 (7 days 14 hours 53 minutes 34 seconds ago)
                        </td>
                        <td class="post-url">
                            https://atomic14.substack.com/p/i-need-more-usb-power
                        </td>
                    </tr>
                    <tr>
                        <td class="post-score">
                            8
                        </td>
                        <td class="post-title">
                            Ancient coins have been found off Sardinia, probably from shipwreck
                        </td>
                        <td class="post-type">
                            story
                        </td>
                        <td class="post-time">
                            2023 Nov 05 03:31 (7 days 3 hours 58 minutes 35 seconds ago)
                        </td>
                        <td class="post-url">
                            https://apnews.com/article/italy-ancient-coins-sardinia-divers-cabdfa070d37a8020f874dd90c0a2433
                        </td>
                    </tr>
                    <tr>
                        <td class="post-score">
                            65
                        </td>
                        <td class="post-title">
                            C++ Sudoku Solver by Singapore PM Lee Hsien Loong
                        </td>
                        <td class="post-type">
                            story
                        </td>
                        <td class="post-time">
                            2023 Nov 04 19:07 (7 days 12 hours 22 minutes 45 seconds ago)
                        </td>
                        <td class="post-url">
                            https://twitter.com/adad8m/status/1720822885496049863
                        </td>
                    </tr>
                    <tr>
                        <td class="post-score">
                            91
                        </td>
                        <td class="post-title">
                            Lapham's Quarterly Is on Hiatus
                        </td>
                        <td class="post-type">
                            story
                        </td>
                        <td class="post-time">
                            2023 Nov 04 20:00 (7 days 11 hours 29 minutes 4 seconds ago)
                        </td>
                        <td class="post-url">
                            https://www.laphamsquarterly.org/roundtable/hiatus
                        </td>
                    </tr>
                    <tr>
                        <td class="post-score">
                            6
                        </td>
                        <td class="post-title">
                            X.ai Grok
                        </td>
                        <td class="post-type">
                            story
                        </td>
                        <td class="post-time">
                            2023 Nov 05 05:57 (7 days 1 hour 32 minutes 35 seconds ago)
                        </td>
                        <td class="post-url">
                            https://grok.x.ai/
                        </td>
                    </tr>
                    <tr>
                        <td class="post-score">
                            219
                        </td>
                        <td class="post-title">
                            Asciinema: Record and share your terminal sessions, the simple way
                        </td>
                        <td class="post-type">
                            story
                        </td>
                        <td class="post-time">
                            2023 Nov 03 20:53 (8 days 10 hours 36 minutes 30 seconds ago)
                        </td>
                        <td class="post-url">
                            https://asciinema.org/
                        </td>
                    </tr>
                    <tr>
                        <td class="post-score">
                            605
                        </td>
                        <td class="post-title">
                            In 1886, the US commissioned watercolor paintings of every known fruit (2019)
                        </td>
                        <td class="post-type">
                            story
                        </td>
                        <td class="post-time">
                            2023 Nov 02 22:30 (9 days 8 hours 59 minutes 52 seconds ago)
                        </td>
                        <td class="post-url">
                            https://www.openculture.com/2019/06/the-us-government-commissioned-7500-watercolor-paintings.html
                        </td>
                    </tr>
                    <tr>
                        <td class="post-score">
                            467
                        </td>
                        <td class="post-title">
                            No dogs were harmed in the making of this app
                        </td>
                        <td class="post-type">
                            story
                        </td>
                        <td class="post-time">
                            2023 Nov 03 13:47 (8 days 17 hours 42 minutes 7 seconds ago)
                        </td>
                        <td class="post-url">
                            https://shmck.substack.com/p/no-dogs-were-harmed-in-the-making
                        </td>
                    </tr>
                    <tr>
                        <td class="post-score">
                            417
                        </td>
                        <td class="post-title">
                            Bringing garbage collected programming languages efficiently to WebAssembly
                        </td>
                        <td class="post-type">
                            story
                        </td>
                        <td class="post-time">
                            2023 Nov 03 06:50 (9 days 39 minutes 29 seconds ago)
                        </td>
                        <td class="post-url">
                            https://v8.dev/blog/wasm-gc-porting
                        </td>
                    </tr>
                    <tr>
                        <td class="post-score">
                            225
                        </td>
                        <td class="post-title">
                            Wooden Game Boy
                        </td>
                        <td class="post-type">
                            story
                        </td>
                        <td class="post-time">
                            2023 Nov 03 21:32 (8 days 9 hours 57 minutes 20 seconds ago)
                        </td>
                        <td class="post-url">
                            https://there.oughta.be/a/wooden-game-boy
                        </td>
                    </tr>
                    <tr>
                        <td class="post-score">
                            80
                        </td>
                        <td class="post-title">
                            The Apple II Circuit Description (1983)
                        </td>
                        <td class="post-type">
                            story
                        </td>
                        <td class="post-time">
                            2023 Nov 02 14:58 (9 days 16 hours 31 minutes 22 seconds ago)
                        </td>
                        <td class="post-url">
                            https://archive.org/details/taiicd
                        </td>
                    </tr>
                    <tr>
                        <td class="post-score">
                            304
                        </td>
                        <td class="post-title">
                            Bevy 0.12
                        </td>
                        <td class="post-type">
                            story
                        </td>
                        <td class="post-time">
                            2023 Nov 04 19:39 (7 days 11 hours 50 minutes 15 seconds ago)
                        </td>
                        <td class="post-url">
                            https://bevyengine.org/news/bevy-0-12/
                        </td>
                    </tr>
                    <tr>
                        <td class="post-score">
                            203
                        </td>
                        <td class="post-title">
                            Telling GPT-4 you're scared or under pressure improves performance
                        </td>
                        <td class="post-type">
                            story
                        </td>
                        <td class="post-time">
                            2023 Nov 04 00:40 (8 days 6 hours 49 minutes 10 seconds ago)
                        </td>
                        <td class="post-url">
                            https://aimodels.substack.com/p/telling-gpt-4-youre-scared-or-under
                        </td>
                    </tr>
                    <tr>
                        <td class="post-score">
                            1952
                        </td>
                        <td class="post-title">
                            Sam Bankman-Fried Convicted
                        </td>
                        <td class="post-type">
                            story
                        </td>
                        <td class="post-time">
                            2023 Nov 02 23:49 (9 days 7 hours 40 minutes 43 seconds ago)
                        </td>
                        <td class="post-url">
                            https://www.nytimes.com/live/2023/11/02/business/sam-bankman-fried-trial
                        </td>
                    </tr>
                    <tr>
                        <td class="post-score">
                            188
                        </td>
                        <td class="post-title">
                            Surround sound test files for every audio format
                        </td>
                        <td class="post-type">
                            story
                        </td>
                        <td class="post-time">
                            2023 Nov 03 22:21 (8 days 9 hours 8 minutes 29 seconds ago)
                        </td>
                        <td class="post-url">
                            https://drive.google.com/drive/folders/1JxmeedtAtgmoafXv9rroiDOS2vEX7N4b
                        </td>
                    </tr>
                    <tr>
                        <td class="post-score">
                            128
                        </td>
                        <td class="post-title">
                            Tesla strike widens as Swedish union expands blockade
                        </td>
                        <td class="post-type">
                            story
                        </td>
                        <td class="post-time">
                            2023 Nov 04 23:30 (7 days 7 hours 59 minutes 22 seconds ago)
                        </td>
                        <td class="post-url">
                            https://www.thelocal.se/20231103/tesla-strike-widens-as-swedish-union-expands-blockade
                        </td>
                    </tr>
                    <tr>
                        <td class="post-score">
                            15
                        </td>
                        <td class="post-title">
                            R─ühui and the Art of Marine Conservation
                        </td>
                        <td class="post-type">
                            story
                        </td>
                        <td class="post-time">
                            2023 Nov 04 03:03 (8 days 4 hours 26 minutes 27 seconds ago)
                        </td>
                        <td class="post-url">
                            https://hakaimagazine.com/features/rahui-and-the-art-of-marine-conservation/
                        </td>
                    </tr>
                    <tr>
                        <td class="post-score">
                            81
                        </td>
                        <td class="post-title">
                            Large-scale violence in Late Neolithic Western Europe based on skeletal evidence
                        </td>
                        <td class="post-type">
                            story
                        </td>
                        <td class="post-time">
                            2023 Nov 04 02:56 (8 days 4 hours 33 minutes 32 seconds ago)
                        </td>
                        <td class="post-url">
                            https://www.nature.com/articles/s41598-023-43026-9
                        </td>
                    </tr>
                    <tr>
                        <td class="post-score">
                            224
                        </td>
                        <td class="post-title">
                            First observation of a virus attaching to another virus
                        </td>
                        <td class="post-type">
                            story
                        </td>
                        <td class="post-time">
                            2023 Nov 03 12:47 (8 days 18 hours 42 minutes 18 seconds ago)
                        </td>
                        <td class="post-url">
                            https://umbc.edu/stories/first-observed-virus-attaching-to-another/
                        </td>
                    </tr>
                    <tr>
                        <td class="post-score">
                            185
                        </td>
                        <td class="post-title">
                            KDE desktop cube effect returns
                        </td>
                        <td class="post-type">
                            story
                        </td>
                        <td class="post-time">
                            2023 Nov 04 14:13 (7 days 17 hours 16 minutes 9 seconds ago)
                        </td>
                        <td class="post-url">
                            https://www.phoronix.com/news/KDE-Wayland-Color-Mgmt
                        </td>
                    </tr>
                    <tr>
                        <td class="post-score">
                            49
                        </td>
                        <td class="post-title">
                            Searching for hidden silicon art on a microchip
                        </td>
                        <td class="post-type">
                            story
                        </td>
                        <td class="post-time">
                            2023 Nov 04 16:48 (7 days 14 hours 41 minutes 14 seconds ago)
                        </td>
                        <td class="post-url">
                            https://twitter.com/microscopicture/status/1720837951238636018
                        </td>
                    </tr>
                    <tr>
                        <td class="post-score">
                            19
                        </td>
                        <td class="post-title">
                            U.S. cities consider banning "right on red" laws amid rise in pedestrian deaths
                        </td>
                        <td class="post-type">
                            story
                        </td>
                        <td class="post-time">
                            2023 Nov 04 23:45 (7 days 7 hours 44 minutes 33 seconds ago)
                        </td>
                        <td class="post-url">
                            https://www.cbsnews.com/news/pedestrian-deaths-right-on-red-ban/
                        </td>
                    </tr>
                    <tr>
                        <td class="post-score">
                            195
                        </td>
                        <td class="post-title">
                            Paste without formatting on macOS
                        </td>
                        <td class="post-type">
                            story
                        </td>
                        <td class="post-time">
                            2023 Nov 04 14:31 (7 days 16 hours 58 minutes 43 seconds ago)
                        </td>
                        <td class="post-url">
                            https://scottswezey.com/always-paste-without-formatting-macos/
                        </td>
                    </tr>
                    <tr>
                        <td class="post-score">
                            1187
                        </td>
                        <td class="post-title">
                            Cosmopolitan Third Edition
                        </td>
                        <td class="post-type">
                            story
                        </td>
                        <td class="post-time">
                            2023 Nov 01 17:25 (10 days 14 hours 4 minutes 20 seconds ago)
                        </td>
                        <td class="post-url">
                            https://justine.lol/cosmo3/
                        </td>
                    </tr>
                    <tr>
                        <td class="post-score">
                            126
                        </td>
                        <td class="post-title">
                            Bibi-binary
                        </td>
                        <td class="post-type">
                            story
                        </td>
                        <td class="post-time">
                            2023 Nov 02 08:55 (9 days 22 hours 35 minutes ago)
                        </td>
                        <td class="post-url">
                            https://en.wikipedia.org/wiki/Bibi-binary
                        </td>
                    </tr>
                    <tr>
                        <td class="post-score">
                            57
                        </td>
                        <td class="post-title">
                            UK plans to redefine extremism to include undermining the country
                        </td>
                        <td class="post-type">
                            story
                        </td>
                        <td class="post-time">
                            2023 Nov 04 18:57 (7 days 12 hours 32 minutes 23 seconds ago)
                        </td>
                        <td class="post-url">
                            https://www.theguardian.com/uk-news/2023/nov/04/plans-to-redefine-extremism-would-include-undermining-uk-values
                        </td>
                    </tr>
                    <tr>
                        <td class="post-score">
                            453
                        </td>
                        <td class="post-title">
                            Light can make water evaporate without heat
                        </td>
                        <td class="post-type">
                            story
                        </td>
                        <td class="post-time">
                            2023 Nov 02 17:59 (9 days 13 hours 30 minutes 3 seconds ago)
                        </td>
                        <td class="post-url">
                            https://news.mit.edu/2023/surprising-finding-light-makes-water-evaporate-without-heat-1031
                        </td>
                    </tr>
                    <tr>
                        <td class="post-score">
                            13
                        </td>
                        <td class="post-title">
                            The Trust Principles
                        </td>
                        <td class="post-type">
                            story
                        </td>
                        <td class="post-time">
                            2023 Nov 04 14:32 (7 days 16 hours 57 minutes 57 seconds ago)
                        </td>
                        <td class="post-url">
                            https://www.thomsonreuters.com/en/about-us/trust-principles.html
                        </td>
                    </tr>
                    <tr>
                        <td class="post-score">
                            15
                        </td>
                        <td class="post-title">
                            Coding in Public: Help Battle Imposter Syndrome and Inspire Others
                        </td>
                        <td class="post-type">
                            story
                        </td>
                        <td class="post-time">
                            2023 Nov 04 11:58 (7 days 19 hours 31 minutes 59 seconds ago)
                        </td>
                        <td class="post-url">
                            https://www.codingtemple.com/blog/coding-in-public-help-battle-imposter-syndrome-and-inspire-others/
                        </td>
                    </tr>
                    <tr>
                        <td class="post-score">
                            257
                        </td>
                        <td class="post-title">
                            Software that supports your body should always respect your freedom
                        </td>
                        <td class="post-type">
                            story
                        </td>
                        <td class="post-time">
                            2023 Nov 04 17:26 (7 days 14 hours 3 minutes 1 second ago)
                        </td>
                        <td class="post-url">
                            https://www.fsf.org/blogs/community/software-that-supports-your-body-should-always-respect-your-freedom
                        </td>
                    </tr>
                    <tr>
                        <td class="post-score">
                            117
                        </td>
                        <td class="post-title">
                            Show HN: MicroLua ΓÇô Lua for the RP2040 Microcontroller
                        </td>
                        <td class="post-type">
                            story
                        </td>
                        <td class="post-time">
                            2023 Nov 03 18:45 (8 days 12 hours 44 minutes 56 seconds ago)
                        </td>
                        <td class="post-url">
                            https://github.com/MicroLua/MicroLua
                        </td>
                    </tr>
                    <tr>
                        <td class="post-score">
                            451
                        </td>
                        <td class="post-title">
                            Post Mortem on Cloudflare Control Plane and Analytics Outage
                        </td>
                        <td class="post-type">
                            story
                        </td>
                        <td class="post-time">
                            2023 Nov 04 06:20 (8 days 1 hour 9 minutes 19 seconds ago)
                        </td>
                        <td class="post-url">
                            https://blog.cloudflare.com/post-mortem-on-cloudflare-control-plane-and-analytics-outage/
                        </td>
                    </tr>
                    <tr>
                        <td class="post-score">
                            543
                        </td>
                        <td class="post-title">
                            Portugal. The Man ΓÇô Official Website Is a Google Sheets Document
                        </td>
                        <td class="post-type">
                            story
                        </td>
                        <td class="post-time">
                            2023 Nov 03 23:59 (8 days 7 hours 30 minutes 6 seconds ago)
                        </td>
                        <td class="post-url">
                            https://www.portugaltheman.com/?frontpage=true
                        </td>
                    </tr>
                    <tr>
                        <td class="post-score">
                            212
                        </td>
                        <td class="post-title">
                            M3 Macs: there's more to performance than counting cores
                        </td>
                        <td class="post-type">
                            story
                        </td>
                        <td class="post-time">
                            2023 Nov 03 07:59 (8 days 23 hours 30 minutes 10 seconds ago)
                        </td>
                        <td class="post-url">
                            https://eclecticlight.co/2023/11/03/m3-macs-theres-more-to-performance-than-counting-cores/
                        </td>
                    </tr>
                    <tr>
                        <td class="post-score">
                            43
                        </td>
                        <td class="post-title">
                            What is a Teddy Roosevelt presidential library doing in North Dakota?
                        </td>
                        <td class="post-type">
                            story
                        </td>
                        <td class="post-time">
                            2023 Nov 03 19:14 (8 days 12 hours 15 minutes 17 seconds ago)
                        </td>
                        <td class="post-url">
                            https://www.nytimes.com/2023/10/27/arts/theodore-roosevelt-presidential-library.html
                        </td>
                    </tr>
                    <tr>
                        <td class="post-score">
                            5
                        </td>
                        <td class="post-title">
                            You Are Not Late (2014)
                        </td>
                        <td class="post-type">
                            story
                        </td>
                        <td class="post-time">
                            2023 Nov 04 15:26 (7 days 16 hours 3 minutes 43 seconds ago)
                        </td>
                        <td class="post-url">
                            https://kk.org/thetechnium/you-are-not-late/
                        </td>
                    </tr>
                    <tr>
                        <td class="post-score">
                            156
                        </td>
                        <td class="post-title">
                            Shinzo Abe's Assassination
                        </td>
                        <td class="post-type">
                            story
                        </td>
                        <td class="post-time">
                            2023 Nov 04 13:07 (7 days 18 hours 22 minutes 15 seconds ago)
                        </td>
                        <td class="post-url">
                            https://www.theatlantic.com/magazine/archive/2023/10/shinzo-abe-assassination-japan-unification-church-moonies/675114/
                        </td>
                    </tr>
                    <tr>
                        <td class="post-score">
                            101
                        </td>
                        <td class="post-title">
                            Sometimes, it is a compiler bug (2022)
                        </td>
                        <td class="post-type">
                            story
                        </td>
                        <td class="post-time">
                            2023 Nov 04 03:46 (8 days 3 hours 43 minutes 49 seconds ago)
                        </td>
                        <td class="post-url">
                            https://quick-lint-js.com/blog/bug-journey/
                        </td>
                    </tr>
                    <tr>
                        <td class="post-score">
                            154
                        </td>
                        <td class="post-title">
                            Guide to Adopting AV1 Encoding
                        </td>
                        <td class="post-type">
                            story
                        </td>
                        <td class="post-time">
                            2023 Nov 03 15:17 (8 days 16 hours 12 minutes 15 seconds ago)
                        </td>
                        <td class="post-url">
                            https://bitmovin.com/av1/av1-encoding-guide/
                        </td>
                    </tr>
                    <tr>
                        <td class="post-score">
                            7
                        </td>
                        <td class="post-title">
                            Ask HN: Where do you get your health news?
                        </td>
                        <td class="post-type">
                            story
                        </td>
                        <td class="post-time">
                            2023 Nov 05 00:57 (7 days 6 hours 32 minutes 4 seconds ago)
                        </td>
                        <td class="post-url">
                            
                        </td>
                    </tr>
                    <tr>
                        <td class="post-score">
                            37
                        </td>
                        <td class="post-title">
                            Mass producing the most expensive rice cooker [video]
                        </td>
                        <td class="post-type">
                            story
                        </td>
                        <td class="post-time">
                            2023 Nov 04 16:33 (7 days 14 hours 56 minutes 20 seconds ago)
                        </td>
                        <td class="post-url">
                            https://www.youtube.com/watch?v=xLCwr8qG1p4
                        </td>
                    </tr>
                    <tr>
                        <td class="post-score">
                            32
                        </td>
                        <td class="post-title">
                            Codec Royalties on Content and the Jaws Moment
                        </td>
                        <td class="post-type">
                            story
                        </td>
                        <td class="post-time">
                            2023 Nov 03 21:07 (8 days 10 hours 22 minutes 1 second ago)
                        </td>
                        <td class="post-url">
                            https://streaminglearningcenter.com/codecs/codec-royalties-on-content.html
                        </td>
                    </tr>
                    <tr>
                        <td class="post-score">
                            139
                        </td>
                        <td class="post-title">
                            Louis Armstrong's Last Word
                        </td>
                        <td class="post-type">
                            story
                        </td>
                        <td class="post-time">
                            2023 Nov 02 20:16 (9 days 11 hours 13 minutes 25 seconds ago)
                        </td>
                        <td class="post-url">
                            https://www.thenation.com/article/culture/louis-armstrong-archive/
                        </td>
                    </tr>
                    <tr>
                        <td class="post-score">
                            111
                        </td>
                        <td class="post-title">
                            The Sega Hitachi HiSaturn Navi Console
                        </td>
                        <td class="post-type">
                            story
                        </td>
                        <td class="post-time">
                            2023 Nov 03 22:43 (8 days 8 hours 46 minutes 22 seconds ago)
                        </td>
                        <td class="post-url">
                            https://nfggames.com/games/hisaturn/
                        </td>
                    </tr>
                    <tr>
                        <td class="post-score">
                            124
                        </td>
                        <td class="post-title">
                            My experience taking Tesla to court about FSD
                        </td>
                        <td class="post-type">
                            story
                        </td>
                        <td class="post-time">
                            2023 Nov 05 00:23 (7 days 7 hours 6 minutes 20 seconds ago)
                        </td>
                        <td class="post-url">
                            https://teslamotorsclub.com/tmc/threads/my-experience-taking-tesla-to-court-about-fsd.315086/
                        </td>
                    </tr>
                    <tr>
                        <td class="post-score">
                            179
                        </td>
                        <td class="post-title">
                            Pix2tex: Using a ViT to convert images of equations into LaTeX code
                        </td>
                        <td class="post-type">
                            story
                        </td>
                        <td class="post-time">
                            2023 Nov 03 10:17 (8 days 21 hours 12 minutes 57 seconds ago)
                        </td>
                        <td class="post-url">
                            https://github.com/lukas-blecher/LaTeX-OCR
                        </td>
                    </tr>
                    <tr>
                        <td class="post-score">
                            470
                        </td>
                        <td class="post-title">
                            Talk-Llama
                        </td>
                        <td class="post-type">
                            story
                        </td>
                        <td class="post-time">
                            2023 Nov 02 07:32 (9 days 23 hours 57 minutes 27 seconds ago)
                        </td>
                        <td class="post-url">
                            https://github.com/ggerganov/whisper.cpp/tree/master/examples/talk-llama
                        </td>
                    </tr>
                    <tr>
                        <td class="post-score">
                            145
                        </td>
                        <td class="post-title">
                            Cooperative C++ Evolution ΓÇô Toward a TypeScript for C++
                        </td>
                        <td class="post-type">
                            story
                        </td>
                        <td class="post-time">
                            2023 Nov 04 13:30 (7 days 17 hours 59 minutes 20 seconds ago)
                        </td>
                        <td class="post-url">
                            https://herbsutter.com/2023/10/09/my-new-cppcon-talk-is-on-youtube-cooperative-c-evolution-toward-a-typescript-for-c/
                        </td>
                    </tr>
                    <tr>
                        <td class="post-score">
                            35
                        </td>
                        <td class="post-title">
                            The StahlDream
                        </td>
                        <td class="post-type">
                            story
                        </td>
                        <td class="post-time">
                            2023 Nov 04 01:18 (8 days 6 hours 11 minutes 11 seconds ago)
                        </td>
                        <td class="post-url">
                            https://remexre.com/stahl/dream
                        </td>
                    </tr>
                    <tr>
                        <td class="post-score">
                            112
                        </td>
                        <td class="post-title">
                            Frink is a programming language designed to make physical calculations simple
                        </td>
                        <td class="post-type">
                            story
                        </td>
                        <td class="post-time">
                            2023 Nov 03 06:36 (9 days 53 minutes 7 seconds ago)
                        </td>
                        <td class="post-url">
                            https://frinklang.org/
                        </td>
                    </tr>
                    <tr>
                        <td class="post-score">
                            38
                        </td>
                        <td class="post-title">
                            SBF Is Headed to Prison but FTX Will Haunt the Crypto Community for Years
                        </td>
                        <td class="post-type">
                            story
                        </td>
                        <td class="post-time">
                            2023 Nov 05 01:59 (7 days 5 hours 30 minutes 27 seconds ago)
                        </td>
                        <td class="post-url">
                            https://gizmodo.com/ftx-fbi-sam-bankman-fried-cryptocurrency-data-1850990825
                        </td>
                    </tr>
                    <tr>
                        <td class="post-score">
                            59
                        </td>
                        <td class="post-title">
                            Yorick is an interpreted programming language for scientific simulations
                        </td>
                        <td class="post-type">
                            story
                        </td>
                        <td class="post-time">
                            2023 Nov 03 21:00 (8 days 10 hours 29 minutes 59 seconds ago)
                        </td>
                        <td class="post-url">
                            https://yorick.sourceforge.net/
                        </td>
                    </tr>
                    <tr>
                        <td class="post-score">
                            149
                        </td>
                        <td class="post-title">
                            Starfish bodies arenΓÇÖt bodies at all, study finds
                        </td>
                        <td class="post-type">
                            story
                        </td>
                        <td class="post-time">
                            2023 Nov 04 13:54 (7 days 17 hours 35 minutes 34 seconds ago)
                        </td>
                        <td class="post-url">
                            https://www.cnn.com/2023/11/02/world/starfish-head-body-plan-scn/index.html
                        </td>
                    </tr>
                    <tr>
                        <td class="post-score">
                            7
                        </td>
                        <td class="post-title">
                            SFML 2.6.1
                        </td>
                        <td class="post-type">
                            story
                        </td>
                        <td class="post-time">
                            2023 Nov 04 21:24 (7 days 10 hours 5 minutes 44 seconds ago)
                        </td>
                        <td class="post-url">
                            https://github.com/SFML/SFML/releases/tag/2.6.1
                        </td>
                    </tr>
                    <tr>
                        <td class="post-score">
                            21
                        </td>
                        <td class="post-title">
                            Running Mod_Perl with Mojolicious in Docker
                        </td>
                        <td class="post-type">
                            story
                        </td>
                        <td class="post-time">
                            2023 Nov 03 23:02 (8 days 8 hours 27 minutes 41 seconds ago)
                        </td>
                        <td class="post-url">
                            https://rawley.xyz/docker-mod-perl.html
                        </td>
                    </tr>
                    <tr>
                        <td class="post-score">
                            67
                        </td>
                        <td class="post-title">
                            The Great Inflation
                        </td>
                        <td class="post-type">
                            story
                        </td>
                        <td class="post-time">
                            2023 Nov 04 14:42 (7 days 16 hours 47 minutes 33 seconds ago)
                        </td>
                        <td class="post-url">
                            https://www.federalreservehistory.org/essays/great-inflation
                        </td>
                    </tr>
                    <tr>
                        <td class="post-score">
                            174
                        </td>
                        <td class="post-title">
                            MetNet-3: A state-of-the-art neural weather model
                        </td>
                        <td class="post-type">
                            story
                        </td>
                        <td class="post-time">
                            2023 Nov 03 00:34 (9 days 6 hours 55 minutes 20 seconds ago)
                        </td>
                        <td class="post-url">
                            https://blog.research.google/2023/11/metnet-3-state-of-art-neural-weather.html?m=1
                        </td>
                    </tr>
                    <tr>
                        <td class="post-score">
                            264
                        </td>
                        <td class="post-title">
                            From S3 to R2: An economic opportunity
                        </td>
                        <td class="post-type">
                            story
                        </td>
                        <td class="post-time">
                            2023 Nov 02 19:15 (9 days 12 hours 14 minutes 15 seconds ago)
                        </td>
                        <td class="post-url">
                            https://dansdatathoughts.substack.com/p/from-s3-to-r2-an-economic-opportunity
                        </td>
                    </tr>
                    <tr>
                        <td class="post-score">
                            481
                        </td>
                        <td class="post-title">
                            Ask HN: Who is hiring? (November 2023)
                        </td>
                        <td class="post-type">
                            story
                        </td>
                        <td class="post-time">
                            2023 Nov 01 15:00 (10 days 16 hours 29 minutes 17 seconds ago)
                        </td>
                        <td class="post-url">
                            
                        </td>
                    </tr>
                    <tr>
                        <td class="post-score">
                            208
                        </td>
                        <td class="post-title">
                            Course using F#: Write your own tiny programming system(s)
                        </td>
                        <td class="post-type">
                            story
                        </td>
                        <td class="post-time">
                            2023 Nov 02 21:41 (9 days 9 hours 48 minutes 57 seconds ago)
                        </td>
                        <td class="post-url">
                            https://d3s.mff.cuni.cz/teaching/nprg077/
                        </td>
                    </tr>
                    <tr>
                        <td class="post-score">
                            11
                        </td>
                        <td class="post-title">
                            Astra, low on cash, defaults on loan
                        </td>
                        <td class="post-type">
                            story
                        </td>
                        <td class="post-time">
                            2023 Nov 04 20:16 (7 days 11 hours 13 minutes 49 seconds ago)
                        </td>
                        <td class="post-url">
                            https://spacenews.com/astra-low-on-cash-defaults-on-loan/
                        </td>
                    </tr>
                    <tr>
                        <td class="post-score">
                            204
                        </td>
                        <td class="post-title">
                            Maersk to cut 10k jobs as shipping demand drops
                        </td>
                        <td class="post-type">
                            story
                        </td>
                        <td class="post-time">
                            2023 Nov 04 04:39 (8 days 2 hours 50 minutes 14 seconds ago)
                        </td>
                        <td class="post-url">
                            https://www.reuters.com/business/shipping-giant-maersk-q3-above-expectation-sees-fy-lower-end-range-2023-11-03/
                        </td>
                    </tr>
                    <tr>
                        <td class="post-score">
                            52
                        </td>
                        <td class="post-title">
                            Welcome to the New GamersNexus Website v5.0: A Message
                        </td>
                        <td class="post-type">
                            story
                        </td>
                        <td class="post-time">
                            2023 Nov 04 21:16 (7 days 10 hours 13 minutes 49 seconds ago)
                        </td>
                        <td class="post-url">
                            https://gamersnexus.net/gn-extras/welcome-new-gamersnexus-website-v50-message
                        </td>
                    </tr>
                    <tr>
                        <td class="post-score">
                            252
                        </td>
                        <td class="post-title">
                            How to stop adulterated turmeric from killing people
                        </td>
                        <td class="post-type">
                            story
                        </td>
                        <td class="post-time">
                            2023 Nov 04 07:59 (7 days 23 hours 30 minutes 12 seconds ago)
                        </td>
                        <td class="post-url">
                            https://www.economist.com/leaders/2023/11/02/how-to-stop-turmeric-from-killing-people
                        </td>
                    </tr>
                    <tr>
                        <td class="post-score">
                            38
                        </td>
                        <td class="post-title">
                            The Miracle of Photography
                        </td>
                        <td class="post-type">
                            story
                        </td>
                        <td class="post-time">
                            2023 Nov 03 17:46 (8 days 13 hours 43 minutes 21 seconds ago)
                        </td>
                        <td class="post-url">
                            https://themillions.com/2023/11/the-miracle-of-photography.html
                        </td>
                    </tr>
                    <tr>
                        <td class="post-score">
                            71
                        </td>
                        <td class="post-title">
                            Edison Bulb Night Mode
                        </td>
                        <td class="post-type">
                            story
                        </td>
                        <td class="post-time">
                            2023 Nov 03 22:29 (8 days 9 hours 58 seconds ago)
                        </td>
                        <td class="post-url">
                            https://www.petemillspaugh.com/edison-bulb
                        </td>
                    </tr>
                    <tr>
                        <td class="post-score">
                            155
                        </td>
                        <td class="post-title">
                            RegEx Crossword (2013)
                        </td>
                        <td class="post-type">
                            story
                        </td>
                        <td class="post-time">
                            2023 Nov 02 10:30 (9 days 20 hours 59 minutes 57 seconds ago)
                        </td>
                        <td class="post-url">
                            https://jimbly.github.io/regex-crossword/
                        </td>
                    </tr>
                    <tr>
                        <td class="post-score">
                            65
                        </td>
                        <td class="post-title">
                            CPU-Z's Inadequate Benchmark
                        </td>
                        <td class="post-type">
                            story
                        </td>
                        <td class="post-time">
                            2023 Nov 04 00:27 (8 days 7 hours 2 minutes 11 seconds ago)
                        </td>
                        <td class="post-url">
                            https://chipsandcheese.com/2023/11/03/cpu-zs-inadequate-benchmark/
                        </td>
                    </tr>
                    <tr>
                        <td class="post-score">
                            29
                        </td>
                        <td class="post-title">
                            DEA Launches Crack Down on San Francisco Fentanyl Dealing
                        </td>
                        <td class="post-type">
                            story
                        </td>
                        <td class="post-time">
                            2023 Nov 04 23:44 (7 days 7 hours 45 minutes 11 seconds ago)
                        </td>
                        <td class="post-url">
                            https://abc7news.com/sf-fentanyl-drug-dealers-all-hands-of-deck-operation-sfpd/14006658/
                        </td>
                    </tr>
                    <tr>
                        <td class="post-score">
                            205
                        </td>
                        <td class="post-title">
                            Uranium demand hits decade high as nuclear renaissance gains traction
                        </td>
                        <td class="post-type">
                            story
                        </td>
                        <td class="post-time">
                            2023 Nov 04 00:11 (8 days 7 hours 18 minutes 3 seconds ago)
                        </td>
                        <td class="post-url">
                            https://oilprice.com/The-Environment/Global-Warming/Uranium-Demand-Hits-Decade-High-As-Nuclear-Renaissance-Gains-Traction.html
                        </td>
                    </tr>
                    <tr>
                        <td class="post-score">
                            56
                        </td>
                        <td class="post-title">
                            Accelerating digital block design with Google's open source Mid-Level Synthesis
                        </td>
                        <td class="post-type">
                            story
                        </td>
                        <td class="post-time">
                            2023 Nov 03 19:53 (8 days 11 hours 36 minutes 51 seconds ago)
                        </td>
                        <td class="post-url">
                            https://antmicro.com/blog/2023/09/accelerating-digital-block-design-with-googles-xls/
                        </td>
                    </tr>
                    <tr>
                        <td class="post-score">
                            26
                        </td>
                        <td class="post-title">
                            Show HN: Cami.js ΓÇô A No Build, Web Component Based Reactive Framework
                        </td>
                        <td class="post-type">
                            story
                        </td>
                        <td class="post-time">
                            2023 Nov 04 18:33 (7 days 12 hours 56 minutes 24 seconds ago)
                        </td>
                        <td class="post-url">
                            https://github.com/kennyfrc/cami.js
                        </td>
                    </tr>
                    <tr>
                        <td class="post-score">
                            177
                        </td>
                        <td class="post-title">
                            Why You Should Write Your Own Static Site Generator
                        </td>
                        <td class="post-type">
                            story
                        </td>
                        <td class="post-time">
                            2023 Nov 03 09:10 (8 days 22 hours 19 minutes 27 seconds ago)
                        </td>
                        <td class="post-url">
                            https://arne.me/articles/write-your-own-ssg
                        </td>
                    </tr>
                    <tr>
                        <td class="post-score">
                            12
                        </td>
                        <td class="post-title">
                            GiNaC: Open framework for symbolic computation within C++ programming language
                        </td>
                        <td class="post-type">
                            story
                        </td>
                        <td class="post-time">
                            2023 Nov 04 03:25 (8 days 4 hours 4 minutes 34 seconds ago)
                        </td>
                        <td class="post-url">
                            https://www.ginac.de/tutorial/
                        </td>
                    </tr>
                    <tr>
                        <td class="post-score">
                            39
                        </td>
                        <td class="post-title">
                            Liblinux ΓÇô architecture-independent access to Linux system calls
                        </td>
                        <td class="post-type">
                            story
                        </td>
                        <td class="post-time">
                            2023 Nov 03 08:47 (8 days 22 hours 42 minutes 47 seconds ago)
                        </td>
                        <td class="post-url">
                            https://github.com/matheusmoreira/liblinux
                        </td>
                    </tr>
                    <tr>
                        <td class="post-score">
                            111
                        </td>
                        <td class="post-title">
                            Enable ARMv9 Memory Tagging Extension (MTE) on Pixel 8
                        </td>
                        <td class="post-type">
                            story
                        </td>
                        <td class="post-time">
                            2023 Nov 03 06:55 (9 days 34 minutes 38 seconds ago)
                        </td>
                        <td class="post-url">
                            https://outflux.net/blog/archives/2023/10/26/enable-mte-on-pixel-8/
                        </td>
                    </tr>
                    <tr>
                        <td class="post-score">
                            56
                        </td>
                        <td class="post-title">
                            Why is RC Cola popular in Tajikistan?
                        </td>
                        <td class="post-type">
                            story
                        </td>
                        <td class="post-time">
                            2023 Nov 03 20:07 (8 days 11 hours 22 minutes 14 seconds ago)
                        </td>
                        <td class="post-url">
                            https://www.snackstack.net/p/why-is-rc-cola-popular-in-tajikistan
                        </td>
                    </tr>
                    <tr>
                        <td class="post-score">
                            7
                        </td>
                        <td class="post-title">
                            Show HN: I started building yet another CSS framework
                        </td>
                        <td class="post-type">
                            story
                        </td>
                        <td class="post-time">
                            2023 Nov 04 08:55 (7 days 22 hours 34 minutes 46 seconds ago)
                        </td>
                        <td class="post-url">
                            https://eternityforest.github.io/barrel.css/
                        </td>
                    </tr>
                    <tr>
                        <td class="post-score">
                            85
                        </td>
                        <td class="post-title">
                            How to help someone use a computer (1996)
                        </td>
                        <td class="post-type">
                            story
                        </td>
                        <td class="post-time">
                            2023 Nov 03 08:46 (8 days 22 hours 43 minutes 16 seconds ago)
                        </td>
                        <td class="post-url">
                            https://pages.gseis.ucla.edu/faculty/agre/how-to-help.html
                        </td>
                    </tr>
                    <tr>
                        <td class="post-score">
                            193
                        </td>
                        <td class="post-title">
                            Is there anywhere in the world someone can just live for free?
                        </td>
                        <td class="post-type">
                            story
                        </td>
                        <td class="post-time">
                            2023 Nov 04 08:57 (7 days 22 hours 32 minutes 38 seconds ago)
                        </td>
                        <td class="post-url">
                            https://reddit.com/r/NoStupidQuestions/comments/17mvukd/is_there_anywhere_in_the_world_someone_can_just/
                        </td>
                    </tr>
                    <tr>
                        <td class="post-score">
                            84
                        </td>
                        <td class="post-title">
                            First Handset with MTE on the Market
                        </td>
                        <td class="post-type">
                            story
                        </td>
                        <td class="post-time">
                            2023 Nov 03 22:03 (8 days 9 hours 26 minutes 22 seconds ago)
                        </td>
                        <td class="post-url">
                            https://googleprojectzero.blogspot.com/2023/11/first-handset-with-mte-on-market.html
                        </td>
                    </tr>
                    <tr>
                        <td class="post-score">
                            59
                        </td>
                        <td class="post-title">
                            Cats Make Nearly 300 Different Facial Expressions
                        </td>
                        <td class="post-type">
                            story
                        </td>
                        <td class="post-time">
                            2023 Nov 04 21:38 (7 days 9 hours 52 minutes ago)
                        </td>
                        <td class="post-url">
                            https://www.smithsonianmag.com/smart-news/cats-make-nearly-300-different-facial-expressions-180983185/
                        </td>
                    </tr>
                    <tr>
                        <td class="post-score">
                            147
                        </td>
                        <td class="post-title">
                            Email.radio ΓÇô Free Email Domain for Licensed Ham Radio Operators
                        </td>
                        <td class="post-type">
                            story
                        </td>
                        <td class="post-time">
                            2023 Nov 03 02:10 (9 days 5 hours 19 minutes 5 seconds ago)
                        </td>
                        <td class="post-url">
                            https://email.radio/
                        </td>
                    </tr>
                    <tr>
                        <td class="post-score">
                            666
                        </td>
                        <td class="post-title">
                            macOS Sonoma Boot Failures
                        </td>
                        <td class="post-type">
                            story
                        </td>
                        <td class="post-time">
                            2023 Oct 31 18:33 (11 days 12 hours 56 minutes 8 seconds ago)
                        </td>
                        <td class="post-url">
                            https://github.com/AsahiLinux/docs/wiki/macOS-Sonoma-Boot-Failures
                        </td>
                    </tr>
                    <tr>
                        <td class="post-score">
                            98
                        </td>
                        <td class="post-title">
                            Telnet BBS Guide
                        </td>
                        <td class="post-type">
                            story
                        </td>
                        <td class="post-time">
                            2023 Nov 03 23:29 (8 days 8 hours 49 seconds ago)
                        </td>
                        <td class="post-url">
                            https://www.telnetbbsguide.com/
                        </td>
                    </tr>
                    <tr>
                        <td class="post-score">
                            69
                        </td>
                        <td class="post-title">
                            Discord will switch to temporary file links to block malware delivery
                        </td>
                        <td class="post-type">
                            story
                        </td>
                        <td class="post-time">
                            2023 Nov 04 19:11 (7 days 12 hours 18 minutes 56 seconds ago)
                        </td>
                        <td class="post-url">
                            https://www.bleepingcomputer.com/news/security/discord-will-switch-to-temporary-file-links-to-block-malware-delivery/
                        </td>
                    </tr>
                    <tr>
                        <td class="post-score">
                            201
                        </td>
                        <td class="post-title">
                            Podman Desktop v1.5 with Compose onboarding and enhanced Kubernetes pod data
                        </td>
                        <td class="post-type">
                            story
                        </td>
                        <td class="post-time">
                            2023 Nov 03 19:39 (8 days 11 hours 50 minutes 57 seconds ago)
                        </td>
                        <td class="post-url">
                            https://podman-desktop.io/blog/podman-desktop-release-1.5
                        </td>
                    </tr>
                    <tr>
                        <td class="post-score">
                            199
                        </td>
                        <td class="post-title">
                            Okta hit by third-party breach, stealing employee data
                        </td>
                        <td class="post-type">
                            story
                        </td>
                        <td class="post-time">
                            2023 Nov 03 16:15 (8 days 15 hours 14 minutes 47 seconds ago)
                        </td>
                        <td class="post-url">
                            https://arstechnica.com/security/2023/11/okta-hit-by-another-breach-this-one-stealing-employee-data-from-3rd-party-vendor/
                        </td>
                    </tr>
                    <tr>
                        <td class="post-score">
                            124
                        </td>
                        <td class="post-title">
                            If you plant milkweed, they will come
                        </td>
                        <td class="post-type">
                            story
                        </td>
                        <td class="post-time">
                            2023 Nov 03 00:21 (9 days 7 hours 8 minutes 52 seconds ago)
                        </td>
                        <td class="post-url">
                            https://www.nytimes.com/2023/10/25/realestate/gardening-milkweed-plants-butterflies.html
                        </td>
                    </tr>
                    <tr>
                        <td class="post-score">
                            31
                        </td>
                        <td class="post-title">
                            Things I like about Zig as a Go Programmer
                        </td>
                        <td class="post-type">
                            story
                        </td>
                        <td class="post-time">
                            2023 Nov 04 16:38 (7 days 14 hours 51 minutes 26 seconds ago)
                        </td>
                        <td class="post-url">
                            https://medium.com/@vladimirvivien/things-i-like-about-zig-as-a-go-programmer-75eb02aab00f
                        </td>
                    </tr>
                    <tr>
                        <td class="post-score">
                            9
                        </td>
                        <td class="post-title">
                            Upgrading my Chumby 8 kernel part 7: touchscreen
                        </td>
                        <td class="post-type">
                            story
                        </td>
                        <td class="post-time">
                            2023 Nov 03 23:57 (8 days 7 hours 32 minutes 5 seconds ago)
                        </td>
                        <td class="post-url">
                            https://www.downtowndougbrown.com/2023/11/upgrading-my-chumby-8-kernel-part-7-touchscreen/
                        </td>
                    </tr>
                    <tr>
                        <td class="post-score">
                            114
                        </td>
                        <td class="post-title">
                            Embracing community helps us live longer, and be happier (2017)
                        </td>
                        <td class="post-type">
                            story
                        </td>
                        <td class="post-time">
                            2023 Nov 03 19:58 (8 days 11 hours 31 minutes 30 seconds ago)
                        </td>
                        <td class="post-url">
                            https://news.harvard.edu/gazette/story/2017/04/over-nearly-80-years-harvard-study-has-been-showing-how-to-live-a-healthy-and-happy-life/
                        </td>
                    </tr>
                    <tr>
                        <td class="post-score">
                            221
                        </td>
                        <td class="post-title">
                            Joint statement of scientists and NGOs on the EUΓÇÖs proposed eIDAS reform
                        </td>
                        <td class="post-type">
                            story
                        </td>
                        <td class="post-time">
                            2023 Nov 03 11:08 (8 days 20 hours 21 minutes 18 seconds ago)
                        </td>
                        <td class="post-url">
                            https://eidas-open-letter.org/
                        </td>
                    </tr>
                    <tr>
                        <td class="post-score">
                            3
                        </td>
                        <td class="post-title">
                            A guide to home row mods with QMK
                        </td>
                        <td class="post-type">
                            story
                        </td>
                        <td class="post-time">
                            2023 Nov 04 11:21 (7 days 20 hours 8 minutes 20 seconds ago)
                        </td>
                        <td class="post-url">
                            https://precondition.github.io/home-row-mods
                        </td>
                    </tr>
                    <tr>
                        <td class="post-score">
                            14
                        </td>
                        <td class="post-title">
                            Geospatial Technology Radar 2023
                        </td>
                        <td class="post-type">
                            story
                        </td>
                        <td class="post-time">
                            2023 Nov 03 20:03 (8 days 11 hours 26 minutes 27 seconds ago)
                        </td>
                        <td class="post-url">
                            https://element84.com/geospatial-tech-radar-23
                        </td>
                    </tr>
                    <tr>
                        <td class="post-score">
                            49
                        </td>
                        <td class="post-title">
                            HBO CEO Confesses to Trolling Critics with Fake Tweets: Rolling Stone
                        </td>
                        <td class="post-type">
                            story
                        </td>
                        <td class="post-time">
                            2023 Nov 04 06:19 (8 days 1 hour 10 minutes 1 second ago)
                        </td>
                        <td class="post-url">
                            https://www.rollingstone.com/tv-movies/tv-movie-news/hbo-ceo-casey-bloys-confesses-trolling-critics-fake-twitter-accounts-dumb-idea-1234868710/
                        </td>
                    </tr>
                    <tr>
                        <td class="post-score">
                            124
                        </td>
                        <td class="post-title">
                            Ken Mattingly, astronaut scrubbed from Apollo 13, has died
                        </td>
                        <td class="post-type">
                            story
                        </td>
                        <td class="post-time">
                            2023 Nov 03 05:48 (9 days 1 hour 41 minutes 22 seconds ago)
                        </td>
                        <td class="post-url">
                            https://www.nytimes.com/2023/11/02/science/space/ken-mattingly-dead.html
                        </td>
                    </tr>
                    <tr>
                        <td class="post-score">
                            146
                        </td>
                        <td class="post-title">
                            How big data carried graph theory into new dimensions
                        </td>
                        <td class="post-type">
                            story
                        </td>
                        <td class="post-time">
                            2023 Nov 02 21:33 (9 days 9 hours 56 minutes 11 seconds ago)
                        </td>
                        <td class="post-url">
                            https://www.quantamagazine.org/how-big-data-carried-graph-theory-into-new-dimensions-20210819/
                        </td>
                    </tr>
                    <tr>
                        <td class="post-score">
                            235
                        </td>
                        <td class="post-title">
                            Lemming Suicide Myth: Disney Film Faked Bogus Behavior
                        </td>
                        <td class="post-type">
                            story
                        </td>
                        <td class="post-time">
                            2023 Nov 01 22:47 (10 days 8 hours 42 minutes 2 seconds ago)
                        </td>
                        <td class="post-url">
                            https://www.adfg.alaska.gov/index.cfm?adfg=wildlifenews.view_article&articles_id=56
                        </td>
                    </tr>
                    <tr>
                        <td class="post-score">
                            22
                        </td>
                        <td class="post-title">
                            The Future of RSS Is Textcasting
                        </td>
                        <td class="post-type">
                            story
                        </td>
                        <td class="post-time">
                            2023 Nov 03 19:11 (8 days 12 hours 18 minutes 40 seconds ago)
                        </td>
                        <td class="post-url">
                            https://kottke.org/23/11/the-future-of-rss-is-textcasting-1
                        </td>
                    </tr>
                    <tr>
                        <td class="post-score">
                            113
                        </td>
                        <td class="post-title">
                            Auto industry executives admit electric vehicle plans are in jeopardy
                        </td>
                        <td class="post-type">
                            story
                        </td>
                        <td class="post-time">
                            2023 Nov 02 22:26 (9 days 9 hours 3 minutes 11 seconds ago)
                        </td>
                        <td class="post-url">
                            https://www.businessinsider.com/auto-executives-coming-clean-evs-arent-working-2023-10
                        </td>
                    </tr>
                    <tr>
                        <td class="post-score">
                            591
                        </td>
                        <td class="post-title">
                            Confusing Git Terminology
                        </td>
                        <td class="post-type">
                            story
                        </td>
                        <td class="post-time">
                            2023 Nov 02 13:05 (9 days 18 hours 24 minutes 27 seconds ago)
                        </td>
                        <td class="post-url">
                            https://jvns.ca/blog/2023/11/01/confusing-git-terminology/
                        </td>
                    </tr>
                    <tr>
                        <td class="post-score">
                            645
                        </td>
                        <td class="post-title">
                            Copying Angry Birds with nothing but AI
                        </td>
                        <td class="post-type">
                            story
                        </td>
                        <td class="post-time">
                            2023 Oct 31 18:27 (11 days 13 hours 2 minutes 45 seconds ago)
                        </td>
                        <td class="post-url">
                            https://twitter.com/javilopen/status/1719363262179938401
                        </td>
                    </tr>
                    <tr>
                        <td class="post-score">
                            146
                        </td>
                        <td class="post-title">
                            Hyphens, minus, and dashes in Debian man pages
                        </td>
                        <td class="post-type">
                            story
                        </td>
                        <td class="post-time">
                            2023 Nov 02 23:13 (9 days 8 hours 16 minutes 8 seconds ago)
                        </td>
                        <td class="post-url">
                            https://lwn.net/Articles/947941/
                        </td>
                    </tr>
                    <tr>
                        <td class="post-score">
                            91
                        </td>
                        <td class="post-title">
                            The Anthropogenic Salt Cycle
                        </td>
                        <td class="post-type">
                            story
                        </td>
                        <td class="post-time">
                            2023 Nov 03 12:21 (8 days 19 hours 8 minutes 40 seconds ago)
                        </td>
                        <td class="post-url">
                            https://www.nature.com/articles/s43017-023-00485-y
                        </td>
                    </tr>
                    <tr>
                        <td class="post-score">
                            117
                        </td>
                        <td class="post-title">
                            When to Shut Up: A Visual Guide (With Included Algorithm)
                        </td>
                        <td class="post-type">
                            story
                        </td>
                        <td class="post-time">
                            2023 Nov 04 12:24 (7 days 19 hours 5 minutes 42 seconds ago)
                        </td>
                        <td class="post-url">
                            https://shaungallagher.pressbin.com/blog/shut-up.html
                        </td>
                    </tr>
                    <tr>
                        <td class="post-score">
                            297
                        </td>
                        <td class="post-title">
                            macOS Sonoma Broke Grep
                        </td>
                        <td class="post-type">
                            story
                        </td>
                        <td class="post-time">
                            2023 Nov 01 20:24 (10 days 11 hours 5 minutes 38 seconds ago)
                        </td>
                        <td class="post-url">
                            https://developer.apple.com/forums/thread/738862
                        </td>
                    </tr>
                    <tr>
                        <td class="post-score">
                            335
                        </td>
                        <td class="post-title">
                            How Bear does analytics with CSS
                        </td>
                        <td class="post-type">
                            story
                        </td>
                        <td class="post-time">
                            2023 Nov 01 08:08 (10 days 23 hours 21 minutes 51 seconds ago)
                        </td>
                        <td class="post-url">
                            https://herman.bearblog.dev/how-bear-does-analytics-with-css/
                        </td>
                    </tr>
                    <tr>
                        <td class="post-score">
                            87
                        </td>
                        <td class="post-title">
                            Everything We Know About 1970s Mainframe RPGs We Can No Longer Play
                        </td>
                        <td class="post-type">
                            story
                        </td>
                        <td class="post-time">
                            2023 Nov 02 22:31 (9 days 8 hours 58 minutes 44 seconds ago)
                        </td>
                        <td class="post-url">
                            http://crpgaddict.blogspot.com/2021/06/brief-everything-we-know-about-1970s.html
                        </td>
                    </tr>
                    <tr>
                        <td class="post-score">
                            200
                        </td>
                        <td class="post-title">
                            The business of extracting knowledge from academic publications
                        </td>
                        <td class="post-type">
                            story
                        </td>
                        <td class="post-time">
                            2023 Nov 01 21:52 (10 days 9 hours 37 minutes 1 second ago)
                        </td>
                        <td class="post-url">
                            https://www.theseedsofscience.pub/p/the-business-of-extracting-knowledge
                        </td>
                    </tr>
                    <tr>
                        <td class="post-score">
                            244
                        </td>
                        <td class="post-title">
                            Window-swap ΓÇô open a new window somewhere in the world
                        </td>
                        <td class="post-type">
                            story
                        </td>
                        <td class="post-time">
                            2023 Nov 02 01:16 (10 days 6 hours 13 minutes 38 seconds ago)
                        </td>
                        <td class="post-url">
                            https://www.window-swap.com/
                        </td>
                    </tr>
                    <tr>
                        <td class="post-score">
                            80
                        </td>
                        <td class="post-title">
                            AMD Unveils Ryzen Mobile 7040U Series with Zen 4c Efficiency Cores
                        </td>
                        <td class="post-type">
                            story
                        </td>
                        <td class="post-time">
                            2023 Nov 03 10:52 (8 days 20 hours 37 minutes 9 seconds ago)
                        </td>
                        <td class="post-url">
                            https://www.anandtech.com/show/21111/amd-unveils-ryzen-7040u-series-with-zen-4c-smaller-cores-bigger-efficiency
                        </td>
                    </tr>
                    <tr>
                        <td class="post-score">
                            231
                        </td>
                        <td class="post-title">
                            YouTube's plan backfires, people are installing better ad blockers
                        </td>
                        <td class="post-type">
                            story
                        </td>
                        <td class="post-time">
                            2023 Nov 04 03:34 (8 days 3 hours 55 minutes 6 seconds ago)
                        </td>
                        <td class="post-url">
                            https://www.androidauthority.com/youtube-ad-block-installs-3382289/
                        </td>
                    </tr>
                    <tr>
                        <td class="post-score">
                            56
                        </td>
                        <td class="post-title">
                            A carbohydrate revolution is speeding up pro cycling
                        </td>
                        <td class="post-type">
                            story
                        </td>
                        <td class="post-time">
                            2023 Nov 04 15:56 (7 days 15 hours 33 minutes 52 seconds ago)
                        </td>
                        <td class="post-url">
                            https://velo.outsideonline.com/road/road-training/a-massive-change-how-a-carbohydrate-revolution-is-speeding-up-pro-cycling/
                        </td>
                    </tr>
                    <tr>
                        <td class="post-score">
                            30
                        </td>
                        <td class="post-title">
                            Intel's CEO Admits to and Details the Company's Three Biggest Mistakes
                        </td>
                        <td class="post-type">
                            story
                        </td>
                        <td class="post-time">
                            2023 Nov 04 07:28 (8 days 1 minute 17 seconds ago)
                        </td>
                        <td class="post-url">
                            https://www.tomshardware.com/pc-components/gpus/intels-ceo-admits-to-and-details-companies-three-biggest-mistakes
                        </td>
                    </tr>
                    <tr>
                        <td class="post-score">
                            89
                        </td>
                        <td class="post-title">
                            GM's Cruise alleged to rely on human operators to achieve "autonomous" driving
                        </td>
                        <td class="post-type">
                            story
                        </td>
                        <td class="post-time">
                            2023 Nov 04 20:59 (7 days 10 hours 31 minutes ago)
                        </td>
                        <td class="post-url">
                            https://www.nytimes.com/2023/11/03/technology/cruise-general-motors-self-driving-cars.html
                        </td>
                    </tr>
                    <tr>
                        <td class="post-score">
                            674
                        </td>
                        <td class="post-title">
                            I trapped scammers in an impossible maze [video]
                        </td>
                        <td class="post-type">
                            story
                        </td>
                        <td class="post-time">
                            2023 Nov 03 15:38 (8 days 15 hours 51 minutes 9 seconds ago)
                        </td>
                        <td class="post-url">
                            https://www.youtube.com/watch?v=dWzz3NeDz3E
                        </td>
                    </tr>
                    <tr>
                        <td class="post-score">
                            64
                        </td>
                        <td class="post-title">
                            999 Request Denied
                        </td>
                        <td class="post-type">
                            story
                        </td>
                        <td class="post-time">
                            2023 Nov 03 11:25 (8 days 20 hours 4 minutes 37 seconds ago)
                        </td>
                        <td class="post-url">
                            https://http.dev/999
                        </td>
                    </tr>
                    <tr>
                        <td class="post-score">
                            537
                        </td>
                        <td class="post-title">
                            Last Chance to fix eIDAS: Secret EU law threatens Internet security
                        </td>
                        <td class="post-type">
                            story
                        </td>
                        <td class="post-time">
                            2023 Nov 02 05:57 (10 days 1 hour 32 minutes 18 seconds ago)
                        </td>
                        <td class="post-url">
                            https://last-chance-for-eidas.org/
                        </td>
                    </tr>
                    <tr>
                        <td class="post-score">
                            148
                        </td>
                        <td class="post-title">
                            Microsoft is retiring Visual Studio for Mac in 2024
                        </td>
                        <td class="post-type">
                            story
                        </td>
                        <td class="post-time">
                            2023 Nov 03 20:14 (8 days 11 hours 15 minutes 55 seconds ago)
                        </td>
                        <td class="post-url">
                            https://visualstudio.microsoft.com/vs/mac/
                        </td>
                    </tr>
                    <tr>
                        <td class="post-score">
                            83
                        </td>
                        <td class="post-title">
                            Translations of Russ Cox's Thompson NFA C Program to Rust
                        </td>
                        <td class="post-type">
                            story
                        </td>
                        <td class="post-time">
                            2023 Nov 03 03:27 (9 days 4 hours 2 minutes 9 seconds ago)
                        </td>
                        <td class="post-url">
                            https://github.com/BurntSushi/rsc-regexp
                        </td>
                    </tr>
                    <tr>
                        <td class="post-score">
                            74
                        </td>
                        <td class="post-title">
                            How to pronounce the trickiest English words
                        </td>
                        <td class="post-type">
                            story
                        </td>
                        <td class="post-time">
                            2023 Nov 02 15:56 (9 days 15 hours 33 minutes 32 seconds ago)
                        </td>
                        <td class="post-url">
                            https://www.wsj.com/business/media/how-to-pronounce-english-words-julien-miquel-58581065
                        </td>
                    </tr>
                    <tr>
                        <td class="post-score">
                            262
                        </td>
                        <td class="post-title">
                            Why ACPI?
                        </td>
                        <td class="post-type">
                            story
                        </td>
                        <td class="post-time">
                            2023 Nov 01 06:46 (11 days 43 minutes 51 seconds ago)
                        </td>
                        <td class="post-url">
                            https://mjg59.dreamwidth.org/68350.html
                        </td>
                    </tr>
                    <tr>
                        <td class="post-score">
                            49
                        </td>
                        <td class="post-title">
                            Show HN: GitInsights ΓÇô a weekly summary email of your team's GitHub activity
                        </td>
                        <td class="post-type">
                            story
                        </td>
                        <td class="post-time">
                            2023 Nov 03 20:15 (8 days 11 hours 14 minutes 57 seconds ago)
                        </td>
                        <td class="post-url">
                            https://gitinsights.io/
                        </td>
                    </tr>
                    <tr>
                        <td class="post-score">
                            96
                        </td>
                        <td class="post-title">
                            Jevons paradox
                        </td>
                        <td class="post-type">
                            story
                        </td>
                        <td class="post-time">
                            2023 Nov 03 15:16 (8 days 16 hours 13 minutes 59 seconds ago)
                        </td>
                        <td class="post-url">
                            https://en.wikipedia.org/wiki/Jevons_paradox
                        </td>
                    </tr>
                    <tr>
                        <td class="post-score">
                            142
                        </td>
                        <td class="post-title">
                            WasmGC ΓÇô Run GC languages such as Kotlin, Java in Chrome browser
                        </td>
                        <td class="post-type">
                            story
                        </td>
                        <td class="post-time">
                            2023 Nov 02 04:32 (10 days 2 hours 57 minutes 11 seconds ago)
                        </td>
                        <td class="post-url">
                            https://developer.chrome.com/blog/wasmgc/
                        </td>
                    </tr>
                    <tr>
                        <td class="post-score">
                            34
                        </td>
                        <td class="post-title">
                            China's TikTok users are being told that Aristotle did not exist
                        </td>
                        <td class="post-type">
                            story
                        </td>
                        <td class="post-time">
                            2023 Nov 04 19:20 (7 days 12 hours 9 minutes 59 seconds ago)
                        </td>
                        <td class="post-url">
                            https://www.scmp.com/news/china/science/article/3240339/aristotle-becomes-latest-casualty-chinas-narrative-war-west-scholar-questions-philosophers-existence
                        </td>
                    </tr>
                    <tr>
                        <td class="post-score">
                            227
                        </td>
                        <td class="post-title">
                            Audacity 3.4
                        </td>
                        <td class="post-type">
                            story
                        </td>
                        <td class="post-time">
                            2023 Nov 03 00:14 (9 days 7 hours 15 minutes 1 second ago)
                        </td>
                        <td class="post-url">
                            https://www.audacityteam.org/blog/audacity-3-4/
                        </td>
                    </tr>
                    <tr>
                        <td class="post-score">
                            318
                        </td>
                        <td class="post-title">
                            Why doctors in America earn so much
                        </td>
                        <td class="post-type">
                            story
                        </td>
                        <td class="post-time">
                            2023 Nov 01 14:38 (10 days 16 hours 51 minutes 27 seconds ago)
                        </td>
                        <td class="post-url">
                            https://www.economist.com/united-states/2023/10/31/why-doctors-in-america-earn-so-much
                        </td>
                    </tr>
                    <tr>
                        <td class="post-score">
                            274
                        </td>
                        <td class="post-title">
                            Distil-Whisper: distilled version of Whisper that is 6 times faster, 49% smaller
                        </td>
                        <td class="post-type">
                            story
                        </td>
                        <td class="post-time">
                            2023 Nov 01 00:55 (11 days 6 hours 34 minutes 19 seconds ago)
                        </td>
                        <td class="post-url">
                            https://github.com/huggingface/distil-whisper
                        </td>
                    </tr>
                    <tr>
                        <td class="post-score">
                            11
                        </td>
                        <td class="post-title">
                            Pessimists Archive
                        </td>
                        <td class="post-type">
                            story
                        </td>
                        <td class="post-time">
                            2023 Nov 04 23:05 (7 days 8 hours 24 minutes 33 seconds ago)
                        </td>
                        <td class="post-url">
                            https://pessimistsarchive.org/
                        </td>
                    </tr>
                    <tr>
                        <td class="post-score">
                            202
                        </td>
                        <td class="post-title">
                            GPT-4 Update: 32K Context Window Now for All Users
                        </td>
                        <td class="post-type">
                            story
                        </td>
                        <td class="post-time">
                            2023 Nov 03 15:30 (8 days 15 hours 59 minutes 30 seconds ago)
                        </td>
                        <td class="post-url">
                            https://github.com/spdustin/ChatGPT-AutoExpert/blob/main/_system-prompts/all_tools.md
                        </td>
                    </tr>
                    <tr>
                        <td class="post-score">
                            108
                        </td>
                        <td class="post-title">
                            ML Experiments Management with Git
                        </td>
                        <td class="post-type">
                            story
                        </td>
                        <td class="post-time">
                            2023 Nov 02 21:33 (9 days 9 hours 56 minutes 37 seconds ago)
                        </td>
                        <td class="post-url">
                            https://github.com/iterative/dvc
                        </td>
                    </tr>
                    <tr>
                        <td class="post-score">
                            35
                        </td>
                        <td class="post-title">
                            You don't need a terminal emulator ┬╖ Andrey Listopadov
                        </td>
                        <td class="post-type">
                            story
                        </td>
                        <td class="post-time">
                            2023 Nov 03 22:55 (8 days 8 hours 34 minutes 3 seconds ago)
                        </td>
                        <td class="post-url">
                            https://andreyor.st/posts/2023-10-27-you-dont-need-a-terminal-emulator/
                        </td>
                    </tr>
                    <tr>
                        <td class="post-score">
                            250
                        </td>
                        <td class="post-title">
                            Bayer hit with $332M judgement in Roundup cancer trial
                        </td>
                        <td class="post-type">
                            story
                        </td>
                        <td class="post-time">
                            2023 Nov 03 23:16 (8 days 8 hours 13 minutes 7 seconds ago)
                        </td>
                        <td class="post-url">
                            https://fortune.com/2023/11/03/bayer-332-million-judgement-trial-man-cancer-decades-monsanto-roundup-weedkiller/
                        </td>
                    </tr>
                    <tr>
                        <td class="post-score">
                            58
                        </td>
                        <td class="post-title">
                            Openela releases Red Hat source code on GitHub
                        </td>
                        <td class="post-type">
                            story
                        </td>
                        <td class="post-time">
                            2023 Nov 04 18:16 (7 days 13 hours 13 minutes 21 seconds ago)
                        </td>
                        <td class="post-url">
                            https://github.com/orgs/openela-main/repositories
                        </td>
                    </tr>
                    <tr>
                        <td class="post-score">
                            12
                        </td>
                        <td class="post-title">
                            Deno 1.38: HTML doc generator and HMR
                        </td>
                        <td class="post-type">
                            story
                        </td>
                        <td class="post-time">
                            2023 Nov 03 10:05 (8 days 21 hours 24 minutes 13 seconds ago)
                        </td>
                        <td class="post-url">
                            https://deno.com/blog/v1.38
                        </td>
                    </tr>
                    <tr>
                        <td class="post-score">
                            8
                        </td>
                        <td class="post-title">
                            Ask HN: Infra people in small companies, what does your infra look like?
                        </td>
                        <td class="post-type">
                            story
                        </td>
                        <td class="post-time">
                            2023 Nov 04 13:27 (7 days 18 hours 2 minutes 37 seconds ago)
                        </td>
                        <td class="post-url">
                            
                        </td>
                    </tr>
                    <tr>
                        <td class="post-score">
                            137
                        </td>
                        <td class="post-title">
                            Nuclear Conversion for Starship
                        </td>
                        <td class="post-type">
                            story
                        </td>
                        <td class="post-time">
                            2023 Nov 03 16:52 (8 days 14 hours 37 minutes 32 seconds ago)
                        </td>
                        <td class="post-url">
                            http://toughsf.blogspot.com/2021/10/nuclear-conversion-for-starship.html
                        </td>
                    </tr>
                    <tr>
                        <td class="post-score">
                            206
                        </td>
                        <td class="post-title">
                            Now you're thinking with relays
                        </td>
                        <td class="post-type">
                            story
                        </td>
                        <td class="post-time">
                            2023 Nov 01 19:30 (10 days 11 hours 59 minutes 24 seconds ago)
                        </td>
                        <td class="post-url">
                            https://lcamtuf.substack.com/p/now-youre-thinking-with-relays
                        </td>
                    </tr>
                    <tr>
                        <td class="post-score">
                            158
                        </td>
                        <td class="post-title">
                            Bank financing and bad urban planning make the retail apocalypse worse
                        </td>
                        <td class="post-type">
                            story
                        </td>
                        <td class="post-time">
                            2023 Nov 01 16:21 (10 days 15 hours 8 minutes 8 seconds ago)
                        </td>
                        <td class="post-url">
                            https://www.businessinsider.com/bank-financing-urban-planning-pandemic-retail-apocalypse-vacant-storefront-2023-10
                        </td>
                    </tr>
                    <tr>
                        <td class="post-score">
                            31
                        </td>
                        <td class="post-title">
                            How much it costs Apple to increase RAM size in Macs?
                        </td>
                        <td class="post-type">
                            story
                        </td>
                        <td class="post-time">
                            2023 Nov 04 02:15 (8 days 5 hours 14 minutes 53 seconds ago)
                        </td>
                        <td class="post-url">
                            https://old.reddit.com/r/macbookpro/comments/17lwl0b/how_much_does_ram_cost_anyways/
                        </td>
                    </tr>
                    <tr>
                        <td class="post-score">
                            30
                        </td>
                        <td class="post-title">
                            Cup Noodles are now microwave-safe
                        </td>
                        <td class="post-type">
                            story
                        </td>
                        <td class="post-time">
                            2023 Nov 04 18:04 (7 days 13 hours 25 minutes 46 seconds ago)
                        </td>
                        <td class="post-url">
                            https://www.washingtonpost.com/food/2023/11/03/cup-noodles-are-now-microwave-safe-so-they-werent-already/
                        </td>
                    </tr>
                    <tr>
                        <td class="post-score">
                            30
                        </td>
                        <td class="post-title">
                            What's the difference between LangChain, llama indexand others like autollm?
                        </td>
                        <td class="post-type">
                            story
                        </td>
                        <td class="post-time">
                            2023 Nov 03 10:41 (8 days 20 hours 48 minutes 34 seconds ago)
                        </td>
                        <td class="post-url">
                            
                        </td>
                    </tr>
                    <tr>
                        <td class="post-score">
                            235
                        </td>
                        <td class="post-title">
                            Sally Ignore Previous Instructions
                        </td>
                        <td class="post-type">
                            story
                        </td>
                        <td class="post-time">
                            2023 Nov 02 21:02 (9 days 10 hours 27 minutes 26 seconds ago)
                        </td>
                        <td class="post-url">
                            https://www.haihai.ai/pen15/
                        </td>
                    </tr>
                    <tr>
                        <td class="post-score">
                            81
                        </td>
                        <td class="post-title">
                            Enterprise-Fu
                        </td>
                        <td class="post-type">
                            story
                        </td>
                        <td class="post-time">
                            2023 Nov 02 23:31 (9 days 7 hours 58 minutes 7 seconds ago)
                        </td>
                        <td class="post-url">
                            http://mike.daless.io/prez/enterprise-asbury-2013-10/slides.html
                        </td>
                    </tr>
                    <tr>
                        <td class="post-score">
                            251
                        </td>
                        <td class="post-title">
                            Rwanda joins Kenya to initiate visa-free travel for all Africans
                        </td>
                        <td class="post-type">
                            story
                        </td>
                        <td class="post-time">
                            2023 Nov 03 12:15 (8 days 19 hours 14 minutes 57 seconds ago)
                        </td>
                        <td class="post-url">
                            https://africa.businessinsider.com/local/leaders/from-barriers-to-unity-rwanda-joins-kenya-to-initiate-visa-free-travel-for-all/hhqe29q
                        </td>
                    </tr>
                    <tr>
                        <td class="post-score">
                            792
                        </td>
                        <td class="post-title">
                            Yann LeCun: AI one-percenters seizing power forever is real doomsday scenario
                        </td>
                        <td class="post-type">
                            story
                        </td>
                        <td class="post-time">
                            2023 Nov 02 04:05 (10 days 3 hours 24 minutes 39 seconds ago)
                        </td>
                        <td class="post-url">
                            https://www.businessinsider.com/sam-altman-and-demis-hassabis-just-want-to-control-ai-2023-10
                        </td>
                    </tr>
                    <tr>
                        <td class="post-score">
                            161
                        </td>
                        <td class="post-title">
                            Show HN: DoltgreSQL ΓÇô Version-Controlled DB, Like Git and PostgreSQL had a baby
                        </td>
                        <td class="post-type">
                            story
                        </td>
                        <td class="post-time">
                            2023 Nov 02 01:59 (10 days 5 hours 30 minutes 26 seconds ago)
                        </td>
                        <td class="post-url">
                            https://github.com/dolthub/doltgresql
                        </td>
                    </tr>
                    <tr>
                        <td class="post-score">
                            74
                        </td>
                        <td class="post-title">
                            Clash, a tool to break China's Great Fire Wall, is Deleted in GitHub
                        </td>
                        <td class="post-type">
                            story
                        </td>
                        <td class="post-time">
                            2023 Nov 03 09:01 (8 days 22 hours 28 minutes 42 seconds ago)
                        </td>
                        <td class="post-url">
                            https://github.com/Dreamacro/clash
                        </td>
                    </tr>
                    <tr>
                        <td class="post-score">
                            40
                        </td>
                        <td class="post-title">
                            Vivo Unveils BlueOS, Based on Rust Language
                        </td>
                        <td class="post-type">
                            story
                        </td>
                        <td class="post-time">
                            2023 Nov 02 03:14 (10 days 4 hours 15 minutes 32 seconds ago)
                        </td>
                        <td class="post-url">
                            https://sparrowsnews.com/2023/11/01/vivo-unveils-blueos-operating-system/
                        </td>
                    </tr>
                    <tr>
                        <td class="post-score">
                            66
                        </td>
                        <td class="post-title">
                            Formalizing 100 Theorems
                        </td>
                        <td class="post-type">
                            story
                        </td>
                        <td class="post-time">
                            2023 Nov 02 05:27 (10 days 2 hours 2 minutes 13 seconds ago)
                        </td>
                        <td class="post-url">
                            https://www.cs.ru.nl/~freek/100/
                        </td>
                    </tr>
                    <tr>
                        <td class="post-score">
                            184
                        </td>
                        <td class="post-title">
                            The Binder Linux driver is being rewritten in Rust
                        </td>
                        <td class="post-type">
                            story
                        </td>
                        <td class="post-time">
                            2023 Nov 03 06:53 (9 days 36 minutes 34 seconds ago)
                        </td>
                        <td class="post-url">
                            https://lore.kernel.org/rust-for-linux/20231101-rust-binder-v1-0-08ba9197f637@google.com/
                        </td>
                    </tr>
                </tbody>
            </table>
        </div>
    
    
    Γû╝ Query.findAll [ tag "tr", containing [ tag "td" ]  ]
    
        1)    <tr>
                  <td class="post-score">
                      512
                  </td>
                  <td class="post-title">
                      NewPipe ΓÇô Lightweight YouTube experience for Android
                  </td>
                  <td class="post-type">
                      story
                  </td>
                  <td class="post-time">
                      2023 Nov 04 19:38 (7 days 11 hours 51 minutes 9 seconds ago)
                  </td>
                  <td class="post-url">
                      https://newpipe.net/
                  </td>
              </tr>
    
        2)    <tr>
                  <td class="post-score">
                      75
                  </td>
                  <td class="post-title">
                      LLM companies to access largest Chinese non-fiction book collection
                  </td>
                  <td class="post-type">
                      story
                  </td>
                  <td class="post-time">
                      2023 Nov 05 07:30 (7 days ago)
                  </td>
                  <td class="post-url">
                      https://annas-blog.org/duxiu-exclusive.html
                  </td>
              </tr>
    
        3)    <tr>
                  <td class="post-score">
                      182
                  </td>
                  <td class="post-title">
                      Intel Itanium IA-64 Support Removed with the Linux 6.7 Kernel
                  </td>
                  <td class="post-type">
                      story
                  </td>
                  <td class="post-time">
                      2023 Nov 02 15:31 (9 days 15 hours 58 minutes 6 seconds ago)
                  </td>
                  <td class="post-url">
                      https://www.phoronix.com/news/Intel-IA-64-Removed-Linux-6.7
                  </td>
              </tr>
    
        4)    <tr>
                  <td class="post-score">
                      37
                  </td>
                  <td class="post-title">
                      Representations / strategies for noncooperative games with imperfect information [pdf]
                  </td>
                  <td class="post-type">
                      story
                  </td>
                  <td class="post-time">
                      2023 Nov 04 20:24 (7 days 11 hours 5 minutes 5 seconds ago)
                  </td>
                  <td class="post-url">
                      https://www2.cs.sfu.ca/~bbart/personal/masters-thesis.pdf
                  </td>
              </tr>
    
        5)    <tr>
                  <td class="post-score">
                      57
                  </td>
                  <td class="post-title">
                      The First App Store
                  </td>
                  <td class="post-type">
                      story
                  </td>
                  <td class="post-time">
                      2023 Nov 05 00:52 (7 days 6 hours 37 minutes 24 seconds ago)
                  </td>
                  <td class="post-url">
                      https://one-from-nippon.ghost.io/worlds-first-app-store/
                  </td>
              </tr>
    
        6)    <tr>
                  <td class="post-score">
                      83
                  </td>
                  <td class="post-title">
                      Show HN: Gogosseract, a Go Lib for CGo-Free Tesseract OCR via Wazero
                  </td>
                  <td class="post-type">
                      story
                  </td>
                  <td class="post-time">
                      2023 Nov 04 23:06 (7 days 8 hours 23 minutes 26 seconds ago)
                  </td>
                  <td class="post-url">
                      https://github.com/Danlock/gogosseract
                  </td>
              </tr>
    
        7)    <tr>
                  <td class="post-score">
                      51
                  </td>
                  <td class="post-title">
                      Planes, Spheres and Pseudospheres
                  </td>
                  <td class="post-type">
                      story
                  </td>
                  <td class="post-time">
                      2023 Nov 04 23:35 (7 days 7 hours 54 minutes 3 seconds ago)
                  </td>
                  <td class="post-url">
                      https://www.gregegan.net/SCIENCE/PSP/PSP.html
                  </td>
              </tr>
    
        8)    <tr>
                  <td class="post-score">
                      557
                  </td>
                  <td class="post-title">
                      Othello Is Solved?
                  </td>
                  <td class="post-type">
                      story
                  </td>
                  <td class="post-time">
                      2023 Nov 04 14:35 (7 days 16 hours 54 minutes 4 seconds ago)
                  </td>
                  <td class="post-url">
                      https://arxiv.org/abs/2310.19387
                  </td>
              </tr>
    
        9)    <tr>
                  <td class="post-score">
                      1
                  </td>
                  <td class="post-title">
                      SigNoz (YC W21), open source observability platform, hiring SREs (Remote)
                  </td>
                  <td class="post-type">
                      job
                  </td>
                  <td class="post-time">
                      2023 Nov 05 07:01 (7 days 28 minutes 51 seconds ago)
                  </td>
                  <td class="post-url">
                      https://signoz.io/careers/site-reliability-engineer/
                  </td>
              </tr>
    
        10)   <tr>
                  <td class="post-score">
                      26
                  </td>
                  <td class="post-title">
                      Shadows Edge Software
                  </td>
                  <td class="post-type">
                      story
                  </td>
                  <td class="post-time">
                      2023 Nov 05 02:23 (7 days 5 hours 6 minutes 20 seconds ago)
                  </td>
                  <td class="post-url">
                      https://www.shadowsedge.mil/What-We-Do/
                  </td>
              </tr>
    
        11)   <tr>
                  <td class="post-score">
                      58
                  </td>
                  <td class="post-title">
                      Quadratic Reciprocity: The connection that changed number theory
                  </td>
                  <td class="post-type">
                      story
                  </td>
                  <td class="post-time">
                      2023 Nov 02 15:43 (9 days 15 hours 46 minutes 23 seconds ago)
                  </td>
                  <td class="post-url">
                      https://www.quantamagazine.org/the-hidden-connection-that-changed-number-theory-20231101/
                  </td>
              </tr>
    
        12)   <tr>
                  <td class="post-score">
                      65
                  </td>
                  <td class="post-title">
                      How to Do a TypeScript Conversion: an opinionated take on gradual conversions
                  </td>
                  <td class="post-type">
                      story
                  </td>
                  <td class="post-time">
                      2023 Nov 04 21:15 (7 days 10 hours 14 minutes 37 seconds ago)
                  </td>
                  <td class="post-url">
                      https://v5.chriskrycho.com/journal/how-to-do-a-typescript-conversion/
                  </td>
              </tr>
    
        13)   <tr>
                  <td class="post-score">
                      83
                  </td>
                  <td class="post-title">
                      FTC Chair Lina Khan looks for allies and leads in Silicon Valley charm offensive
                  </td>
                  <td class="post-type">
                      story
                  </td>
                  <td class="post-time">
                      2023 Nov 04 19:24 (7 days 12 hours 5 minutes 26 seconds ago)
                  </td>
                  <td class="post-url">
                      https://www.reuters.com/business/ftc-chair-lina-khan-looks-allies-leads-silicon-valley-charm-offensive-2023-11-03/
                  </td>
              </tr>
    
        14)   <tr>
                  <td class="post-score">
                      96
                  </td>
                  <td class="post-title">
                      Topic: Discord Stealer
                  </td>
                  <td class="post-type">
                      story
                  </td>
                  <td class="post-time">
                      2023 Nov 05 02:26 (7 days 5 hours 3 minutes 38 seconds ago)
                  </td>
                  <td class="post-url">
                      https://github.com/topics/discord-stealer
                  </td>
              </tr>
    
        15)   <tr>
                  <td class="post-score">
                      132
                  </td>
                  <td class="post-title">
                      SARS-CoV-2 Infection Affects Energy Stores in the Body, Causing Organ Failure
                  </td>
                  <td class="post-type">
                      story
                  </td>
                  <td class="post-time">
                      2023 Nov 04 23:02 (7 days 8 hours 27 minutes 47 seconds ago)
                  </td>
                  <td class="post-url">
                      https://news.unchealthcare.org/2023/10/researchers-show-sars-cov-2-infection-affects-energy-stores-in-the-body-causing-organ-failure/
                  </td>
              </tr>
    
        16)   <tr>
                  <td class="post-score">
                      102
                  </td>
                  <td class="post-title">
                      Soda additive linked to thyroid toxicity may finally get banned by FDA
                  </td>
                  <td class="post-type">
                      story
                  </td>
                  <td class="post-time">
                      2023 Nov 05 00:26 (7 days 7 hours 3 minutes 35 seconds ago)
                  </td>
                  <td class="post-url">
                      https://arstechnica.com/health/2023/11/50-years-later-fda-proposes-banning-a-food-additive-it-said-is-not-safe/
                  </td>
              </tr>
    
        17)   <tr>
                  <td class="post-score">
                      56
                  </td>
                  <td class="post-title">
                      BeeWare Toga v0.4.0 ΓÇô A Python native, OS native GUI toolkit
                  </td>
                  <td class="post-type">
                      story
                  </td>
                  <td class="post-time">
                      2023 Nov 05 01:24 (7 days 6 hours 5 minutes 47 seconds ago)
                  </td>
                  <td class="post-url">
                      https://github.com/beeware/toga/releases/tag/v0.4.0
                  </td>
              </tr>
    
        18)   <tr>
                  <td class="post-score">
                      105
                  </td>
                  <td class="post-title">
                      The cottage industry of YouTube obituary pirates
                  </td>
                  <td class="post-type">
                      story
                  </td>
                  <td class="post-time">
                      2023 Nov 04 20:58 (7 days 10 hours 31 minutes 45 seconds ago)
                  </td>
                  <td class="post-url">
                      https://www.wired.com/story/youtube-obituary-pirates/
                  </td>
              </tr>
    
        19)   <tr>
                  <td class="post-score">
                      44
                  </td>
                  <td class="post-title">
                      Chemists, engineers craft adjustable arrays of microscopic lenses
                  </td>
                  <td class="post-type">
                      story
                  </td>
                  <td class="post-time">
                      2023 Nov 02 15:48 (9 days 15 hours 41 minutes 8 seconds ago)
                  </td>
                  <td class="post-url">
                      https://phys.org/news/2023-10-chemists-craft-adjustable-arrays-microscopic.html
                  </td>
              </tr>
    
        20)   <tr>
                  <td class="post-score">
                      62
                  </td>
                  <td class="post-title">
                      Disturbed Lands (National Park Service)
                  </td>
                  <td class="post-type">
                      story
                  </td>
                  <td class="post-time">
                      2023 Nov 04 23:29 (7 days 8 hours 28 seconds ago)
                  </td>
                  <td class="post-url">
                      https://www.nps.gov/shen/learn/nature/disturbedlands.htm
                  </td>
              </tr>
    
        21)   <tr>
                  <td class="post-score">
                      84
                  </td>
                  <td class="post-title">
                      The world nearly adopted a calendar with 13 months of 28 days
                  </td>
                  <td class="post-type">
                      story
                  </td>
                  <td class="post-time">
                      2023 Nov 05 03:53 (7 days 3 hours 36 minutes 19 seconds ago)
                  </td>
                  <td class="post-url">
                      https://www.washingtonpost.com/history/2023/11/04/battle-sabbath-13-month-calendar/
                  </td>
              </tr>
    
        22)   <tr>
                  <td class="post-score">
                      106
                  </td>
                  <td class="post-title">
                      AI and Open Source in 2023
                  </td>
                  <td class="post-type">
                      story
                  </td>
                  <td class="post-time">
                      2023 Nov 04 18:50 (7 days 12 hours 39 minutes 53 seconds ago)
                  </td>
                  <td class="post-url">
                      https://magazine.sebastianraschka.com/p/ai-and-open-source-in-2023
                  </td>
              </tr>
    
        23)   <tr>
                  <td class="post-score">
                      1114
                  </td>
                  <td class="post-title">
                      As I retire, my goal now is to release 40+ years of source code
                  </td>
                  <td class="post-type">
                      story
                  </td>
                  <td class="post-time">
                      2023 Nov 03 17:26 (8 days 14 hours 3 minutes 44 seconds ago)
                  </td>
                  <td class="post-url">
                      https://dunfield.themindfactory.com/dnldsrc.htm
                  </td>
              </tr>
    
        24)   <tr>
                  <td class="post-score">
                      122
                  </td>
                  <td class="post-title">
                      New Microsoft Exchange zero-days allow RCE, data theft attacks
                  </td>
                  <td class="post-type">
                      story
                  </td>
                  <td class="post-time">
                      2023 Nov 04 21:43 (7 days 9 hours 46 minutes 41 seconds ago)
                  </td>
                  <td class="post-url">
                      https://www.bleepingcomputer.com/news/microsoft/new-microsoft-exchange-zero-days-allow-rce-data-theft-attacks/
                  </td>
              </tr>
    
        25)   <tr>
                  <td class="post-score">
                      125
                  </td>
                  <td class="post-title">
                      Grok
                  </td>
                  <td class="post-type">
                      story
                  </td>
                  <td class="post-time">
                      2023 Nov 05 05:02 (7 days 2 hours 27 minutes 27 seconds ago)
                  </td>
                  <td class="post-url">
                      https://twitter.com/xai/status/1721027348970238035
                  </td>
              </tr>
    
        26)   <tr>
                  <td class="post-score">
                      220
                  </td>
                  <td class="post-title">
                      A 6 channel GPS receiver from 1993
                  </td>
                  <td class="post-type">
                      story
                  </td>
                  <td class="post-time">
                      2023 Nov 04 10:27 (7 days 21 hours 2 minutes 42 seconds ago)
                  </td>
                  <td class="post-url">
                      https://mastodon.sdf.org/@keelan/111349948124943603
                  </td>
              </tr>
    
        27)   <tr>
                  <td class="post-score">
                      313
                  </td>
                  <td class="post-title">
                      AMD MicroBlaze V Processor: A Flexible and Efficient RISC-V Processor
                  </td>
                  <td class="post-type">
                      story
                  </td>
                  <td class="post-time">
                      2023 Nov 04 02:01 (8 days 5 hours 28 minutes 15 seconds ago)
                  </td>
                  <td class="post-url">
                      https://www.xilinx.com/products/design-tools/microblaze-v.html
                  </td>
              </tr>
    
        28)   <tr>
                  <td class="post-score">
                      112
                  </td>
                  <td class="post-title">
                      Lahaina Noon
                  </td>
                  <td class="post-type">
                      story
                  </td>
                  <td class="post-time">
                      2023 Nov 02 15:27 (9 days 16 hours 2 minutes 3 seconds ago)
                  </td>
                  <td class="post-url">
                      https://en.wikipedia.org/wiki/Lahaina_Noon
                  </td>
              </tr>
    
        29)   <tr>
                  <td class="post-score">
                      157
                  </td>
                  <td class="post-title">
                      Spin 2.0 ΓÇô open-source tool for building and running WASM apps
                  </td>
                  <td class="post-type">
                      story
                  </td>
                  <td class="post-time">
                      2023 Nov 04 12:01 (7 days 19 hours 28 minutes 10 seconds ago)
                  </td>
                  <td class="post-url">
                      https://www.fermyon.com/blog/introducing-spin-v2
                  </td>
              </tr>
    
        30)   <tr>
                  <td class="post-score">
                      411
                  </td>
                  <td class="post-title">
                      Tell HN: Submit comments to IRS re tax treatment of software dev expenses
                  </td>
                  <td class="post-type">
                      story
                  </td>
                  <td class="post-time">
                      2023 Nov 02 21:26 (9 days 10 hours 3 minutes 58 seconds ago)
                  </td>
                  <td class="post-url">
                      
                  </td>
              </tr>
    
        31)   <tr>
                  <td class="post-score">
                      11
                  </td>
                  <td class="post-title">
                      Show HN: A tiny and platform-agnostic true random number generator for FPGA/ASIC
                  </td>
                  <td class="post-type">
                      story
                  </td>
                  <td class="post-time">
                      2023 Nov 04 21:34 (7 days 9 hours 56 minutes ago)
                  </td>
                  <td class="post-url">
                      https://github.com/stnolting/neoTRNG
                  </td>
              </tr>
    
        32)   <tr>
                  <td class="post-score">
                      99
                  </td>
                  <td class="post-title">
                      Daylight saving time can seriously affect your health
                  </td>
                  <td class="post-type">
                      story
                  </td>
                  <td class="post-time">
                      2023 Nov 05 00:47 (7 days 6 hours 42 minutes 12 seconds ago)
                  </td>
                  <td class="post-url">
                      https://apnews.com/article/daylight-saving-2023-fall-back-a3738d5c74301b8068825927c49fc6b4
                  </td>
              </tr>
    
        33)   <tr>
                  <td class="post-score">
                      46
                  </td>
                  <td class="post-title">
                      Delhi air pollution spikes to 100 times WHO health limit
                  </td>
                  <td class="post-type">
                      story
                  </td>
                  <td class="post-time">
                      2023 Nov 04 23:14 (7 days 8 hours 15 minutes 6 seconds ago)
                  </td>
                  <td class="post-url">
                      https://www.theguardian.com/world/2023/nov/03/delhi-india-air-quality-pollution-spike-world-health-organization-limit
                  </td>
              </tr>
    
        34)   <tr>
                  <td class="post-score">
                      5
                  </td>
                  <td class="post-title">
                      A game. The only winning move is not to play
                  </td>
                  <td class="post-type">
                      story
                  </td>
                  <td class="post-time">
                      2023 Nov 05 04:15 (7 days 3 hours 14 minutes 14 seconds ago)
                  </td>
                  <td class="post-url">
                      
                  </td>
              </tr>
    
        35)   <tr>
                  <td class="post-score">
                      83
                  </td>
                  <td class="post-title">
                      Max is taking 4K away from its legacy ad-free subscribers
                  </td>
                  <td class="post-type">
                      story
                  </td>
                  <td class="post-time">
                      2023 Nov 05 02:54 (7 days 4 hours 35 minutes 11 seconds ago)
                  </td>
                  <td class="post-url">
                      https://www.theverge.com/2023/11/2/23943859/max-4k-hbo-max-ad-free-subscribers
                  </td>
              </tr>
    
        36)   <tr>
                  <td class="post-score">
                      132
                  </td>
                  <td class="post-title">
                      Classes vs. structs in .NET: how not to teach about performance
                  </td>
                  <td class="post-type">
                      story
                  </td>
                  <td class="post-time">
                      2023 Nov 04 03:28 (8 days 4 hours 1 minute 9 seconds ago)
                  </td>
                  <td class="post-url">
                      https://sergeyteplyakov.github.io/Blog/benchmarking/2023/11/02/Performance_Comparison_For_Classes_vs_Structs.html
                  </td>
              </tr>
    
        37)   <tr>
                  <td class="post-score">
                      68
                  </td>
                  <td class="post-title">
                      How ΓÇ£blueΓÇ¥ and ΓÇ£greenΓÇ¥ appeared in a language that didnΓÇÖt have words for them
                  </td>
                  <td class="post-type">
                      story
                  </td>
                  <td class="post-time">
                      2023 Nov 02 15:54 (9 days 15 hours 35 minutes 45 seconds ago)
                  </td>
                  <td class="post-url">
                      https://news.mit.edu/2023/how-blue-and-green-appeared-language-1102
                  </td>
              </tr>
    
        38)   <tr>
                  <td class="post-score">
                      17
                  </td>
                  <td class="post-title">
                      Oracle Cloud Outage
                  </td>
                  <td class="post-type">
                      story
                  </td>
                  <td class="post-time">
                      2023 Nov 05 00:33 (7 days 6 hours 56 minutes 6 seconds ago)
                  </td>
                  <td class="post-url">
                      
                  </td>
              </tr>
    
        39)   <tr>
                  <td class="post-score">
                      15
                  </td>
                  <td class="post-title">
                      Exim 4.97.0 ΓÇô SMTP Mail Server ΓÇô Message Transfer Agent (MTA)
                  </td>
                  <td class="post-type">
                      story
                  </td>
                  <td class="post-time">
                      2023 Nov 05 00:29 (7 days 7 hours 50 seconds ago)
                  </td>
                  <td class="post-url">
                      https://www.exim.org/
                  </td>
              </tr>
    
        40)   <tr>
                  <td class="post-score">
                      82
                  </td>
                  <td class="post-title">
                      You're Gonna Need a Bigger Browser
                  </td>
                  <td class="post-type">
                      story
                  </td>
                  <td class="post-time">
                      2023 Nov 04 19:55 (7 days 11 hours 34 minutes 47 seconds ago)
                  </td>
                  <td class="post-url">
                      https://berjon.com/bigger-browser/
                  </td>
              </tr>
    
        41)   <tr>
                  <td class="post-score">
                      157
                  </td>
                  <td class="post-title">
                      Making "LCD, Please"
                  </td>
                  <td class="post-type">
                      story
                  </td>
                  <td class="post-time">
                      2023 Nov 04 04:16 (8 days 3 hours 13 minutes 23 seconds ago)
                  </td>
                  <td class="post-url">
                      https://dukope.com/devlogs/papers-please/lcdplease/
                  </td>
              </tr>
    
        42)   <tr>
                  <td class="post-score">
                      17
                  </td>
                  <td class="post-title">
                      Interview with a Gladiatrix
                  </td>
                  <td class="post-type">
                      story
                  </td>
                  <td class="post-time">
                      2023 Nov 04 21:04 (7 days 10 hours 25 minutes 26 seconds ago)
                  </td>
                  <td class="post-url">
                      https://antigonejournal.com/2023/10/modern-roman-gladiatrix/
                  </td>
              </tr>
    
        43)   <tr>
                  <td class="post-score">
                      6
                  </td>
                  <td class="post-title">
                      Towards Modern Development of Cloud Applications [pdf]
                  </td>
                  <td class="post-type">
                      story
                  </td>
                  <td class="post-time">
                      2023 Nov 05 00:44 (7 days 6 hours 45 minutes 44 seconds ago)
                  </td>
                  <td class="post-url">
                      https://sigops.org/s/conferences/hotos/2023/papers/ghemawat.pdf
                  </td>
              </tr>
    
        44)   <tr>
                  <td class="post-score">
                      224
                  </td>
                  <td class="post-title">
                      A blog post is a long and complex search query to find people (2022)
                  </td>
                  <td class="post-type">
                      story
                  </td>
                  <td class="post-time">
                      2023 Nov 04 02:02 (8 days 5 hours 27 minutes 4 seconds ago)
                  </td>
                  <td class="post-url">
                      https://www.henrikkarlsson.xyz/p/search-query
                  </td>
              </tr>
    
        45)   <tr>
                  <td class="post-score">
                      68
                  </td>
                  <td class="post-title">
                      After decades of dreams, a commercial spaceplane is almost ready to fly
                  </td>
                  <td class="post-type">
                      story
                  </td>
                  <td class="post-time">
                      2023 Nov 04 17:45 (7 days 13 hours 44 minutes 27 seconds ago)
                  </td>
                  <td class="post-url">
                      https://arstechnica.com/space/2023/11/after-decades-of-dreams-a-commercial-spaceplane-is-almost-ready-to-fly/
                  </td>
              </tr>
    
        46)   <tr>
                  <td class="post-score">
                      110
                  </td>
                  <td class="post-title">
                      Scrcpy 2.2 adds Android camera mirroring
                  </td>
                  <td class="post-type">
                      story
                  </td>
                  <td class="post-time">
                      2023 Nov 04 18:30 (7 days 12 hours 59 minutes 29 seconds ago)
                  </td>
                  <td class="post-url">
                      https://github.com/Genymobile/scrcpy/releases/tag/v2.2
                  </td>
              </tr>
    
        47)   <tr>
                  <td class="post-score">
                      52
                  </td>
                  <td class="post-title">
                      SpaceX poised for 'mid-November' launch of second Starship test flight
                  </td>
                  <td class="post-type">
                      story
                  </td>
                  <td class="post-time">
                      2023 Nov 05 04:23 (7 days 3 hours 6 minutes 24 seconds ago)
                  </td>
                  <td class="post-url">
                      https://spaceflightnow.com/2023/11/04/spacex-poised-for-mid-november-of-second-starship-test-launch/
                  </td>
              </tr>
    
        48)   <tr>
                  <td class="post-score">
                      160
                  </td>
                  <td class="post-title">
                      I need more USB power
                  </td>
                  <td class="post-type">
                      story
                  </td>
                  <td class="post-time">
                      2023 Nov 04 16:36 (7 days 14 hours 53 minutes 34 seconds ago)
                  </td>
                  <td class="post-url">
                      https://atomic14.substack.com/p/i-need-more-usb-power
                  </td>
              </tr>
    
        49)   <tr>
                  <td class="post-score">
                      8
                  </td>
                  <td class="post-title">
                      Ancient coins have been found off Sardinia, probably from shipwreck
                  </td>
                  <td class="post-type">
                      story
                  </td>
                  <td class="post-time">
                      2023 Nov 05 03:31 (7 days 3 hours 58 minutes 35 seconds ago)
                  </td>
                  <td class="post-url">
                      https://apnews.com/article/italy-ancient-coins-sardinia-divers-cabdfa070d37a8020f874dd90c0a2433
                  </td>
              </tr>
    
        50)   <tr>
                  <td class="post-score">
                      65
                  </td>
                  <td class="post-title">
                      C++ Sudoku Solver by Singapore PM Lee Hsien Loong
                  </td>
                  <td class="post-type">
                      story
                  </td>
                  <td class="post-time">
                      2023 Nov 04 19:07 (7 days 12 hours 22 minutes 45 seconds ago)
                  </td>
                  <td class="post-url">
                      https://twitter.com/adad8m/status/1720822885496049863
                  </td>
              </tr>
    
        51)   <tr>
                  <td class="post-score">
                      91
                  </td>
                  <td class="post-title">
                      Lapham's Quarterly Is on Hiatus
                  </td>
                  <td class="post-type">
                      story
                  </td>
                  <td class="post-time">
                      2023 Nov 04 20:00 (7 days 11 hours 29 minutes 4 seconds ago)
                  </td>
                  <td class="post-url">
                      https://www.laphamsquarterly.org/roundtable/hiatus
                  </td>
              </tr>
    
        52)   <tr>
                  <td class="post-score">
                      6
                  </td>
                  <td class="post-title">
                      X.ai Grok
                  </td>
                  <td class="post-type">
                      story
                  </td>
                  <td class="post-time">
                      2023 Nov 05 05:57 (7 days 1 hour 32 minutes 35 seconds ago)
                  </td>
                  <td class="post-url">
                      https://grok.x.ai/
                  </td>
              </tr>
    
        53)   <tr>
                  <td class="post-score">
                      219
                  </td>
                  <td class="post-title">
                      Asciinema: Record and share your terminal sessions, the simple way
                  </td>
                  <td class="post-type">
                      story
                  </td>
                  <td class="post-time">
                      2023 Nov 03 20:53 (8 days 10 hours 36 minutes 30 seconds ago)
                  </td>
                  <td class="post-url">
                      https://asciinema.org/
                  </td>
              </tr>
    
        54)   <tr>
                  <td class="post-score">
                      605
                  </td>
                  <td class="post-title">
                      In 1886, the US commissioned watercolor paintings of every known fruit (2019)
                  </td>
                  <td class="post-type">
                      story
                  </td>
                  <td class="post-time">
                      2023 Nov 02 22:30 (9 days 8 hours 59 minutes 52 seconds ago)
                  </td>
                  <td class="post-url">
                      https://www.openculture.com/2019/06/the-us-government-commissioned-7500-watercolor-paintings.html
                  </td>
              </tr>
    
        55)   <tr>
                  <td class="post-score">
                      467
                  </td>
                  <td class="post-title">
                      No dogs were harmed in the making of this app
                  </td>
                  <td class="post-type">
                      story
                  </td>
                  <td class="post-time">
                      2023 Nov 03 13:47 (8 days 17 hours 42 minutes 7 seconds ago)
                  </td>
                  <td class="post-url">
                      https://shmck.substack.com/p/no-dogs-were-harmed-in-the-making
                  </td>
              </tr>
    
        56)   <tr>
                  <td class="post-score">
                      417
                  </td>
                  <td class="post-title">
                      Bringing garbage collected programming languages efficiently to WebAssembly
                  </td>
                  <td class="post-type">
                      story
                  </td>
                  <td class="post-time">
                      2023 Nov 03 06:50 (9 days 39 minutes 29 seconds ago)
                  </td>
                  <td class="post-url">
                      https://v8.dev/blog/wasm-gc-porting
                  </td>
              </tr>
    
        57)   <tr>
                  <td class="post-score">
                      225
                  </td>
                  <td class="post-title">
                      Wooden Game Boy
                  </td>
                  <td class="post-type">
                      story
                  </td>
                  <td class="post-time">
                      2023 Nov 03 21:32 (8 days 9 hours 57 minutes 20 seconds ago)
                  </td>
                  <td class="post-url">
                      https://there.oughta.be/a/wooden-game-boy
                  </td>
              </tr>
    
        58)   <tr>
                  <td class="post-score">
                      80
                  </td>
                  <td class="post-title">
                      The Apple II Circuit Description (1983)
                  </td>
                  <td class="post-type">
                      story
                  </td>
                  <td class="post-time">
                      2023 Nov 02 14:58 (9 days 16 hours 31 minutes 22 seconds ago)
                  </td>
                  <td class="post-url">
                      https://archive.org/details/taiicd
                  </td>
              </tr>
    
        59)   <tr>
                  <td class="post-score">
                      304
                  </td>
                  <td class="post-title">
                      Bevy 0.12
                  </td>
                  <td class="post-type">
                      story
                  </td>
                  <td class="post-time">
                      2023 Nov 04 19:39 (7 days 11 hours 50 minutes 15 seconds ago)
                  </td>
                  <td class="post-url">
                      https://bevyengine.org/news/bevy-0-12/
                  </td>
              </tr>
    
        60)   <tr>
                  <td class="post-score">
                      203
                  </td>
                  <td class="post-title">
                      Telling GPT-4 you're scared or under pressure improves performance
                  </td>
                  <td class="post-type">
                      story
                  </td>
                  <td class="post-time">
                      2023 Nov 04 00:40 (8 days 6 hours 49 minutes 10 seconds ago)
                  </td>
                  <td class="post-url">
                      https://aimodels.substack.com/p/telling-gpt-4-youre-scared-or-under
                  </td>
              </tr>
    
        61)   <tr>
                  <td class="post-score">
                      1952
                  </td>
                  <td class="post-title">
                      Sam Bankman-Fried Convicted
                  </td>
                  <td class="post-type">
                      story
                  </td>
                  <td class="post-time">
                      2023 Nov 02 23:49 (9 days 7 hours 40 minutes 43 seconds ago)
                  </td>
                  <td class="post-url">
                      https://www.nytimes.com/live/2023/11/02/business/sam-bankman-fried-trial
                  </td>
              </tr>
    
        62)   <tr>
                  <td class="post-score">
                      188
                  </td>
                  <td class="post-title">
                      Surround sound test files for every audio format
                  </td>
                  <td class="post-type">
                      story
                  </td>
                  <td class="post-time">
                      2023 Nov 03 22:21 (8 days 9 hours 8 minutes 29 seconds ago)
                  </td>
                  <td class="post-url">
                      https://drive.google.com/drive/folders/1JxmeedtAtgmoafXv9rroiDOS2vEX7N4b
                  </td>
              </tr>
    
        63)   <tr>
                  <td class="post-score">
                      128
                  </td>
                  <td class="post-title">
                      Tesla strike widens as Swedish union expands blockade
                  </td>
                  <td class="post-type">
                      story
                  </td>
                  <td class="post-time">
                      2023 Nov 04 23:30 (7 days 7 hours 59 minutes 22 seconds ago)
                  </td>
                  <td class="post-url">
                      https://www.thelocal.se/20231103/tesla-strike-widens-as-swedish-union-expands-blockade
                  </td>
              </tr>
    
        64)   <tr>
                  <td class="post-score">
                      15
                  </td>
                  <td class="post-title">
                      R─ühui and the Art of Marine Conservation
                  </td>
                  <td class="post-type">
                      story
                  </td>
                  <td class="post-time">
                      2023 Nov 04 03:03 (8 days 4 hours 26 minutes 27 seconds ago)
                  </td>
                  <td class="post-url">
                      https://hakaimagazine.com/features/rahui-and-the-art-of-marine-conservation/
                  </td>
              </tr>
    
        65)   <tr>
                  <td class="post-score">
                      81
                  </td>
                  <td class="post-title">
                      Large-scale violence in Late Neolithic Western Europe based on skeletal evidence
                  </td>
                  <td class="post-type">
                      story
                  </td>
                  <td class="post-time">
                      2023 Nov 04 02:56 (8 days 4 hours 33 minutes 32 seconds ago)
                  </td>
                  <td class="post-url">
                      https://www.nature.com/articles/s41598-023-43026-9
                  </td>
              </tr>
    
        66)   <tr>
                  <td class="post-score">
                      224
                  </td>
                  <td class="post-title">
                      First observation of a virus attaching to another virus
                  </td>
                  <td class="post-type">
                      story
                  </td>
                  <td class="post-time">
                      2023 Nov 03 12:47 (8 days 18 hours 42 minutes 18 seconds ago)
                  </td>
                  <td class="post-url">
                      https://umbc.edu/stories/first-observed-virus-attaching-to-another/
                  </td>
              </tr>
    
        67)   <tr>
                  <td class="post-score">
                      185
                  </td>
                  <td class="post-title">
                      KDE desktop cube effect returns
                  </td>
                  <td class="post-type">
                      story
                  </td>
                  <td class="post-time">
                      2023 Nov 04 14:13 (7 days 17 hours 16 minutes 9 seconds ago)
                  </td>
                  <td class="post-url">
                      https://www.phoronix.com/news/KDE-Wayland-Color-Mgmt
                  </td>
              </tr>
    
        68)   <tr>
                  <td class="post-score">
                      49
                  </td>
                  <td class="post-title">
                      Searching for hidden silicon art on a microchip
                  </td>
                  <td class="post-type">
                      story
                  </td>
                  <td class="post-time">
                      2023 Nov 04 16:48 (7 days 14 hours 41 minutes 14 seconds ago)
                  </td>
                  <td class="post-url">
                      https://twitter.com/microscopicture/status/1720837951238636018
                  </td>
              </tr>
    
        69)   <tr>
                  <td class="post-score">
                      19
                  </td>
                  <td class="post-title">
                      U.S. cities consider banning "right on red" laws amid rise in pedestrian deaths
                  </td>
                  <td class="post-type">
                      story
                  </td>
                  <td class="post-time">
                      2023 Nov 04 23:45 (7 days 7 hours 44 minutes 33 seconds ago)
                  </td>
                  <td class="post-url">
                      https://www.cbsnews.com/news/pedestrian-deaths-right-on-red-ban/
                  </td>
              </tr>
    
        70)   <tr>
                  <td class="post-score">
                      195
                  </td>
                  <td class="post-title">
                      Paste without formatting on macOS
                  </td>
                  <td class="post-type">
                      story
                  </td>
                  <td class="post-time">
                      2023 Nov 04 14:31 (7 days 16 hours 58 minutes 43 seconds ago)
                  </td>
                  <td class="post-url">
                      https://scottswezey.com/always-paste-without-formatting-macos/
                  </td>
              </tr>
    
        71)   <tr>
                  <td class="post-score">
                      1187
                  </td>
                  <td class="post-title">
                      Cosmopolitan Third Edition
                  </td>
                  <td class="post-type">
                      story
                  </td>
                  <td class="post-time">
                      2023 Nov 01 17:25 (10 days 14 hours 4 minutes 20 seconds ago)
                  </td>
                  <td class="post-url">
                      https://justine.lol/cosmo3/
                  </td>
              </tr>
    
        72)   <tr>
                  <td class="post-score">
                      126
                  </td>
                  <td class="post-title">
                      Bibi-binary
                  </td>
                  <td class="post-type">
                      story
                  </td>
                  <td class="post-time">
                      2023 Nov 02 08:55 (9 days 22 hours 35 minutes ago)
                  </td>
                  <td class="post-url">
                      https://en.wikipedia.org/wiki/Bibi-binary
                  </td>
              </tr>
    
        73)   <tr>
                  <td class="post-score">
                      57
                  </td>
                  <td class="post-title">
                      UK plans to redefine extremism to include undermining the country
                  </td>
                  <td class="post-type">
                      story
                  </td>
                  <td class="post-time">
                      2023 Nov 04 18:57 (7 days 12 hours 32 minutes 23 seconds ago)
                  </td>
                  <td class="post-url">
                      https://www.theguardian.com/uk-news/2023/nov/04/plans-to-redefine-extremism-would-include-undermining-uk-values
                  </td>
              </tr>
    
        74)   <tr>
                  <td class="post-score">
                      453
                  </td>
                  <td class="post-title">
                      Light can make water evaporate without heat
                  </td>
                  <td class="post-type">
                      story
                  </td>
                  <td class="post-time">
                      2023 Nov 02 17:59 (9 days 13 hours 30 minutes 3 seconds ago)
                  </td>
                  <td class="post-url">
                      https://news.mit.edu/2023/surprising-finding-light-makes-water-evaporate-without-heat-1031
                  </td>
              </tr>
    
        75)   <tr>
                  <td class="post-score">
                      13
                  </td>
                  <td class="post-title">
                      The Trust Principles
                  </td>
                  <td class="post-type">
                      story
                  </td>
                  <td class="post-time">
                      2023 Nov 04 14:32 (7 days 16 hours 57 minutes 57 seconds ago)
                  </td>
                  <td class="post-url">
                      https://www.thomsonreuters.com/en/about-us/trust-principles.html
                  </td>
              </tr>
    
        76)   <tr>
                  <td class="post-score">
                      15
                  </td>
                  <td class="post-title">
                      Coding in Public: Help Battle Imposter Syndrome and Inspire Others
                  </td>
                  <td class="post-type">
                      story
                  </td>
                  <td class="post-time">
                      2023 Nov 04 11:58 (7 days 19 hours 31 minutes 59 seconds ago)
                  </td>
                  <td class="post-url">
                      https://www.codingtemple.com/blog/coding-in-public-help-battle-imposter-syndrome-and-inspire-others/
                  </td>
              </tr>
    
        77)   <tr>
                  <td class="post-score">
                      257
                  </td>
                  <td class="post-title">
                      Software that supports your body should always respect your freedom
                  </td>
                  <td class="post-type">
                      story
                  </td>
                  <td class="post-time">
                      2023 Nov 04 17:26 (7 days 14 hours 3 minutes 1 second ago)
                  </td>
                  <td class="post-url">
                      https://www.fsf.org/blogs/community/software-that-supports-your-body-should-always-respect-your-freedom
                  </td>
              </tr>
    
        78)   <tr>
                  <td class="post-score">
                      117
                  </td>
                  <td class="post-title">
                      Show HN: MicroLua ΓÇô Lua for the RP2040 Microcontroller
                  </td>
                  <td class="post-type">
                      story
                  </td>
                  <td class="post-time">
                      2023 Nov 03 18:45 (8 days 12 hours 44 minutes 56 seconds ago)
                  </td>
                  <td class="post-url">
                      https://github.com/MicroLua/MicroLua
                  </td>
              </tr>
    
        79)   <tr>
                  <td class="post-score">
                      451
                  </td>
                  <td class="post-title">
                      Post Mortem on Cloudflare Control Plane and Analytics Outage
                  </td>
                  <td class="post-type">
                      story
                  </td>
                  <td class="post-time">
                      2023 Nov 04 06:20 (8 days 1 hour 9 minutes 19 seconds ago)
                  </td>
                  <td class="post-url">
                      https://blog.cloudflare.com/post-mortem-on-cloudflare-control-plane-and-analytics-outage/
                  </td>
              </tr>
    
        80)   <tr>
                  <td class="post-score">
                      543
                  </td>
                  <td class="post-title">
                      Portugal. The Man ΓÇô Official Website Is a Google Sheets Document
                  </td>
                  <td class="post-type">
                      story
                  </td>
                  <td class="post-time">
                      2023 Nov 03 23:59 (8 days 7 hours 30 minutes 6 seconds ago)
                  </td>
                  <td class="post-url">
                      https://www.portugaltheman.com/?frontpage=true
                  </td>
              </tr>
    
        81)   <tr>
                  <td class="post-score">
                      212
                  </td>
                  <td class="post-title">
                      M3 Macs: there's more to performance than counting cores
                  </td>
                  <td class="post-type">
                      story
                  </td>
                  <td class="post-time">
                      2023 Nov 03 07:59 (8 days 23 hours 30 minutes 10 seconds ago)
                  </td>
                  <td class="post-url">
                      https://eclecticlight.co/2023/11/03/m3-macs-theres-more-to-performance-than-counting-cores/
                  </td>
              </tr>
    
        82)   <tr>
                  <td class="post-score">
                      43
                  </td>
                  <td class="post-title">
                      What is a Teddy Roosevelt presidential library doing in North Dakota?
                  </td>
                  <td class="post-type">
                      story
                  </td>
                  <td class="post-time">
                      2023 Nov 03 19:14 (8 days 12 hours 15 minutes 17 seconds ago)
                  </td>
                  <td class="post-url">
                      https://www.nytimes.com/2023/10/27/arts/theodore-roosevelt-presidential-library.html
                  </td>
              </tr>
    
        83)   <tr>
                  <td class="post-score">
                      5
                  </td>
                  <td class="post-title">
                      You Are Not Late (2014)
                  </td>
                  <td class="post-type">
                      story
                  </td>
                  <td class="post-time">
                      2023 Nov 04 15:26 (7 days 16 hours 3 minutes 43 seconds ago)
                  </td>
                  <td class="post-url">
                      https://kk.org/thetechnium/you-are-not-late/
                  </td>
              </tr>
    
        84)   <tr>
                  <td class="post-score">
                      156
                  </td>
                  <td class="post-title">
                      Shinzo Abe's Assassination
                  </td>
                  <td class="post-type">
                      story
                  </td>
                  <td class="post-time">
                      2023 Nov 04 13:07 (7 days 18 hours 22 minutes 15 seconds ago)
                  </td>
                  <td class="post-url">
                      https://www.theatlantic.com/magazine/archive/2023/10/shinzo-abe-assassination-japan-unification-church-moonies/675114/
                  </td>
              </tr>
    
        85)   <tr>
                  <td class="post-score">
                      101
                  </td>
                  <td class="post-title">
                      Sometimes, it is a compiler bug (2022)
                  </td>
                  <td class="post-type">
                      story
                  </td>
                  <td class="post-time">
                      2023 Nov 04 03:46 (8 days 3 hours 43 minutes 49 seconds ago)
                  </td>
                  <td class="post-url">
                      https://quick-lint-js.com/blog/bug-journey/
                  </td>
              </tr>
    
        86)   <tr>
                  <td class="post-score">
                      154
                  </td>
                  <td class="post-title">
                      Guide to Adopting AV1 Encoding
                  </td>
                  <td class="post-type">
                      story
                  </td>
                  <td class="post-time">
                      2023 Nov 03 15:17 (8 days 16 hours 12 minutes 15 seconds ago)
                  </td>
                  <td class="post-url">
                      https://bitmovin.com/av1/av1-encoding-guide/
                  </td>
              </tr>
    
        87)   <tr>
                  <td class="post-score">
                      7
                  </td>
                  <td class="post-title">
                      Ask HN: Where do you get your health news?
                  </td>
                  <td class="post-type">
                      story
                  </td>
                  <td class="post-time">
                      2023 Nov 05 00:57 (7 days 6 hours 32 minutes 4 seconds ago)
                  </td>
                  <td class="post-url">
                      
                  </td>
              </tr>
    
        88)   <tr>
                  <td class="post-score">
                      37
                  </td>
                  <td class="post-title">
                      Mass producing the most expensive rice cooker [video]
                  </td>
                  <td class="post-type">
                      story
                  </td>
                  <td class="post-time">
                      2023 Nov 04 16:33 (7 days 14 hours 56 minutes 20 seconds ago)
                  </td>
                  <td class="post-url">
                      https://www.youtube.com/watch?v=xLCwr8qG1p4
                  </td>
              </tr>
    
        89)   <tr>
                  <td class="post-score">
                      32
                  </td>
                  <td class="post-title">
                      Codec Royalties on Content and the Jaws Moment
                  </td>
                  <td class="post-type">
                      story
                  </td>
                  <td class="post-time">
                      2023 Nov 03 21:07 (8 days 10 hours 22 minutes 1 second ago)
                  </td>
                  <td class="post-url">
                      https://streaminglearningcenter.com/codecs/codec-royalties-on-content.html
                  </td>
              </tr>
    
        90)   <tr>
                  <td class="post-score">
                      139
                  </td>
                  <td class="post-title">
                      Louis Armstrong's Last Word
                  </td>
                  <td class="post-type">
                      story
                  </td>
                  <td class="post-time">
                      2023 Nov 02 20:16 (9 days 11 hours 13 minutes 25 seconds ago)
                  </td>
                  <td class="post-url">
                      https://www.thenation.com/article/culture/louis-armstrong-archive/
                  </td>
              </tr>
    
        91)   <tr>
                  <td class="post-score">
                      111
                  </td>
                  <td class="post-title">
                      The Sega Hitachi HiSaturn Navi Console
                  </td>
                  <td class="post-type">
                      story
                  </td>
                  <td class="post-time">
                      2023 Nov 03 22:43 (8 days 8 hours 46 minutes 22 seconds ago)
                  </td>
                  <td class="post-url">
                      https://nfggames.com/games/hisaturn/
                  </td>
              </tr>
    
        92)   <tr>
                  <td class="post-score">
                      124
                  </td>
                  <td class="post-title">
                      My experience taking Tesla to court about FSD
                  </td>
                  <td class="post-type">
                      story
                  </td>
                  <td class="post-time">
                      2023 Nov 05 00:23 (7 days 7 hours 6 minutes 20 seconds ago)
                  </td>
                  <td class="post-url">
                      https://teslamotorsclub.com/tmc/threads/my-experience-taking-tesla-to-court-about-fsd.315086/
                  </td>
              </tr>
    
        93)   <tr>
                  <td class="post-score">
                      179
                  </td>
                  <td class="post-title">
                      Pix2tex: Using a ViT to convert images of equations into LaTeX code
                  </td>
                  <td class="post-type">
                      story
                  </td>
                  <td class="post-time">
                      2023 Nov 03 10:17 (8 days 21 hours 12 minutes 57 seconds ago)
                  </td>
                  <td class="post-url">
                      https://github.com/lukas-blecher/LaTeX-OCR
                  </td>
              </tr>
    
        94)   <tr>
                  <td class="post-score">
                      470
                  </td>
                  <td class="post-title">
                      Talk-Llama
                  </td>
                  <td class="post-type">
                      story
                  </td>
                  <td class="post-time">
                      2023 Nov 02 07:32 (9 days 23 hours 57 minutes 27 seconds ago)
                  </td>
                  <td class="post-url">
                      https://github.com/ggerganov/whisper.cpp/tree/master/examples/talk-llama
                  </td>
              </tr>
    
        95)   <tr>
                  <td class="post-score">
                      145
                  </td>
                  <td class="post-title">
                      Cooperative C++ Evolution ΓÇô Toward a TypeScript for C++
                  </td>
                  <td class="post-type">
                      story
                  </td>
                  <td class="post-time">
                      2023 Nov 04 13:30 (7 days 17 hours 59 minutes 20 seconds ago)
                  </td>
                  <td class="post-url">
                      https://herbsutter.com/2023/10/09/my-new-cppcon-talk-is-on-youtube-cooperative-c-evolution-toward-a-typescript-for-c/
                  </td>
              </tr>
    
        96)   <tr>
                  <td class="post-score">
                      35
                  </td>
                  <td class="post-title">
                      The StahlDream
                  </td>
                  <td class="post-type">
                      story
                  </td>
                  <td class="post-time">
                      2023 Nov 04 01:18 (8 days 6 hours 11 minutes 11 seconds ago)
                  </td>
                  <td class="post-url">
                      https://remexre.com/stahl/dream
                  </td>
              </tr>
    
        97)   <tr>
                  <td class="post-score">
                      112
                  </td>
                  <td class="post-title">
                      Frink is a programming language designed to make physical calculations simple
                  </td>
                  <td class="post-type">
                      story
                  </td>
                  <td class="post-time">
                      2023 Nov 03 06:36 (9 days 53 minutes 7 seconds ago)
                  </td>
                  <td class="post-url">
                      https://frinklang.org/
                  </td>
              </tr>
    
        98)   <tr>
                  <td class="post-score">
                      38
                  </td>
                  <td class="post-title">
                      SBF Is Headed to Prison but FTX Will Haunt the Crypto Community for Years
                  </td>
                  <td class="post-type">
                      story
                  </td>
                  <td class="post-time">
                      2023 Nov 05 01:59 (7 days 5 hours 30 minutes 27 seconds ago)
                  </td>
                  <td class="post-url">
                      https://gizmodo.com/ftx-fbi-sam-bankman-fried-cryptocurrency-data-1850990825
                  </td>
              </tr>
    
        99)   <tr>
                  <td class="post-score">
                      59
                  </td>
                  <td class="post-title">
                      Yorick is an interpreted programming language for scientific simulations
                  </td>
                  <td class="post-type">
                      story
                  </td>
                  <td class="post-time">
                      2023 Nov 03 21:00 (8 days 10 hours 29 minutes 59 seconds ago)
                  </td>
                  <td class="post-url">
                      https://yorick.sourceforge.net/
                  </td>
              </tr>
    
        100)  <tr>
                  <td class="post-score">
                      149
                  </td>
                  <td class="post-title">
                      Starfish bodies arenΓÇÖt bodies at all, study finds
                  </td>
                  <td class="post-type">
                      story
                  </td>
                  <td class="post-time">
                      2023 Nov 04 13:54 (7 days 17 hours 35 minutes 34 seconds ago)
                  </td>
                  <td class="post-url">
                      https://www.cnn.com/2023/11/02/world/starfish-head-body-plan-scn/index.html
                  </td>
              </tr>
    
        101)  <tr>
                  <td class="post-score">
                      7
                  </td>
                  <td class="post-title">
                      SFML 2.6.1
                  </td>
                  <td class="post-type">
                      story
                  </td>
                  <td class="post-time">
                      2023 Nov 04 21:24 (7 days 10 hours 5 minutes 44 seconds ago)
                  </td>
                  <td class="post-url">
                      https://github.com/SFML/SFML/releases/tag/2.6.1
                  </td>
              </tr>
    
        102)  <tr>
                  <td class="post-score">
                      21
                  </td>
                  <td class="post-title">
                      Running Mod_Perl with Mojolicious in Docker
                  </td>
                  <td class="post-type">
                      story
                  </td>
                  <td class="post-time">
                      2023 Nov 03 23:02 (8 days 8 hours 27 minutes 41 seconds ago)
                  </td>
                  <td class="post-url">
                      https://rawley.xyz/docker-mod-perl.html
                  </td>
              </tr>
    
        103)  <tr>
                  <td class="post-score">
                      67
                  </td>
                  <td class="post-title">
                      The Great Inflation
                  </td>
                  <td class="post-type">
                      story
                  </td>
                  <td class="post-time">
                      2023 Nov 04 14:42 (7 days 16 hours 47 minutes 33 seconds ago)
                  </td>
                  <td class="post-url">
                      https://www.federalreservehistory.org/essays/great-inflation
                  </td>
              </tr>
    
        104)  <tr>
                  <td class="post-score">
                      174
                  </td>
                  <td class="post-title">
                      MetNet-3: A state-of-the-art neural weather model
                  </td>
                  <td class="post-type">
                      story
                  </td>
                  <td class="post-time">
                      2023 Nov 03 00:34 (9 days 6 hours 55 minutes 20 seconds ago)
                  </td>
                  <td class="post-url">
                      https://blog.research.google/2023/11/metnet-3-state-of-art-neural-weather.html?m=1
                  </td>
              </tr>
    
        105)  <tr>
                  <td class="post-score">
                      264
                  </td>
                  <td class="post-title">
                      From S3 to R2: An economic opportunity
                  </td>
                  <td class="post-type">
                      story
                  </td>
                  <td class="post-time">
                      2023 Nov 02 19:15 (9 days 12 hours 14 minutes 15 seconds ago)
                  </td>
                  <td class="post-url">
                      https://dansdatathoughts.substack.com/p/from-s3-to-r2-an-economic-opportunity
                  </td>
              </tr>
    
        106)  <tr>
                  <td class="post-score">
                      481
                  </td>
                  <td class="post-title">
                      Ask HN: Who is hiring? (November 2023)
                  </td>
                  <td class="post-type">
                      story
                  </td>
                  <td class="post-time">
                      2023 Nov 01 15:00 (10 days 16 hours 29 minutes 17 seconds ago)
                  </td>
                  <td class="post-url">
                      
                  </td>
              </tr>
    
        107)  <tr>
                  <td class="post-score">
                      208
                  </td>
                  <td class="post-title">
                      Course using F#: Write your own tiny programming system(s)
                  </td>
                  <td class="post-type">
                      story
                  </td>
                  <td class="post-time">
                      2023 Nov 02 21:41 (9 days 9 hours 48 minutes 57 seconds ago)
                  </td>
                  <td class="post-url">
                      https://d3s.mff.cuni.cz/teaching/nprg077/
                  </td>
              </tr>
    
        108)  <tr>
                  <td class="post-score">
                      11
                  </td>
                  <td class="post-title">
                      Astra, low on cash, defaults on loan
                  </td>
                  <td class="post-type">
                      story
                  </td>
                  <td class="post-time">
                      2023 Nov 04 20:16 (7 days 11 hours 13 minutes 49 seconds ago)
                  </td>
                  <td class="post-url">
                      https://spacenews.com/astra-low-on-cash-defaults-on-loan/
                  </td>
              </tr>
    
        109)  <tr>
                  <td class="post-score">
                      204
                  </td>
                  <td class="post-title">
                      Maersk to cut 10k jobs as shipping demand drops
                  </td>
                  <td class="post-type">
                      story
                  </td>
                  <td class="post-time">
                      2023 Nov 04 04:39 (8 days 2 hours 50 minutes 14 seconds ago)
                  </td>
                  <td class="post-url">
                      https://www.reuters.com/business/shipping-giant-maersk-q3-above-expectation-sees-fy-lower-end-range-2023-11-03/
                  </td>
              </tr>
    
        110)  <tr>
                  <td class="post-score">
                      52
                  </td>
                  <td class="post-title">
                      Welcome to the New GamersNexus Website v5.0: A Message
                  </td>
                  <td class="post-type">
                      story
                  </td>
                  <td class="post-time">
                      2023 Nov 04 21:16 (7 days 10 hours 13 minutes 49 seconds ago)
                  </td>
                  <td class="post-url">
                      https://gamersnexus.net/gn-extras/welcome-new-gamersnexus-website-v50-message
                  </td>
              </tr>
    
        111)  <tr>
                  <td class="post-score">
                      252
                  </td>
                  <td class="post-title">
                      How to stop adulterated turmeric from killing people
                  </td>
                  <td class="post-type">
                      story
                  </td>
                  <td class="post-time">
                      2023 Nov 04 07:59 (7 days 23 hours 30 minutes 12 seconds ago)
                  </td>
                  <td class="post-url">
                      https://www.economist.com/leaders/2023/11/02/how-to-stop-turmeric-from-killing-people
                  </td>
              </tr>
    
        112)  <tr>
                  <td class="post-score">
                      38
                  </td>
                  <td class="post-title">
                      The Miracle of Photography
                  </td>
                  <td class="post-type">
                      story
                  </td>
                  <td class="post-time">
                      2023 Nov 03 17:46 (8 days 13 hours 43 minutes 21 seconds ago)
                  </td>
                  <td class="post-url">
                      https://themillions.com/2023/11/the-miracle-of-photography.html
                  </td>
              </tr>
    
        113)  <tr>
                  <td class="post-score">
                      71
                  </td>
                  <td class="post-title">
                      Edison Bulb Night Mode
                  </td>
                  <td class="post-type">
                      story
                  </td>
                  <td class="post-time">
                      2023 Nov 03 22:29 (8 days 9 hours 58 seconds ago)
                  </td>
                  <td class="post-url">
                      https://www.petemillspaugh.com/edison-bulb
                  </td>
              </tr>
    
        114)  <tr>
                  <td class="post-score">
                      155
                  </td>
                  <td class="post-title">
                      RegEx Crossword (2013)
                  </td>
                  <td class="post-type">
                      story
                  </td>
                  <td class="post-time">
                      2023 Nov 02 10:30 (9 days 20 hours 59 minutes 57 seconds ago)
                  </td>
                  <td class="post-url">
                      https://jimbly.github.io/regex-crossword/
                  </td>
              </tr>
    
        115)  <tr>
                  <td class="post-score">
                      65
                  </td>
                  <td class="post-title">
                      CPU-Z's Inadequate Benchmark
                  </td>
                  <td class="post-type">
                      story
                  </td>
                  <td class="post-time">
                      2023 Nov 04 00:27 (8 days 7 hours 2 minutes 11 seconds ago)
                  </td>
                  <td class="post-url">
                      https://chipsandcheese.com/2023/11/03/cpu-zs-inadequate-benchmark/
                  </td>
              </tr>
    
        116)  <tr>
                  <td class="post-score">
                      29
                  </td>
                  <td class="post-title">
                      DEA Launches Crack Down on San Francisco Fentanyl Dealing
                  </td>
                  <td class="post-type">
                      story
                  </td>
                  <td class="post-time">
                      2023 Nov 04 23:44 (7 days 7 hours 45 minutes 11 seconds ago)
                  </td>
                  <td class="post-url">
                      https://abc7news.com/sf-fentanyl-drug-dealers-all-hands-of-deck-operation-sfpd/14006658/
                  </td>
              </tr>
    
        117)  <tr>
                  <td class="post-score">
                      205
                  </td>
                  <td class="post-title">
                      Uranium demand hits decade high as nuclear renaissance gains traction
                  </td>
                  <td class="post-type">
                      story
                  </td>
                  <td class="post-time">
                      2023 Nov 04 00:11 (8 days 7 hours 18 minutes 3 seconds ago)
                  </td>
                  <td class="post-url">
                      https://oilprice.com/The-Environment/Global-Warming/Uranium-Demand-Hits-Decade-High-As-Nuclear-Renaissance-Gains-Traction.html
                  </td>
              </tr>
    
        118)  <tr>
                  <td class="post-score">
                      56
                  </td>
                  <td class="post-title">
                      Accelerating digital block design with Google's open source Mid-Level Synthesis
                  </td>
                  <td class="post-type">
                      story
                  </td>
                  <td class="post-time">
                      2023 Nov 03 19:53 (8 days 11 hours 36 minutes 51 seconds ago)
                  </td>
                  <td class="post-url">
                      https://antmicro.com/blog/2023/09/accelerating-digital-block-design-with-googles-xls/
                  </td>
              </tr>
    
        119)  <tr>
                  <td class="post-score">
                      26
                  </td>
                  <td class="post-title">
                      Show HN: Cami.js ΓÇô A No Build, Web Component Based Reactive Framework
                  </td>
                  <td class="post-type">
                      story
                  </td>
                  <td class="post-time">
                      2023 Nov 04 18:33 (7 days 12 hours 56 minutes 24 seconds ago)
                  </td>
                  <td class="post-url">
                      https://github.com/kennyfrc/cami.js
                  </td>
              </tr>
    
        120)  <tr>
                  <td class="post-score">
                      177
                  </td>
                  <td class="post-title">
                      Why You Should Write Your Own Static Site Generator
                  </td>
                  <td class="post-type">
                      story
                  </td>
                  <td class="post-time">
                      2023 Nov 03 09:10 (8 days 22 hours 19 minutes 27 seconds ago)
                  </td>
                  <td class="post-url">
                      https://arne.me/articles/write-your-own-ssg
                  </td>
              </tr>
    
        121)  <tr>
                  <td class="post-score">
                      12
                  </td>
                  <td class="post-title">
                      GiNaC: Open framework for symbolic computation within C++ programming language
                  </td>
                  <td class="post-type">
                      story
                  </td>
                  <td class="post-time">
                      2023 Nov 04 03:25 (8 days 4 hours 4 minutes 34 seconds ago)
                  </td>
                  <td class="post-url">
                      https://www.ginac.de/tutorial/
                  </td>
              </tr>
    
        122)  <tr>
                  <td class="post-score">
                      39
                  </td>
                  <td class="post-title">
                      Liblinux ΓÇô architecture-independent access to Linux system calls
                  </td>
                  <td class="post-type">
                      story
                  </td>
                  <td class="post-time">
                      2023 Nov 03 08:47 (8 days 22 hours 42 minutes 47 seconds ago)
                  </td>
                  <td class="post-url">
                      https://github.com/matheusmoreira/liblinux
                  </td>
              </tr>
    
        123)  <tr>
                  <td class="post-score">
                      111
                  </td>
                  <td class="post-title">
                      Enable ARMv9 Memory Tagging Extension (MTE) on Pixel 8
                  </td>
                  <td class="post-type">
                      story
                  </td>
                  <td class="post-time">
                      2023 Nov 03 06:55 (9 days 34 minutes 38 seconds ago)
                  </td>
                  <td class="post-url">
                      https://outflux.net/blog/archives/2023/10/26/enable-mte-on-pixel-8/
                  </td>
              </tr>
    
        124)  <tr>
                  <td class="post-score">
                      56
                  </td>
                  <td class="post-title">
                      Why is RC Cola popular in Tajikistan?
                  </td>
                  <td class="post-type">
                      story
                  </td>
                  <td class="post-time">
                      2023 Nov 03 20:07 (8 days 11 hours 22 minutes 14 seconds ago)
                  </td>
                  <td class="post-url">
                      https://www.snackstack.net/p/why-is-rc-cola-popular-in-tajikistan
                  </td>
              </tr>
    
        125)  <tr>
                  <td class="post-score">
                      7
                  </td>
                  <td class="post-title">
                      Show HN: I started building yet another CSS framework
                  </td>
                  <td class="post-type">
                      story
                  </td>
                  <td class="post-time">
                      2023 Nov 04 08:55 (7 days 22 hours 34 minutes 46 seconds ago)
                  </td>
                  <td class="post-url">
                      https://eternityforest.github.io/barrel.css/
                  </td>
              </tr>
    
        126)  <tr>
                  <td class="post-score">
                      85
                  </td>
                  <td class="post-title">
                      How to help someone use a computer (1996)
                  </td>
                  <td class="post-type">
                      story
                  </td>
                  <td class="post-time">
                      2023 Nov 03 08:46 (8 days 22 hours 43 minutes 16 seconds ago)
                  </td>
                  <td class="post-url">
                      https://pages.gseis.ucla.edu/faculty/agre/how-to-help.html
                  </td>
              </tr>
    
        127)  <tr>
                  <td class="post-score">
                      193
                  </td>
                  <td class="post-title">
                      Is there anywhere in the world someone can just live for free?
                  </td>
                  <td class="post-type">
                      story
                  </td>
                  <td class="post-time">
                      2023 Nov 04 08:57 (7 days 22 hours 32 minutes 38 seconds ago)
                  </td>
                  <td class="post-url">
                      https://reddit.com/r/NoStupidQuestions/comments/17mvukd/is_there_anywhere_in_the_world_someone_can_just/
                  </td>
              </tr>
    
        128)  <tr>
                  <td class="post-score">
                      84
                  </td>
                  <td class="post-title">
                      First Handset with MTE on the Market
                  </td>
                  <td class="post-type">
                      story
                  </td>
                  <td class="post-time">
                      2023 Nov 03 22:03 (8 days 9 hours 26 minutes 22 seconds ago)
                  </td>
                  <td class="post-url">
                      https://googleprojectzero.blogspot.com/2023/11/first-handset-with-mte-on-market.html
                  </td>
              </tr>
    
        129)  <tr>
                  <td class="post-score">
                      59
                  </td>
                  <td class="post-title">
                      Cats Make Nearly 300 Different Facial Expressions
                  </td>
                  <td class="post-type">
                      story
                  </td>
                  <td class="post-time">
                      2023 Nov 04 21:38 (7 days 9 hours 52 minutes ago)
                  </td>
                  <td class="post-url">
                      https://www.smithsonianmag.com/smart-news/cats-make-nearly-300-different-facial-expressions-180983185/
                  </td>
              </tr>
    
        130)  <tr>
                  <td class="post-score">
                      147
                  </td>
                  <td class="post-title">
                      Email.radio ΓÇô Free Email Domain for Licensed Ham Radio Operators
                  </td>
                  <td class="post-type">
                      story
                  </td>
                  <td class="post-time">
                      2023 Nov 03 02:10 (9 days 5 hours 19 minutes 5 seconds ago)
                  </td>
                  <td class="post-url">
                      https://email.radio/
                  </td>
              </tr>
    
        131)  <tr>
                  <td class="post-score">
                      666
                  </td>
                  <td class="post-title">
                      macOS Sonoma Boot Failures
                  </td>
                  <td class="post-type">
                      story
                  </td>
                  <td class="post-time">
                      2023 Oct 31 18:33 (11 days 12 hours 56 minutes 8 seconds ago)
                  </td>
                  <td class="post-url">
                      https://github.com/AsahiLinux/docs/wiki/macOS-Sonoma-Boot-Failures
                  </td>
              </tr>
    
        132)  <tr>
                  <td class="post-score">
                      98
                  </td>
                  <td class="post-title">
                      Telnet BBS Guide
                  </td>
                  <td class="post-type">
                      story
                  </td>
                  <td class="post-time">
                      2023 Nov 03 23:29 (8 days 8 hours 49 seconds ago)
                  </td>
                  <td class="post-url">
                      https://www.telnetbbsguide.com/
                  </td>
              </tr>
    
        133)  <tr>
                  <td class="post-score">
                      69
                  </td>
                  <td class="post-title">
                      Discord will switch to temporary file links to block malware delivery
                  </td>
                  <td class="post-type">
                      story
                  </td>
                  <td class="post-time">
                      2023 Nov 04 19:11 (7 days 12 hours 18 minutes 56 seconds ago)
                  </td>
                  <td class="post-url">
                      https://www.bleepingcomputer.com/news/security/discord-will-switch-to-temporary-file-links-to-block-malware-delivery/
                  </td>
              </tr>
    
        134)  <tr>
                  <td class="post-score">
                      201
                  </td>
                  <td class="post-title">
                      Podman Desktop v1.5 with Compose onboarding and enhanced Kubernetes pod data
                  </td>
                  <td class="post-type">
                      story
                  </td>
                  <td class="post-time">
                      2023 Nov 03 19:39 (8 days 11 hours 50 minutes 57 seconds ago)
                  </td>
                  <td class="post-url">
                      https://podman-desktop.io/blog/podman-desktop-release-1.5
                  </td>
              </tr>
    
        135)  <tr>
                  <td class="post-score">
                      199
                  </td>
                  <td class="post-title">
                      Okta hit by third-party breach, stealing employee data
                  </td>
                  <td class="post-type">
                      story
                  </td>
                  <td class="post-time">
                      2023 Nov 03 16:15 (8 days 15 hours 14 minutes 47 seconds ago)
                  </td>
                  <td class="post-url">
                      https://arstechnica.com/security/2023/11/okta-hit-by-another-breach-this-one-stealing-employee-data-from-3rd-party-vendor/
                  </td>
              </tr>
    
        136)  <tr>
                  <td class="post-score">
                      124
                  </td>
                  <td class="post-title">
                      If you plant milkweed, they will come
                  </td>
                  <td class="post-type">
                      story
                  </td>
                  <td class="post-time">
                      2023 Nov 03 00:21 (9 days 7 hours 8 minutes 52 seconds ago)
                  </td>
                  <td class="post-url">
                      https://www.nytimes.com/2023/10/25/realestate/gardening-milkweed-plants-butterflies.html
                  </td>
              </tr>
    
        137)  <tr>
                  <td class="post-score">
                      31
                  </td>
                  <td class="post-title">
                      Things I like about Zig as a Go Programmer
                  </td>
                  <td class="post-type">
                      story
                  </td>
                  <td class="post-time">
                      2023 Nov 04 16:38 (7 days 14 hours 51 minutes 26 seconds ago)
                  </td>
                  <td class="post-url">
                      https://medium.com/@vladimirvivien/things-i-like-about-zig-as-a-go-programmer-75eb02aab00f
                  </td>
              </tr>
    
        138)  <tr>
                  <td class="post-score">
                      9
                  </td>
                  <td class="post-title">
                      Upgrading my Chumby 8 kernel part 7: touchscreen
                  </td>
                  <td class="post-type">
                      story
                  </td>
                  <td class="post-time">
                      2023 Nov 03 23:57 (8 days 7 hours 32 minutes 5 seconds ago)
                  </td>
                  <td class="post-url">
                      https://www.downtowndougbrown.com/2023/11/upgrading-my-chumby-8-kernel-part-7-touchscreen/
                  </td>
              </tr>
    
        139)  <tr>
                  <td class="post-score">
                      114
                  </td>
                  <td class="post-title">
                      Embracing community helps us live longer, and be happier (2017)
                  </td>
                  <td class="post-type">
                      story
                  </td>
                  <td class="post-time">
                      2023 Nov 03 19:58 (8 days 11 hours 31 minutes 30 seconds ago)
                  </td>
                  <td class="post-url">
                      https://news.harvard.edu/gazette/story/2017/04/over-nearly-80-years-harvard-study-has-been-showing-how-to-live-a-healthy-and-happy-life/
                  </td>
              </tr>
    
        140)  <tr>
                  <td class="post-score">
                      221
                  </td>
                  <td class="post-title">
                      Joint statement of scientists and NGOs on the EUΓÇÖs proposed eIDAS reform
                  </td>
                  <td class="post-type">
                      story
                  </td>
                  <td class="post-time">
                      2023 Nov 03 11:08 (8 days 20 hours 21 minutes 18 seconds ago)
                  </td>
                  <td class="post-url">
                      https://eidas-open-letter.org/
                  </td>
              </tr>
    
        141)  <tr>
                  <td class="post-score">
                      3
                  </td>
                  <td class="post-title">
                      A guide to home row mods with QMK
                  </td>
                  <td class="post-type">
                      story
                  </td>
                  <td class="post-time">
                      2023 Nov 04 11:21 (7 days 20 hours 8 minutes 20 seconds ago)
                  </td>
                  <td class="post-url">
                      https://precondition.github.io/home-row-mods
                  </td>
              </tr>
    
        142)  <tr>
                  <td class="post-score">
                      14
                  </td>
                  <td class="post-title">
                      Geospatial Technology Radar 2023
                  </td>
                  <td class="post-type">
                      story
                  </td>
                  <td class="post-time">
                      2023 Nov 03 20:03 (8 days 11 hours 26 minutes 27 seconds ago)
                  </td>
                  <td class="post-url">
                      https://element84.com/geospatial-tech-radar-23
                  </td>
              </tr>
    
        143)  <tr>
                  <td class="post-score">
                      49
                  </td>
                  <td class="post-title">
                      HBO CEO Confesses to Trolling Critics with Fake Tweets: Rolling Stone
                  </td>
                  <td class="post-type">
                      story
                  </td>
                  <td class="post-time">
                      2023 Nov 04 06:19 (8 days 1 hour 10 minutes 1 second ago)
                  </td>
                  <td class="post-url">
                      https://www.rollingstone.com/tv-movies/tv-movie-news/hbo-ceo-casey-bloys-confesses-trolling-critics-fake-twitter-accounts-dumb-idea-1234868710/
                  </td>
              </tr>
    
        144)  <tr>
                  <td class="post-score">
                      124
                  </td>
                  <td class="post-title">
                      Ken Mattingly, astronaut scrubbed from Apollo 13, has died
                  </td>
                  <td class="post-type">
                      story
                  </td>
                  <td class="post-time">
                      2023 Nov 03 05:48 (9 days 1 hour 41 minutes 22 seconds ago)
                  </td>
                  <td class="post-url">
                      https://www.nytimes.com/2023/11/02/science/space/ken-mattingly-dead.html
                  </td>
              </tr>
    
        145)  <tr>
                  <td class="post-score">
                      146
                  </td>
                  <td class="post-title">
                      How big data carried graph theory into new dimensions
                  </td>
                  <td class="post-type">
                      story
                  </td>
                  <td class="post-time">
                      2023 Nov 02 21:33 (9 days 9 hours 56 minutes 11 seconds ago)
                  </td>
                  <td class="post-url">
                      https://www.quantamagazine.org/how-big-data-carried-graph-theory-into-new-dimensions-20210819/
                  </td>
              </tr>
    
        146)  <tr>
                  <td class="post-score">
                      235
                  </td>
                  <td class="post-title">
                      Lemming Suicide Myth: Disney Film Faked Bogus Behavior
                  </td>
                  <td class="post-type">
                      story
                  </td>
                  <td class="post-time">
                      2023 Nov 01 22:47 (10 days 8 hours 42 minutes 2 seconds ago)
                  </td>
                  <td class="post-url">
                      https://www.adfg.alaska.gov/index.cfm?adfg=wildlifenews.view_article&articles_id=56
                  </td>
              </tr>
    
        147)  <tr>
                  <td class="post-score">
                      22
                  </td>
                  <td class="post-title">
                      The Future of RSS Is Textcasting
                  </td>
                  <td class="post-type">
                      story
                  </td>
                  <td class="post-time">
                      2023 Nov 03 19:11 (8 days 12 hours 18 minutes 40 seconds ago)
                  </td>
                  <td class="post-url">
                      https://kottke.org/23/11/the-future-of-rss-is-textcasting-1
                  </td>
              </tr>
    
        148)  <tr>
                  <td class="post-score">
                      113
                  </td>
                  <td class="post-title">
                      Auto industry executives admit electric vehicle plans are in jeopardy
                  </td>
                  <td class="post-type">
                      story
                  </td>
                  <td class="post-time">
                      2023 Nov 02 22:26 (9 days 9 hours 3 minutes 11 seconds ago)
                  </td>
                  <td class="post-url">
                      https://www.businessinsider.com/auto-executives-coming-clean-evs-arent-working-2023-10
                  </td>
              </tr>
    
        149)  <tr>
                  <td class="post-score">
                      591
                  </td>
                  <td class="post-title">
                      Confusing Git Terminology
                  </td>
                  <td class="post-type">
                      story
                  </td>
                  <td class="post-time">
                      2023 Nov 02 13:05 (9 days 18 hours 24 minutes 27 seconds ago)
                  </td>
                  <td class="post-url">
                      https://jvns.ca/blog/2023/11/01/confusing-git-terminology/
                  </td>
              </tr>
    
        150)  <tr>
                  <td class="post-score">
                      645
                  </td>
                  <td class="post-title">
                      Copying Angry Birds with nothing but AI
                  </td>
                  <td class="post-type">
                      story
                  </td>
                  <td class="post-time">
                      2023 Oct 31 18:27 (11 days 13 hours 2 minutes 45 seconds ago)
                  </td>
                  <td class="post-url">
                      https://twitter.com/javilopen/status/1719363262179938401
                  </td>
              </tr>
    
        151)  <tr>
                  <td class="post-score">
                      146
                  </td>
                  <td class="post-title">
                      Hyphens, minus, and dashes in Debian man pages
                  </td>
                  <td class="post-type">
                      story
                  </td>
                  <td class="post-time">
                      2023 Nov 02 23:13 (9 days 8 hours 16 minutes 8 seconds ago)
                  </td>
                  <td class="post-url">
                      https://lwn.net/Articles/947941/
                  </td>
              </tr>
    
        152)  <tr>
                  <td class="post-score">
                      91
                  </td>
                  <td class="post-title">
                      The Anthropogenic Salt Cycle
                  </td>
                  <td class="post-type">
                      story
                  </td>
                  <td class="post-time">
                      2023 Nov 03 12:21 (8 days 19 hours 8 minutes 40 seconds ago)
                  </td>
                  <td class="post-url">
                      https://www.nature.com/articles/s43017-023-00485-y
                  </td>
              </tr>
    
        153)  <tr>
                  <td class="post-score">
                      117
                  </td>
                  <td class="post-title">
                      When to Shut Up: A Visual Guide (With Included Algorithm)
                  </td>
                  <td class="post-type">
                      story
                  </td>
                  <td class="post-time">
                      2023 Nov 04 12:24 (7 days 19 hours 5 minutes 42 seconds ago)
                  </td>
                  <td class="post-url">
                      https://shaungallagher.pressbin.com/blog/shut-up.html
                  </td>
              </tr>
    
        154)  <tr>
                  <td class="post-score">
                      297
                  </td>
                  <td class="post-title">
                      macOS Sonoma Broke Grep
                  </td>
                  <td class="post-type">
                      story
                  </td>
                  <td class="post-time">
                      2023 Nov 01 20:24 (10 days 11 hours 5 minutes 38 seconds ago)
                  </td>
                  <td class="post-url">
                      https://developer.apple.com/forums/thread/738862
                  </td>
              </tr>
    
        155)  <tr>
                  <td class="post-score">
                      335
                  </td>
                  <td class="post-title">
                      How Bear does analytics with CSS
                  </td>
                  <td class="post-type">
                      story
                  </td>
                  <td class="post-time">
                      2023 Nov 01 08:08 (10 days 23 hours 21 minutes 51 seconds ago)
                  </td>
                  <td class="post-url">
                      https://herman.bearblog.dev/how-bear-does-analytics-with-css/
                  </td>
              </tr>
    
        156)  <tr>
                  <td class="post-score">
                      87
                  </td>
                  <td class="post-title">
                      Everything We Know About 1970s Mainframe RPGs We Can No Longer Play
                  </td>
                  <td class="post-type">
                      story
                  </td>
                  <td class="post-time">
                      2023 Nov 02 22:31 (9 days 8 hours 58 minutes 44 seconds ago)
                  </td>
                  <td class="post-url">
                      http://crpgaddict.blogspot.com/2021/06/brief-everything-we-know-about-1970s.html
                  </td>
              </tr>
    
        157)  <tr>
                  <td class="post-score">
                      200
                  </td>
                  <td class="post-title">
                      The business of extracting knowledge from academic publications
                  </td>
                  <td class="post-type">
                      story
                  </td>
                  <td class="post-time">
                      2023 Nov 01 21:52 (10 days 9 hours 37 minutes 1 second ago)
                  </td>
                  <td class="post-url">
                      https://www.theseedsofscience.pub/p/the-business-of-extracting-knowledge
                  </td>
              </tr>
    
        158)  <tr>
                  <td class="post-score">
                      244
                  </td>
                  <td class="post-title">
                      Window-swap ΓÇô open a new window somewhere in the world
                  </td>
                  <td class="post-type">
                      story
                  </td>
                  <td class="post-time">
                      2023 Nov 02 01:16 (10 days 6 hours 13 minutes 38 seconds ago)
                  </td>
                  <td class="post-url">
                      https://www.window-swap.com/
                  </td>
              </tr>
    
        159)  <tr>
                  <td class="post-score">
                      80
                  </td>
                  <td class="post-title">
                      AMD Unveils Ryzen Mobile 7040U Series with Zen 4c Efficiency Cores
                  </td>
                  <td class="post-type">
                      story
                  </td>
                  <td class="post-time">
                      2023 Nov 03 10:52 (8 days 20 hours 37 minutes 9 seconds ago)
                  </td>
                  <td class="post-url">
                      https://www.anandtech.com/show/21111/amd-unveils-ryzen-7040u-series-with-zen-4c-smaller-cores-bigger-efficiency
                  </td>
              </tr>
    
        160)  <tr>
                  <td class="post-score">
                      231
                  </td>
                  <td class="post-title">
                      YouTube's plan backfires, people are installing better ad blockers
                  </td>
                  <td class="post-type">
                      story
                  </td>
                  <td class="post-time">
                      2023 Nov 04 03:34 (8 days 3 hours 55 minutes 6 seconds ago)
                  </td>
                  <td class="post-url">
                      https://www.androidauthority.com/youtube-ad-block-installs-3382289/
                  </td>
              </tr>
    
        161)  <tr>
                  <td class="post-score">
                      56
                  </td>
                  <td class="post-title">
                      A carbohydrate revolution is speeding up pro cycling
                  </td>
                  <td class="post-type">
                      story
                  </td>
                  <td class="post-time">
                      2023 Nov 04 15:56 (7 days 15 hours 33 minutes 52 seconds ago)
                  </td>
                  <td class="post-url">
                      https://velo.outsideonline.com/road/road-training/a-massive-change-how-a-carbohydrate-revolution-is-speeding-up-pro-cycling/
                  </td>
              </tr>
    
        162)  <tr>
                  <td class="post-score">
                      30
                  </td>
                  <td class="post-title">
                      Intel's CEO Admits to and Details the Company's Three Biggest Mistakes
                  </td>
                  <td class="post-type">
                      story
                  </td>
                  <td class="post-time">
                      2023 Nov 04 07:28 (8 days 1 minute 17 seconds ago)
                  </td>
                  <td class="post-url">
                      https://www.tomshardware.com/pc-components/gpus/intels-ceo-admits-to-and-details-companies-three-biggest-mistakes
                  </td>
              </tr>
    
        163)  <tr>
                  <td class="post-score">
                      89
                  </td>
                  <td class="post-title">
                      GM's Cruise alleged to rely on human operators to achieve "autonomous" driving
                  </td>
                  <td class="post-type">
                      story
                  </td>
                  <td class="post-time">
                      2023 Nov 04 20:59 (7 days 10 hours 31 minutes ago)
                  </td>
                  <td class="post-url">
                      https://www.nytimes.com/2023/11/03/technology/cruise-general-motors-self-driving-cars.html
                  </td>
              </tr>
    
        164)  <tr>
                  <td class="post-score">
                      674
                  </td>
                  <td class="post-title">
                      I trapped scammers in an impossible maze [video]
                  </td>
                  <td class="post-type">
                      story
                  </td>
                  <td class="post-time">
                      2023 Nov 03 15:38 (8 days 15 hours 51 minutes 9 seconds ago)
                  </td>
                  <td class="post-url">
                      https://www.youtube.com/watch?v=dWzz3NeDz3E
                  </td>
              </tr>
    
        165)  <tr>
                  <td class="post-score">
                      64
                  </td>
                  <td class="post-title">
                      999 Request Denied
                  </td>
                  <td class="post-type">
                      story
                  </td>
                  <td class="post-time">
                      2023 Nov 03 11:25 (8 days 20 hours 4 minutes 37 seconds ago)
                  </td>
                  <td class="post-url">
                      https://http.dev/999
                  </td>
              </tr>
    
        166)  <tr>
                  <td class="post-score">
                      537
                  </td>
                  <td class="post-title">
                      Last Chance to fix eIDAS: Secret EU law threatens Internet security
                  </td>
                  <td class="post-type">
                      story
                  </td>
                  <td class="post-time">
                      2023 Nov 02 05:57 (10 days 1 hour 32 minutes 18 seconds ago)
                  </td>
                  <td class="post-url">
                      https://last-chance-for-eidas.org/
                  </td>
              </tr>
    
        167)  <tr>
                  <td class="post-score">
                      148
                  </td>
                  <td class="post-title">
                      Microsoft is retiring Visual Studio for Mac in 2024
                  </td>
                  <td class="post-type">
                      story
                  </td>
                  <td class="post-time">
                      2023 Nov 03 20:14 (8 days 11 hours 15 minutes 55 seconds ago)
                  </td>
                  <td class="post-url">
                      https://visualstudio.microsoft.com/vs/mac/
                  </td>
              </tr>
    
        168)  <tr>
                  <td class="post-score">
                      83
                  </td>
                  <td class="post-title">
                      Translations of Russ Cox's Thompson NFA C Program to Rust
                  </td>
                  <td class="post-type">
                      story
                  </td>
                  <td class="post-time">
                      2023 Nov 03 03:27 (9 days 4 hours 2 minutes 9 seconds ago)
                  </td>
                  <td class="post-url">
                      https://github.com/BurntSushi/rsc-regexp
                  </td>
              </tr>
    
        169)  <tr>
                  <td class="post-score">
                      74
                  </td>
                  <td class="post-title">
                      How to pronounce the trickiest English words
                  </td>
                  <td class="post-type">
                      story
                  </td>
                  <td class="post-time">
                      2023 Nov 02 15:56 (9 days 15 hours 33 minutes 32 seconds ago)
                  </td>
                  <td class="post-url">
                      https://www.wsj.com/business/media/how-to-pronounce-english-words-julien-miquel-58581065
                  </td>
              </tr>
    
        170)  <tr>
                  <td class="post-score">
                      262
                  </td>
                  <td class="post-title">
                      Why ACPI?
                  </td>
                  <td class="post-type">
                      story
                  </td>
                  <td class="post-time">
                      2023 Nov 01 06:46 (11 days 43 minutes 51 seconds ago)
                  </td>
                  <td class="post-url">
                      https://mjg59.dreamwidth.org/68350.html
                  </td>
              </tr>
    
        171)  <tr>
                  <td class="post-score">
                      49
                  </td>
                  <td class="post-title">
                      Show HN: GitInsights ΓÇô a weekly summary email of your team's GitHub activity
                  </td>
                  <td class="post-type">
                      story
                  </td>
                  <td class="post-time">
                      2023 Nov 03 20:15 (8 days 11 hours 14 minutes 57 seconds ago)
                  </td>
                  <td class="post-url">
                      https://gitinsights.io/
                  </td>
              </tr>
    
        172)  <tr>
                  <td class="post-score">
                      96
                  </td>
                  <td class="post-title">
                      Jevons paradox
                  </td>
                  <td class="post-type">
                      story
                  </td>
                  <td class="post-time">
                      2023 Nov 03 15:16 (8 days 16 hours 13 minutes 59 seconds ago)
                  </td>
                  <td class="post-url">
                      https://en.wikipedia.org/wiki/Jevons_paradox
                  </td>
              </tr>
    
        173)  <tr>
                  <td class="post-score">
                      142
                  </td>
                  <td class="post-title">
                      WasmGC ΓÇô Run GC languages such as Kotlin, Java in Chrome browser
                  </td>
                  <td class="post-type">
                      story
                  </td>
                  <td class="post-time">
                      2023 Nov 02 04:32 (10 days 2 hours 57 minutes 11 seconds ago)
                  </td>
                  <td class="post-url">
                      https://developer.chrome.com/blog/wasmgc/
                  </td>
              </tr>
    
        174)  <tr>
                  <td class="post-score">
                      34
                  </td>
                  <td class="post-title">
                      China's TikTok users are being told that Aristotle did not exist
                  </td>
                  <td class="post-type">
                      story
                  </td>
                  <td class="post-time">
                      2023 Nov 04 19:20 (7 days 12 hours 9 minutes 59 seconds ago)
                  </td>
                  <td class="post-url">
                      https://www.scmp.com/news/china/science/article/3240339/aristotle-becomes-latest-casualty-chinas-narrative-war-west-scholar-questions-philosophers-existence
                  </td>
              </tr>
    
        175)  <tr>
                  <td class="post-score">
                      227
                  </td>
                  <td class="post-title">
                      Audacity 3.4
                  </td>
                  <td class="post-type">
                      story
                  </td>
                  <td class="post-time">
                      2023 Nov 03 00:14 (9 days 7 hours 15 minutes 1 second ago)
                  </td>
                  <td class="post-url">
                      https://www.audacityteam.org/blog/audacity-3-4/
                  </td>
              </tr>
    
        176)  <tr>
                  <td class="post-score">
                      318
                  </td>
                  <td class="post-title">
                      Why doctors in America earn so much
                  </td>
                  <td class="post-type">
                      story
                  </td>
                  <td class="post-time">
                      2023 Nov 01 14:38 (10 days 16 hours 51 minutes 27 seconds ago)
                  </td>
                  <td class="post-url">
                      https://www.economist.com/united-states/2023/10/31/why-doctors-in-america-earn-so-much
                  </td>
              </tr>
    
        177)  <tr>
                  <td class="post-score">
                      274
                  </td>
                  <td class="post-title">
                      Distil-Whisper: distilled version of Whisper that is 6 times faster, 49% smaller
                  </td>
                  <td class="post-type">
                      story
                  </td>
                  <td class="post-time">
                      2023 Nov 01 00:55 (11 days 6 hours 34 minutes 19 seconds ago)
                  </td>
                  <td class="post-url">
                      https://github.com/huggingface/distil-whisper
                  </td>
              </tr>
    
        178)  <tr>
                  <td class="post-score">
                      11
                  </td>
                  <td class="post-title">
                      Pessimists Archive
                  </td>
                  <td class="post-type">
                      story
                  </td>
                  <td class="post-time">
                      2023 Nov 04 23:05 (7 days 8 hours 24 minutes 33 seconds ago)
                  </td>
                  <td class="post-url">
                      https://pessimistsarchive.org/
                  </td>
              </tr>
    
        179)  <tr>
                  <td class="post-score">
                      202
                  </td>
                  <td class="post-title">
                      GPT-4 Update: 32K Context Window Now for All Users
                  </td>
                  <td class="post-type">
                      story
                  </td>
                  <td class="post-time">
                      2023 Nov 03 15:30 (8 days 15 hours 59 minutes 30 seconds ago)
                  </td>
                  <td class="post-url">
                      https://github.com/spdustin/ChatGPT-AutoExpert/blob/main/_system-prompts/all_tools.md
                  </td>
              </tr>
    
        180)  <tr>
                  <td class="post-score">
                      108
                  </td>
                  <td class="post-title">
                      ML Experiments Management with Git
                  </td>
                  <td class="post-type">
                      story
                  </td>
                  <td class="post-time">
                      2023 Nov 02 21:33 (9 days 9 hours 56 minutes 37 seconds ago)
                  </td>
                  <td class="post-url">
                      https://github.com/iterative/dvc
                  </td>
              </tr>
    
        181)  <tr>
                  <td class="post-score">
                      35
                  </td>
                  <td class="post-title">
                      You don't need a terminal emulator ┬╖ Andrey Listopadov
                  </td>
                  <td class="post-type">
                      story
                  </td>
                  <td class="post-time">
                      2023 Nov 03 22:55 (8 days 8 hours 34 minutes 3 seconds ago)
                  </td>
                  <td class="post-url">
                      https://andreyor.st/posts/2023-10-27-you-dont-need-a-terminal-emulator/
                  </td>
              </tr>
    
        182)  <tr>
                  <td class="post-score">
                      250
                  </td>
                  <td class="post-title">
                      Bayer hit with $332M judgement in Roundup cancer trial
                  </td>
                  <td class="post-type">
                      story
                  </td>
                  <td class="post-time">
                      2023 Nov 03 23:16 (8 days 8 hours 13 minutes 7 seconds ago)
                  </td>
                  <td class="post-url">
                      https://fortune.com/2023/11/03/bayer-332-million-judgement-trial-man-cancer-decades-monsanto-roundup-weedkiller/
                  </td>
              </tr>
    
        183)  <tr>
                  <td class="post-score">
                      58
                  </td>
                  <td class="post-title">
                      Openela releases Red Hat source code on GitHub
                  </td>
                  <td class="post-type">
                      story
                  </td>
                  <td class="post-time">
                      2023 Nov 04 18:16 (7 days 13 hours 13 minutes 21 seconds ago)
                  </td>
                  <td class="post-url">
                      https://github.com/orgs/openela-main/repositories
                  </td>
              </tr>
    
        184)  <tr>
                  <td class="post-score">
                      12
                  </td>
                  <td class="post-title">
                      Deno 1.38: HTML doc generator and HMR
                  </td>
                  <td class="post-type">
                      story
                  </td>
                  <td class="post-time">
                      2023 Nov 03 10:05 (8 days 21 hours 24 minutes 13 seconds ago)
                  </td>
                  <td class="post-url">
                      https://deno.com/blog/v1.38
                  </td>
              </tr>
    
        185)  <tr>
                  <td class="post-score">
                      8
                  </td>
                  <td class="post-title">
                      Ask HN: Infra people in small companies, what does your infra look like?
                  </td>
                  <td class="post-type">
                      story
                  </td>
                  <td class="post-time">
                      2023 Nov 04 13:27 (7 days 18 hours 2 minutes 37 seconds ago)
                  </td>
                  <td class="post-url">
                      
                  </td>
              </tr>
    
        186)  <tr>
                  <td class="post-score">
                      137
                  </td>
                  <td class="post-title">
                      Nuclear Conversion for Starship
                  </td>
                  <td class="post-type">
                      story
                  </td>
                  <td class="post-time">
                      2023 Nov 03 16:52 (8 days 14 hours 37 minutes 32 seconds ago)
                  </td>
                  <td class="post-url">
                      http://toughsf.blogspot.com/2021/10/nuclear-conversion-for-starship.html
                  </td>
              </tr>
    
        187)  <tr>
                  <td class="post-score">
                      206
                  </td>
                  <td class="post-title">
                      Now you're thinking with relays
                  </td>
                  <td class="post-type">
                      story
                  </td>
                  <td class="post-time">
                      2023 Nov 01 19:30 (10 days 11 hours 59 minutes 24 seconds ago)
                  </td>
                  <td class="post-url">
                      https://lcamtuf.substack.com/p/now-youre-thinking-with-relays
                  </td>
              </tr>
    
        188)  <tr>
                  <td class="post-score">
                      158
                  </td>
                  <td class="post-title">
                      Bank financing and bad urban planning make the retail apocalypse worse
                  </td>
                  <td class="post-type">
                      story
                  </td>
                  <td class="post-time">
                      2023 Nov 01 16:21 (10 days 15 hours 8 minutes 8 seconds ago)
                  </td>
                  <td class="post-url">
                      https://www.businessinsider.com/bank-financing-urban-planning-pandemic-retail-apocalypse-vacant-storefront-2023-10
                  </td>
              </tr>
    
        189)  <tr>
                  <td class="post-score">
                      31
                  </td>
                  <td class="post-title">
                      How much it costs Apple to increase RAM size in Macs?
                  </td>
                  <td class="post-type">
                      story
                  </td>
                  <td class="post-time">
                      2023 Nov 04 02:15 (8 days 5 hours 14 minutes 53 seconds ago)
                  </td>
                  <td class="post-url">
                      https://old.reddit.com/r/macbookpro/comments/17lwl0b/how_much_does_ram_cost_anyways/
                  </td>
              </tr>
    
        190)  <tr>
                  <td class="post-score">
                      30
                  </td>
                  <td class="post-title">
                      Cup Noodles are now microwave-safe
                  </td>
                  <td class="post-type">
                      story
                  </td>
                  <td class="post-time">
                      2023 Nov 04 18:04 (7 days 13 hours 25 minutes 46 seconds ago)
                  </td>
                  <td class="post-url">
                      https://www.washingtonpost.com/food/2023/11/03/cup-noodles-are-now-microwave-safe-so-they-werent-already/
                  </td>
              </tr>
    
        191)  <tr>
                  <td class="post-score">
                      30
                  </td>
                  <td class="post-title">
                      What's the difference between LangChain, llama indexand others like autollm?
                  </td>
                  <td class="post-type">
                      story
                  </td>
                  <td class="post-time">
                      2023 Nov 03 10:41 (8 days 20 hours 48 minutes 34 seconds ago)
                  </td>
                  <td class="post-url">
                      
                  </td>
              </tr>
    
        192)  <tr>
                  <td class="post-score">
                      235
                  </td>
                  <td class="post-title">
                      Sally Ignore Previous Instructions
                  </td>
                  <td class="post-type">
                      story
                  </td>
                  <td class="post-time">
                      2023 Nov 02 21:02 (9 days 10 hours 27 minutes 26 seconds ago)
                  </td>
                  <td class="post-url">
                      https://www.haihai.ai/pen15/
                  </td>
              </tr>
    
        193)  <tr>
                  <td class="post-score">
                      81
                  </td>
                  <td class="post-title">
                      Enterprise-Fu
                  </td>
                  <td class="post-type">
                      story
                  </td>
                  <td class="post-time">
                      2023 Nov 02 23:31 (9 days 7 hours 58 minutes 7 seconds ago)
                  </td>
                  <td class="post-url">
                      http://mike.daless.io/prez/enterprise-asbury-2013-10/slides.html
                  </td>
              </tr>
    
        194)  <tr>
                  <td class="post-score">
                      251
                  </td>
                  <td class="post-title">
                      Rwanda joins Kenya to initiate visa-free travel for all Africans
                  </td>
                  <td class="post-type">
                      story
                  </td>
                  <td class="post-time">
                      2023 Nov 03 12:15 (8 days 19 hours 14 minutes 57 seconds ago)
                  </td>
                  <td class="post-url">
                      https://africa.businessinsider.com/local/leaders/from-barriers-to-unity-rwanda-joins-kenya-to-initiate-visa-free-travel-for-all/hhqe29q
                  </td>
              </tr>
    
        195)  <tr>
                  <td class="post-score">
                      792
                  </td>
                  <td class="post-title">
                      Yann LeCun: AI one-percenters seizing power forever is real doomsday scenario
                  </td>
                  <td class="post-type">
                      story
                  </td>
                  <td class="post-time">
                      2023 Nov 02 04:05 (10 days 3 hours 24 minutes 39 seconds ago)
                  </td>
                  <td class="post-url">
                      https://www.businessinsider.com/sam-altman-and-demis-hassabis-just-want-to-control-ai-2023-10
                  </td>
              </tr>
    
        196)  <tr>
                  <td class="post-score">
                      161
                  </td>
                  <td class="post-title">
                      Show HN: DoltgreSQL ΓÇô Version-Controlled DB, Like Git and PostgreSQL had a baby
                  </td>
                  <td class="post-type">
                      story
                  </td>
                  <td class="post-time">
                      2023 Nov 02 01:59 (10 days 5 hours 30 minutes 26 seconds ago)
                  </td>
                  <td class="post-url">
                      https://github.com/dolthub/doltgresql
                  </td>
              </tr>
    
        197)  <tr>
                  <td class="post-score">
                      74
                  </td>
                  <td class="post-title">
                      Clash, a tool to break China's Great Fire Wall, is Deleted in GitHub
                  </td>
                  <td class="post-type">
                      story
                  </td>
                  <td class="post-time">
                      2023 Nov 03 09:01 (8 days 22 hours 28 minutes 42 seconds ago)
                  </td>
                  <td class="post-url">
                      https://github.com/Dreamacro/clash
                  </td>
              </tr>
    
        198)  <tr>
                  <td class="post-score">
                      40
                  </td>
                  <td class="post-title">
                      Vivo Unveils BlueOS, Based on Rust Language
                  </td>
                  <td class="post-type">
                      story
                  </td>
                  <td class="post-time">
                      2023 Nov 02 03:14 (10 days 4 hours 15 minutes 32 seconds ago)
                  </td>
                  <td class="post-url">
                      https://sparrowsnews.com/2023/11/01/vivo-unveils-blueos-operating-system/
                  </td>
              </tr>
    
        199)  <tr>
                  <td class="post-score">
                      66
                  </td>
                  <td class="post-title">
                      Formalizing 100 Theorems
                  </td>
                  <td class="post-type">
                      story
                  </td>
                  <td class="post-time">
                      2023 Nov 02 05:27 (10 days 2 hours 2 minutes 13 seconds ago)
                  </td>
                  <td class="post-url">
                      https://www.cs.ru.nl/~freek/100/
                  </td>
              </tr>
    
        200)  <tr>
                  <td class="post-score">
                      184
                  </td>
                  <td class="post-title">
                      The Binder Linux driver is being rewritten in Rust
                  </td>
                  <td class="post-type">
                      story
                  </td>
                  <td class="post-time">
                      2023 Nov 03 06:53 (9 days 36 minutes 34 seconds ago)
                  </td>
                  <td class="post-url">
                      https://lore.kernel.org/rust-for-linux/20231101-rust-binder-v1-0-08ba9197f637@google.com/
                  </td>
              </tr>
    
    
    Γû╝ Query.count
    
    Expect.equal


> PostsViewTests
> module View.Posts
> field values
> each row contains all fields

    Γû╝ Query.fromHtml
    
        <div>
            <table>
                <thead>
                    <tr>
                        <th>
                            Score
                        </th>
                        <th>
                            Title
                        </th>
                        <th>
                            Type
                        </th>
                        <th>
                            Posted Date
                        </th>
                        <th>
                            Link
                        </th>
                    </tr>
                </thead>
                <tbody>
                    <tr>
                        <td class="post-score">
                            512
                        </td>
                        <td class="post-title">
                            NewPipe ΓÇô Lightweight YouTube experience for Android
                        </td>
                        <td class="post-type">
                            story
                        </td>
                        <td class="post-time">
                            2023 Nov 04 19:38 (7 days 11 hours 51 minutes 9 seconds ago)
                        </td>
                        <td class="post-url">
                            https://newpipe.net/
                        </td>
                    </tr>
                    <tr>
                        <td class="post-score">
                            75
                        </td>
                        <td class="post-title">
                            LLM companies to access largest Chinese non-fiction book collection
                        </td>
                        <td class="post-type">
                            story
                        </td>
                        <td class="post-time">
                            2023 Nov 05 07:30 (7 days ago)
                        </td>
                        <td class="post-url">
                            https://annas-blog.org/duxiu-exclusive.html
                        </td>
                    </tr>
                    <tr>
                        <td class="post-score">
                            182
                        </td>
                        <td class="post-title">
                            Intel Itanium IA-64 Support Removed with the Linux 6.7 Kernel
                        </td>
                        <td class="post-type">
                            story
                        </td>
                        <td class="post-time">
                            2023 Nov 02 15:31 (9 days 15 hours 58 minutes 6 seconds ago)
                        </td>
                        <td class="post-url">
                            https://www.phoronix.com/news/Intel-IA-64-Removed-Linux-6.7
                        </td>
                    </tr>
                    <tr>
                        <td class="post-score">
                            37
                        </td>
                        <td class="post-title">
                            Representations / strategies for noncooperative games with imperfect information [pdf]
                        </td>
                        <td class="post-type">
                            story
                        </td>
                        <td class="post-time">
                            2023 Nov 04 20:24 (7 days 11 hours 5 minutes 5 seconds ago)
                        </td>
                        <td class="post-url">
                            https://www2.cs.sfu.ca/~bbart/personal/masters-thesis.pdf
                        </td>
                    </tr>
                    <tr>
                        <td class="post-score">
                            57
                        </td>
                        <td class="post-title">
                            The First App Store
                        </td>
                        <td class="post-type">
                            story
                        </td>
                        <td class="post-time">
                            2023 Nov 05 00:52 (7 days 6 hours 37 minutes 24 seconds ago)
                        </td>
                        <td class="post-url">
                            https://one-from-nippon.ghost.io/worlds-first-app-store/
                        </td>
                    </tr>
                    <tr>
                        <td class="post-score">
                            83
                        </td>
                        <td class="post-title">
                            Show HN: Gogosseract, a Go Lib for CGo-Free Tesseract OCR via Wazero
                        </td>
                        <td class="post-type">
                            story
                        </td>
                        <td class="post-time">
                            2023 Nov 04 23:06 (7 days 8 hours 23 minutes 26 seconds ago)
                        </td>
                        <td class="post-url">
                            https://github.com/Danlock/gogosseract
                        </td>
                    </tr>
                    <tr>
                        <td class="post-score">
                            51
                        </td>
                        <td class="post-title">
                            Planes, Spheres and Pseudospheres
                        </td>
                        <td class="post-type">
                            story
                        </td>
                        <td class="post-time">
                            2023 Nov 04 23:35 (7 days 7 hours 54 minutes 3 seconds ago)
                        </td>
                        <td class="post-url">
                            https://www.gregegan.net/SCIENCE/PSP/PSP.html
                        </td>
                    </tr>
                    <tr>
                        <td class="post-score">
                            557
                        </td>
                        <td class="post-title">
                            Othello Is Solved?
                        </td>
                        <td class="post-type">
                            story
                        </td>
                        <td class="post-time">
                            2023 Nov 04 14:35 (7 days 16 hours 54 minutes 4 seconds ago)
                        </td>
                        <td class="post-url">
                            https://arxiv.org/abs/2310.19387
                        </td>
                    </tr>
                    <tr>
                        <td class="post-score">
                            1
                        </td>
                        <td class="post-title">
                            SigNoz (YC W21), open source observability platform, hiring SREs (Remote)
                        </td>
                        <td class="post-type">
                            job
                        </td>
                        <td class="post-time">
                            2023 Nov 05 07:01 (7 days 28 minutes 51 seconds ago)
                        </td>
                        <td class="post-url">
                            https://signoz.io/careers/site-reliability-engineer/
                        </td>
                    </tr>
                    <tr>
                        <td class="post-score">
                            26
                        </td>
                        <td class="post-title">
                            Shadows Edge Software
                        </td>
                        <td class="post-type">
                            story
                        </td>
                        <td class="post-time">
                            2023 Nov 05 02:23 (7 days 5 hours 6 minutes 20 seconds ago)
                        </td>
                        <td class="post-url">
                            https://www.shadowsedge.mil/What-We-Do/
                        </td>
                    </tr>
                    <tr>
                        <td class="post-score">
                            58
                        </td>
                        <td class="post-title">
                            Quadratic Reciprocity: The connection that changed number theory
                        </td>
                        <td class="post-type">
                            story
                        </td>
                        <td class="post-time">
                            2023 Nov 02 15:43 (9 days 15 hours 46 minutes 23 seconds ago)
                        </td>
                        <td class="post-url">
                            https://www.quantamagazine.org/the-hidden-connection-that-changed-number-theory-20231101/
                        </td>
                    </tr>
                    <tr>
                        <td class="post-score">
                            65
                        </td>
                        <td class="post-title">
                            How to Do a TypeScript Conversion: an opinionated take on gradual conversions
                        </td>
                        <td class="post-type">
                            story
                        </td>
                        <td class="post-time">
                            2023 Nov 04 21:15 (7 days 10 hours 14 minutes 37 seconds ago)
                        </td>
                        <td class="post-url">
                            https://v5.chriskrycho.com/journal/how-to-do-a-typescript-conversion/
                        </td>
                    </tr>
                    <tr>
                        <td class="post-score">
                            83
                        </td>
                        <td class="post-title">
                            FTC Chair Lina Khan looks for allies and leads in Silicon Valley charm offensive
                        </td>
                        <td class="post-type">
                            story
                        </td>
                        <td class="post-time">
                            2023 Nov 04 19:24 (7 days 12 hours 5 minutes 26 seconds ago)
                        </td>
                        <td class="post-url">
                            https://www.reuters.com/business/ftc-chair-lina-khan-looks-allies-leads-silicon-valley-charm-offensive-2023-11-03/
                        </td>
                    </tr>
                    <tr>
                        <td class="post-score">
                            96
                        </td>
                        <td class="post-title">
                            Topic: Discord Stealer
                        </td>
                        <td class="post-type">
                            story
                        </td>
                        <td class="post-time">
                            2023 Nov 05 02:26 (7 days 5 hours 3 minutes 38 seconds ago)
                        </td>
                        <td class="post-url">
                            https://github.com/topics/discord-stealer
                        </td>
                    </tr>
                    <tr>
                        <td class="post-score">
                            132
                        </td>
                        <td class="post-title">
                            SARS-CoV-2 Infection Affects Energy Stores in the Body, Causing Organ Failure
                        </td>
                        <td class="post-type">
                            story
                        </td>
                        <td class="post-time">
                            2023 Nov 04 23:02 (7 days 8 hours 27 minutes 47 seconds ago)
                        </td>
                        <td class="post-url">
                            https://news.unchealthcare.org/2023/10/researchers-show-sars-cov-2-infection-affects-energy-stores-in-the-body-causing-organ-failure/
                        </td>
                    </tr>
                    <tr>
                        <td class="post-score">
                            102
                        </td>
                        <td class="post-title">
                            Soda additive linked to thyroid toxicity may finally get banned by FDA
                        </td>
                        <td class="post-type">
                            story
                        </td>
                        <td class="post-time">
                            2023 Nov 05 00:26 (7 days 7 hours 3 minutes 35 seconds ago)
                        </td>
                        <td class="post-url">
                            https://arstechnica.com/health/2023/11/50-years-later-fda-proposes-banning-a-food-additive-it-said-is-not-safe/
                        </td>
                    </tr>
                    <tr>
                        <td class="post-score">
                            56
                        </td>
                        <td class="post-title">
                            BeeWare Toga v0.4.0 ΓÇô A Python native, OS native GUI toolkit
                        </td>
                        <td class="post-type">
                            story
                        </td>
                        <td class="post-time">
                            2023 Nov 05 01:24 (7 days 6 hours 5 minutes 47 seconds ago)
                        </td>
                        <td class="post-url">
                            https://github.com/beeware/toga/releases/tag/v0.4.0
                        </td>
                    </tr>
                    <tr>
                        <td class="post-score">
                            105
                        </td>
                        <td class="post-title">
                            The cottage industry of YouTube obituary pirates
                        </td>
                        <td class="post-type">
                            story
                        </td>
                        <td class="post-time">
                            2023 Nov 04 20:58 (7 days 10 hours 31 minutes 45 seconds ago)
                        </td>
                        <td class="post-url">
                            https://www.wired.com/story/youtube-obituary-pirates/
                        </td>
                    </tr>
                    <tr>
                        <td class="post-score">
                            44
                        </td>
                        <td class="post-title">
                            Chemists, engineers craft adjustable arrays of microscopic lenses
                        </td>
                        <td class="post-type">
                            story
                        </td>
                        <td class="post-time">
                            2023 Nov 02 15:48 (9 days 15 hours 41 minutes 8 seconds ago)
                        </td>
                        <td class="post-url">
                            https://phys.org/news/2023-10-chemists-craft-adjustable-arrays-microscopic.html
                        </td>
                    </tr>
                    <tr>
                        <td class="post-score">
                            62
                        </td>
                        <td class="post-title">
                            Disturbed Lands (National Park Service)
                        </td>
                        <td class="post-type">
                            story
                        </td>
                        <td class="post-time">
                            2023 Nov 04 23:29 (7 days 8 hours 28 seconds ago)
                        </td>
                        <td class="post-url">
                            https://www.nps.gov/shen/learn/nature/disturbedlands.htm
                        </td>
                    </tr>
                    <tr>
                        <td class="post-score">
                            84
                        </td>
                        <td class="post-title">
                            The world nearly adopted a calendar with 13 months of 28 days
                        </td>
                        <td class="post-type">
                            story
                        </td>
                        <td class="post-time">
                            2023 Nov 05 03:53 (7 days 3 hours 36 minutes 19 seconds ago)
                        </td>
                        <td class="post-url">
                            https://www.washingtonpost.com/history/2023/11/04/battle-sabbath-13-month-calendar/
                        </td>
                    </tr>
                    <tr>
                        <td class="post-score">
                            106
                        </td>
                        <td class="post-title">
                            AI and Open Source in 2023
                        </td>
                        <td class="post-type">
                            story
                        </td>
                        <td class="post-time">
                            2023 Nov 04 18:50 (7 days 12 hours 39 minutes 53 seconds ago)
                        </td>
                        <td class="post-url">
                            https://magazine.sebastianraschka.com/p/ai-and-open-source-in-2023
                        </td>
                    </tr>
                    <tr>
                        <td class="post-score">
                            1114
                        </td>
                        <td class="post-title">
                            As I retire, my goal now is to release 40+ years of source code
                        </td>
                        <td class="post-type">
                            story
                        </td>
                        <td class="post-time">
                            2023 Nov 03 17:26 (8 days 14 hours 3 minutes 44 seconds ago)
                        </td>
                        <td class="post-url">
                            https://dunfield.themindfactory.com/dnldsrc.htm
                        </td>
                    </tr>
                    <tr>
                        <td class="post-score">
                            122
                        </td>
                        <td class="post-title">
                            New Microsoft Exchange zero-days allow RCE, data theft attacks
                        </td>
                        <td class="post-type">
                            story
                        </td>
                        <td class="post-time">
                            2023 Nov 04 21:43 (7 days 9 hours 46 minutes 41 seconds ago)
                        </td>
                        <td class="post-url">
                            https://www.bleepingcomputer.com/news/microsoft/new-microsoft-exchange-zero-days-allow-rce-data-theft-attacks/
                        </td>
                    </tr>
                    <tr>
                        <td class="post-score">
                            125
                        </td>
                        <td class="post-title">
                            Grok
                        </td>
                        <td class="post-type">
                            story
                        </td>
                        <td class="post-time">
                            2023 Nov 05 05:02 (7 days 2 hours 27 minutes 27 seconds ago)
                        </td>
                        <td class="post-url">
                            https://twitter.com/xai/status/1721027348970238035
                        </td>
                    </tr>
                    <tr>
                        <td class="post-score">
                            220
                        </td>
                        <td class="post-title">
                            A 6 channel GPS receiver from 1993
                        </td>
                        <td class="post-type">
                            story
                        </td>
                        <td class="post-time">
                            2023 Nov 04 10:27 (7 days 21 hours 2 minutes 42 seconds ago)
                        </td>
                        <td class="post-url">
                            https://mastodon.sdf.org/@keelan/111349948124943603
                        </td>
                    </tr>
                    <tr>
                        <td class="post-score">
                            313
                        </td>
                        <td class="post-title">
                            AMD MicroBlaze V Processor: A Flexible and Efficient RISC-V Processor
                        </td>
                        <td class="post-type">
                            story
                        </td>
                        <td class="post-time">
                            2023 Nov 04 02:01 (8 days 5 hours 28 minutes 15 seconds ago)
                        </td>
                        <td class="post-url">
                            https://www.xilinx.com/products/design-tools/microblaze-v.html
                        </td>
                    </tr>
                    <tr>
                        <td class="post-score">
                            112
                        </td>
                        <td class="post-title">
                            Lahaina Noon
                        </td>
                        <td class="post-type">
                            story
                        </td>
                        <td class="post-time">
                            2023 Nov 02 15:27 (9 days 16 hours 2 minutes 3 seconds ago)
                        </td>
                        <td class="post-url">
                            https://en.wikipedia.org/wiki/Lahaina_Noon
                        </td>
                    </tr>
                    <tr>
                        <td class="post-score">
                            157
                        </td>
                        <td class="post-title">
                            Spin 2.0 ΓÇô open-source tool for building and running WASM apps
                        </td>
                        <td class="post-type">
                            story
                        </td>
                        <td class="post-time">
                            2023 Nov 04 12:01 (7 days 19 hours 28 minutes 10 seconds ago)
                        </td>
                        <td class="post-url">
                            https://www.fermyon.com/blog/introducing-spin-v2
                        </td>
                    </tr>
                    <tr>
                        <td class="post-score">
                            411
                        </td>
                        <td class="post-title">
                            Tell HN: Submit comments to IRS re tax treatment of software dev expenses
                        </td>
                        <td class="post-type">
                            story
                        </td>
                        <td class="post-time">
                            2023 Nov 02 21:26 (9 days 10 hours 3 minutes 58 seconds ago)
                        </td>
                        <td class="post-url">
                            
                        </td>
                    </tr>
                    <tr>
                        <td class="post-score">
                            11
                        </td>
                        <td class="post-title">
                            Show HN: A tiny and platform-agnostic true random number generator for FPGA/ASIC
                        </td>
                        <td class="post-type">
                            story
                        </td>
                        <td class="post-time">
                            2023 Nov 04 21:34 (7 days 9 hours 56 minutes ago)
                        </td>
                        <td class="post-url">
                            https://github.com/stnolting/neoTRNG
                        </td>
                    </tr>
                    <tr>
                        <td class="post-score">
                            99
                        </td>
                        <td class="post-title">
                            Daylight saving time can seriously affect your health
                        </td>
                        <td class="post-type">
                            story
                        </td>
                        <td class="post-time">
                            2023 Nov 05 00:47 (7 days 6 hours 42 minutes 12 seconds ago)
                        </td>
                        <td class="post-url">
                            https://apnews.com/article/daylight-saving-2023-fall-back-a3738d5c74301b8068825927c49fc6b4
                        </td>
                    </tr>
                    <tr>
                        <td class="post-score">
                            46
                        </td>
                        <td class="post-title">
                            Delhi air pollution spikes to 100 times WHO health limit
                        </td>
                        <td class="post-type">
                            story
                        </td>
                        <td class="post-time">
                            2023 Nov 04 23:14 (7 days 8 hours 15 minutes 6 seconds ago)
                        </td>
                        <td class="post-url">
                            https://www.theguardian.com/world/2023/nov/03/delhi-india-air-quality-pollution-spike-world-health-organization-limit
                        </td>
                    </tr>
                    <tr>
                        <td class="post-score">
                            5
                        </td>
                        <td class="post-title">
                            A game. The only winning move is not to play
                        </td>
                        <td class="post-type">
                            story
                        </td>
                        <td class="post-time">
                            2023 Nov 05 04:15 (7 days 3 hours 14 minutes 14 seconds ago)
                        </td>
                        <td class="post-url">
                            
                        </td>
                    </tr>
                    <tr>
                        <td class="post-score">
                            83
                        </td>
                        <td class="post-title">
                            Max is taking 4K away from its legacy ad-free subscribers
                        </td>
                        <td class="post-type">
                            story
                        </td>
                        <td class="post-time">
                            2023 Nov 05 02:54 (7 days 4 hours 35 minutes 11 seconds ago)
                        </td>
                        <td class="post-url">
                            https://www.theverge.com/2023/11/2/23943859/max-4k-hbo-max-ad-free-subscribers
                        </td>
                    </tr>
                    <tr>
                        <td class="post-score">
                            132
                        </td>
                        <td class="post-title">
                            Classes vs. structs in .NET: how not to teach about performance
                        </td>
                        <td class="post-type">
                            story
                        </td>
                        <td class="post-time">
                            2023 Nov 04 03:28 (8 days 4 hours 1 minute 9 seconds ago)
                        </td>
                        <td class="post-url">
                            https://sergeyteplyakov.github.io/Blog/benchmarking/2023/11/02/Performance_Comparison_For_Classes_vs_Structs.html
                        </td>
                    </tr>
                    <tr>
                        <td class="post-score">
                            68
                        </td>
                        <td class="post-title">
                            How ΓÇ£blueΓÇ¥ and ΓÇ£greenΓÇ¥ appeared in a language that didnΓÇÖt have words for them
                        </td>
                        <td class="post-type">
                            story
                        </td>
                        <td class="post-time">
                            2023 Nov 02 15:54 (9 days 15 hours 35 minutes 45 seconds ago)
                        </td>
                        <td class="post-url">
                            https://news.mit.edu/2023/how-blue-and-green-appeared-language-1102
                        </td>
                    </tr>
                    <tr>
                        <td class="post-score">
                            17
                        </td>
                        <td class="post-title">
                            Oracle Cloud Outage
                        </td>
                        <td class="post-type">
                            story
                        </td>
                        <td class="post-time">
                            2023 Nov 05 00:33 (7 days 6 hours 56 minutes 6 seconds ago)
                        </td>
                        <td class="post-url">
                            
                        </td>
                    </tr>
                    <tr>
                        <td class="post-score">
                            15
                        </td>
                        <td class="post-title">
                            Exim 4.97.0 ΓÇô SMTP Mail Server ΓÇô Message Transfer Agent (MTA)
                        </td>
                        <td class="post-type">
                            story
                        </td>
                        <td class="post-time">
                            2023 Nov 05 00:29 (7 days 7 hours 50 seconds ago)
                        </td>
                        <td class="post-url">
                            https://www.exim.org/
                        </td>
                    </tr>
                    <tr>
                        <td class="post-score">
                            82
                        </td>
                        <td class="post-title">
                            You're Gonna Need a Bigger Browser
                        </td>
                        <td class="post-type">
                            story
                        </td>
                        <td class="post-time">
                            2023 Nov 04 19:55 (7 days 11 hours 34 minutes 47 seconds ago)
                        </td>
                        <td class="post-url">
                            https://berjon.com/bigger-browser/
                        </td>
                    </tr>
                    <tr>
                        <td class="post-score">
                            157
                        </td>
                        <td class="post-title">
                            Making "LCD, Please"
                        </td>
                        <td class="post-type">
                            story
                        </td>
                        <td class="post-time">
                            2023 Nov 04 04:16 (8 days 3 hours 13 minutes 23 seconds ago)
                        </td>
                        <td class="post-url">
                            https://dukope.com/devlogs/papers-please/lcdplease/
                        </td>
                    </tr>
                    <tr>
                        <td class="post-score">
                            17
                        </td>
                        <td class="post-title">
                            Interview with a Gladiatrix
                        </td>
                        <td class="post-type">
                            story
                        </td>
                        <td class="post-time">
                            2023 Nov 04 21:04 (7 days 10 hours 25 minutes 26 seconds ago)
                        </td>
                        <td class="post-url">
                            https://antigonejournal.com/2023/10/modern-roman-gladiatrix/
                        </td>
                    </tr>
                    <tr>
                        <td class="post-score">
                            6
                        </td>
                        <td class="post-title">
                            Towards Modern Development of Cloud Applications [pdf]
                        </td>
                        <td class="post-type">
                            story
                        </td>
                        <td class="post-time">
                            2023 Nov 05 00:44 (7 days 6 hours 45 minutes 44 seconds ago)
                        </td>
                        <td class="post-url">
                            https://sigops.org/s/conferences/hotos/2023/papers/ghemawat.pdf
                        </td>
                    </tr>
                    <tr>
                        <td class="post-score">
                            224
                        </td>
                        <td class="post-title">
                            A blog post is a long and complex search query to find people (2022)
                        </td>
                        <td class="post-type">
                            story
                        </td>
                        <td class="post-time">
                            2023 Nov 04 02:02 (8 days 5 hours 27 minutes 4 seconds ago)
                        </td>
                        <td class="post-url">
                            https://www.henrikkarlsson.xyz/p/search-query
                        </td>
                    </tr>
                    <tr>
                        <td class="post-score">
                            68
                        </td>
                        <td class="post-title">
                            After decades of dreams, a commercial spaceplane is almost ready to fly
                        </td>
                        <td class="post-type">
                            story
                        </td>
                        <td class="post-time">
                            2023 Nov 04 17:45 (7 days 13 hours 44 minutes 27 seconds ago)
                        </td>
                        <td class="post-url">
                            https://arstechnica.com/space/2023/11/after-decades-of-dreams-a-commercial-spaceplane-is-almost-ready-to-fly/
                        </td>
                    </tr>
                    <tr>
                        <td class="post-score">
                            110
                        </td>
                        <td class="post-title">
                            Scrcpy 2.2 adds Android camera mirroring
                        </td>
                        <td class="post-type">
                            story
                        </td>
                        <td class="post-time">
                            2023 Nov 04 18:30 (7 days 12 hours 59 minutes 29 seconds ago)
                        </td>
                        <td class="post-url">
                            https://github.com/Genymobile/scrcpy/releases/tag/v2.2
                        </td>
                    </tr>
                    <tr>
                        <td class="post-score">
                            52
                        </td>
                        <td class="post-title">
                            SpaceX poised for 'mid-November' launch of second Starship test flight
                        </td>
                        <td class="post-type">
                            story
                        </td>
                        <td class="post-time">
                            2023 Nov 05 04:23 (7 days 3 hours 6 minutes 24 seconds ago)
                        </td>
                        <td class="post-url">
                            https://spaceflightnow.com/2023/11/04/spacex-poised-for-mid-november-of-second-starship-test-launch/
                        </td>
                    </tr>
                    <tr>
                        <td class="post-score">
                            160
                        </td>
                        <td class="post-title">
                            I need more USB power
                        </td>
                        <td class="post-type">
                            story
                        </td>
                        <td class="post-time">
                            2023 Nov 04 16:36 (7 days 14 hours 53 minutes 34 seconds ago)
                        </td>
                        <td class="post-url">
                            https://atomic14.substack.com/p/i-need-more-usb-power
                        </td>
                    </tr>
                    <tr>
                        <td class="post-score">
                            8
                        </td>
                        <td class="post-title">
                            Ancient coins have been found off Sardinia, probably from shipwreck
                        </td>
                        <td class="post-type">
                            story
                        </td>
                        <td class="post-time">
                            2023 Nov 05 03:31 (7 days 3 hours 58 minutes 35 seconds ago)
                        </td>
                        <td class="post-url">
                            https://apnews.com/article/italy-ancient-coins-sardinia-divers-cabdfa070d37a8020f874dd90c0a2433
                        </td>
                    </tr>
                    <tr>
                        <td class="post-score">
                            65
                        </td>
                        <td class="post-title">
                            C++ Sudoku Solver by Singapore PM Lee Hsien Loong
                        </td>
                        <td class="post-type">
                            story
                        </td>
                        <td class="post-time">
                            2023 Nov 04 19:07 (7 days 12 hours 22 minutes 45 seconds ago)
                        </td>
                        <td class="post-url">
                            https://twitter.com/adad8m/status/1720822885496049863
                        </td>
                    </tr>
                    <tr>
                        <td class="post-score">
                            91
                        </td>
                        <td class="post-title">
                            Lapham's Quarterly Is on Hiatus
                        </td>
                        <td class="post-type">
                            story
                        </td>
                        <td class="post-time">
                            2023 Nov 04 20:00 (7 days 11 hours 29 minutes 4 seconds ago)
                        </td>
                        <td class="post-url">
                            https://www.laphamsquarterly.org/roundtable/hiatus
                        </td>
                    </tr>
                    <tr>
                        <td class="post-score">
                            6
                        </td>
                        <td class="post-title">
                            X.ai Grok
                        </td>
                        <td class="post-type">
                            story
                        </td>
                        <td class="post-time">
                            2023 Nov 05 05:57 (7 days 1 hour 32 minutes 35 seconds ago)
                        </td>
                        <td class="post-url">
                            https://grok.x.ai/
                        </td>
                    </tr>
                    <tr>
                        <td class="post-score">
                            219
                        </td>
                        <td class="post-title">
                            Asciinema: Record and share your terminal sessions, the simple way
                        </td>
                        <td class="post-type">
                            story
                        </td>
                        <td class="post-time">
                            2023 Nov 03 20:53 (8 days 10 hours 36 minutes 30 seconds ago)
                        </td>
                        <td class="post-url">
                            https://asciinema.org/
                        </td>
                    </tr>
                    <tr>
                        <td class="post-score">
                            605
                        </td>
                        <td class="post-title">
                            In 1886, the US commissioned watercolor paintings of every known fruit (2019)
                        </td>
                        <td class="post-type">
                            story
                        </td>
                        <td class="post-time">
                            2023 Nov 02 22:30 (9 days 8 hours 59 minutes 52 seconds ago)
                        </td>
                        <td class="post-url">
                            https://www.openculture.com/2019/06/the-us-government-commissioned-7500-watercolor-paintings.html
                        </td>
                    </tr>
                    <tr>
                        <td class="post-score">
                            467
                        </td>
                        <td class="post-title">
                            No dogs were harmed in the making of this app
                        </td>
                        <td class="post-type">
                            story
                        </td>
                        <td class="post-time">
                            2023 Nov 03 13:47 (8 days 17 hours 42 minutes 7 seconds ago)
                        </td>
                        <td class="post-url">
                            https://shmck.substack.com/p/no-dogs-were-harmed-in-the-making
                        </td>
                    </tr>
                    <tr>
                        <td class="post-score">
                            417
                        </td>
                        <td class="post-title">
                            Bringing garbage collected programming languages efficiently to WebAssembly
                        </td>
                        <td class="post-type">
                            story
                        </td>
                        <td class="post-time">
                            2023 Nov 03 06:50 (9 days 39 minutes 29 seconds ago)
                        </td>
                        <td class="post-url">
                            https://v8.dev/blog/wasm-gc-porting
                        </td>
                    </tr>
                    <tr>
                        <td class="post-score">
                            225
                        </td>
                        <td class="post-title">
                            Wooden Game Boy
                        </td>
                        <td class="post-type">
                            story
                        </td>
                        <td class="post-time">
                            2023 Nov 03 21:32 (8 days 9 hours 57 minutes 20 seconds ago)
                        </td>
                        <td class="post-url">
                            https://there.oughta.be/a/wooden-game-boy
                        </td>
                    </tr>
                    <tr>
                        <td class="post-score">
                            80
                        </td>
                        <td class="post-title">
                            The Apple II Circuit Description (1983)
                        </td>
                        <td class="post-type">
                            story
                        </td>
                        <td class="post-time">
                            2023 Nov 02 14:58 (9 days 16 hours 31 minutes 22 seconds ago)
                        </td>
                        <td class="post-url">
                            https://archive.org/details/taiicd
                        </td>
                    </tr>
                    <tr>
                        <td class="post-score">
                            304
                        </td>
                        <td class="post-title">
                            Bevy 0.12
                        </td>
                        <td class="post-type">
                            story
                        </td>
                        <td class="post-time">
                            2023 Nov 04 19:39 (7 days 11 hours 50 minutes 15 seconds ago)
                        </td>
                        <td class="post-url">
                            https://bevyengine.org/news/bevy-0-12/
                        </td>
                    </tr>
                    <tr>
                        <td class="post-score">
                            203
                        </td>
                        <td class="post-title">
                            Telling GPT-4 you're scared or under pressure improves performance
                        </td>
                        <td class="post-type">
                            story
                        </td>
                        <td class="post-time">
                            2023 Nov 04 00:40 (8 days 6 hours 49 minutes 10 seconds ago)
                        </td>
                        <td class="post-url">
                            https://aimodels.substack.com/p/telling-gpt-4-youre-scared-or-under
                        </td>
                    </tr>
                    <tr>
                        <td class="post-score">
                            1952
                        </td>
                        <td class="post-title">
                            Sam Bankman-Fried Convicted
                        </td>
                        <td class="post-type">
                            story
                        </td>
                        <td class="post-time">
                            2023 Nov 02 23:49 (9 days 7 hours 40 minutes 43 seconds ago)
                        </td>
                        <td class="post-url">
                            https://www.nytimes.com/live/2023/11/02/business/sam-bankman-fried-trial
                        </td>
                    </tr>
                    <tr>
                        <td class="post-score">
                            188
                        </td>
                        <td class="post-title">
                            Surround sound test files for every audio format
                        </td>
                        <td class="post-type">
                            story
                        </td>
                        <td class="post-time">
                            2023 Nov 03 22:21 (8 days 9 hours 8 minutes 29 seconds ago)
                        </td>
                        <td class="post-url">
                            https://drive.google.com/drive/folders/1JxmeedtAtgmoafXv9rroiDOS2vEX7N4b
                        </td>
                    </tr>
                    <tr>
                        <td class="post-score">
                            128
                        </td>
                        <td class="post-title">
                            Tesla strike widens as Swedish union expands blockade
                        </td>
                        <td class="post-type">
                            story
                        </td>
                        <td class="post-time">
                            2023 Nov 04 23:30 (7 days 7 hours 59 minutes 22 seconds ago)
                        </td>
                        <td class="post-url">
                            https://www.thelocal.se/20231103/tesla-strike-widens-as-swedish-union-expands-blockade
                        </td>
                    </tr>
                    <tr>
                        <td class="post-score">
                            15
                        </td>
                        <td class="post-title">
                            R─ühui and the Art of Marine Conservation
                        </td>
                        <td class="post-type">
                            story
                        </td>
                        <td class="post-time">
                            2023 Nov 04 03:03 (8 days 4 hours 26 minutes 27 seconds ago)
                        </td>
                        <td class="post-url">
                            https://hakaimagazine.com/features/rahui-and-the-art-of-marine-conservation/
                        </td>
                    </tr>
                    <tr>
                        <td class="post-score">
                            81
                        </td>
                        <td class="post-title">
                            Large-scale violence in Late Neolithic Western Europe based on skeletal evidence
                        </td>
                        <td class="post-type">
                            story
                        </td>
                        <td class="post-time">
                            2023 Nov 04 02:56 (8 days 4 hours 33 minutes 32 seconds ago)
                        </td>
                        <td class="post-url">
                            https://www.nature.com/articles/s41598-023-43026-9
                        </td>
                    </tr>
                    <tr>
                        <td class="post-score">
                            224
                        </td>
                        <td class="post-title">
                            First observation of a virus attaching to another virus
                        </td>
                        <td class="post-type">
                            story
                        </td>
                        <td class="post-time">
                            2023 Nov 03 12:47 (8 days 18 hours 42 minutes 18 seconds ago)
                        </td>
                        <td class="post-url">
                            https://umbc.edu/stories/first-observed-virus-attaching-to-another/
                        </td>
                    </tr>
                    <tr>
                        <td class="post-score">
                            185
                        </td>
                        <td class="post-title">
                            KDE desktop cube effect returns
                        </td>
                        <td class="post-type">
                            story
                        </td>
                        <td class="post-time">
                            2023 Nov 04 14:13 (7 days 17 hours 16 minutes 9 seconds ago)
                        </td>
                        <td class="post-url">
                            https://www.phoronix.com/news/KDE-Wayland-Color-Mgmt
                        </td>
                    </tr>
                    <tr>
                        <td class="post-score">
                            49
                        </td>
                        <td class="post-title">
                            Searching for hidden silicon art on a microchip
                        </td>
                        <td class="post-type">
                            story
                        </td>
                        <td class="post-time">
                            2023 Nov 04 16:48 (7 days 14 hours 41 minutes 14 seconds ago)
                        </td>
                        <td class="post-url">
                            https://twitter.com/microscopicture/status/1720837951238636018
                        </td>
                    </tr>
                    <tr>
                        <td class="post-score">
                            19
                        </td>
                        <td class="post-title">
                            U.S. cities consider banning "right on red" laws amid rise in pedestrian deaths
                        </td>
                        <td class="post-type">
                            story
                        </td>
                        <td class="post-time">
                            2023 Nov 04 23:45 (7 days 7 hours 44 minutes 33 seconds ago)
                        </td>
                        <td class="post-url">
                            https://www.cbsnews.com/news/pedestrian-deaths-right-on-red-ban/
                        </td>
                    </tr>
                    <tr>
                        <td class="post-score">
                            195
                        </td>
                        <td class="post-title">
                            Paste without formatting on macOS
                        </td>
                        <td class="post-type">
                            story
                        </td>
                        <td class="post-time">
                            2023 Nov 04 14:31 (7 days 16 hours 58 minutes 43 seconds ago)
                        </td>
                        <td class="post-url">
                            https://scottswezey.com/always-paste-without-formatting-macos/
                        </td>
                    </tr>
                    <tr>
                        <td class="post-score">
                            1187
                        </td>
                        <td class="post-title">
                            Cosmopolitan Third Edition
                        </td>
                        <td class="post-type">
                            story
                        </td>
                        <td class="post-time">
                            2023 Nov 01 17:25 (10 days 14 hours 4 minutes 20 seconds ago)
                        </td>
                        <td class="post-url">
                            https://justine.lol/cosmo3/
                        </td>
                    </tr>
                    <tr>
                        <td class="post-score">
                            126
                        </td>
                        <td class="post-title">
                            Bibi-binary
                        </td>
                        <td class="post-type">
                            story
                        </td>
                        <td class="post-time">
                            2023 Nov 02 08:55 (9 days 22 hours 35 minutes ago)
                        </td>
                        <td class="post-url">
                            https://en.wikipedia.org/wiki/Bibi-binary
                        </td>
                    </tr>
                    <tr>
                        <td class="post-score">
                            57
                        </td>
                        <td class="post-title">
                            UK plans to redefine extremism to include undermining the country
                        </td>
                        <td class="post-type">
                            story
                        </td>
                        <td class="post-time">
                            2023 Nov 04 18:57 (7 days 12 hours 32 minutes 23 seconds ago)
                        </td>
                        <td class="post-url">
                            https://www.theguardian.com/uk-news/2023/nov/04/plans-to-redefine-extremism-would-include-undermining-uk-values
                        </td>
                    </tr>
                    <tr>
                        <td class="post-score">
                            453
                        </td>
                        <td class="post-title">
                            Light can make water evaporate without heat
                        </td>
                        <td class="post-type">
                            story
                        </td>
                        <td class="post-time">
                            2023 Nov 02 17:59 (9 days 13 hours 30 minutes 3 seconds ago)
                        </td>
                        <td class="post-url">
                            https://news.mit.edu/2023/surprising-finding-light-makes-water-evaporate-without-heat-1031
                        </td>
                    </tr>
                    <tr>
                        <td class="post-score">
                            13
                        </td>
                        <td class="post-title">
                            The Trust Principles
                        </td>
                        <td class="post-type">
                            story
                        </td>
                        <td class="post-time">
                            2023 Nov 04 14:32 (7 days 16 hours 57 minutes 57 seconds ago)
                        </td>
                        <td class="post-url">
                            https://www.thomsonreuters.com/en/about-us/trust-principles.html
                        </td>
                    </tr>
                    <tr>
                        <td class="post-score">
                            15
                        </td>
                        <td class="post-title">
                            Coding in Public: Help Battle Imposter Syndrome and Inspire Others
                        </td>
                        <td class="post-type">
                            story
                        </td>
                        <td class="post-time">
                            2023 Nov 04 11:58 (7 days 19 hours 31 minutes 59 seconds ago)
                        </td>
                        <td class="post-url">
                            https://www.codingtemple.com/blog/coding-in-public-help-battle-imposter-syndrome-and-inspire-others/
                        </td>
                    </tr>
                    <tr>
                        <td class="post-score">
                            257
                        </td>
                        <td class="post-title">
                            Software that supports your body should always respect your freedom
                        </td>
                        <td class="post-type">
                            story
                        </td>
                        <td class="post-time">
                            2023 Nov 04 17:26 (7 days 14 hours 3 minutes 1 second ago)
                        </td>
                        <td class="post-url">
                            https://www.fsf.org/blogs/community/software-that-supports-your-body-should-always-respect-your-freedom
                        </td>
                    </tr>
                    <tr>
                        <td class="post-score">
                            117
                        </td>
                        <td class="post-title">
                            Show HN: MicroLua ΓÇô Lua for the RP2040 Microcontroller
                        </td>
                        <td class="post-type">
                            story
                        </td>
                        <td class="post-time">
                            2023 Nov 03 18:45 (8 days 12 hours 44 minutes 56 seconds ago)
                        </td>
                        <td class="post-url">
                            https://github.com/MicroLua/MicroLua
                        </td>
                    </tr>
                    <tr>
                        <td class="post-score">
                            451
                        </td>
                        <td class="post-title">
                            Post Mortem on Cloudflare Control Plane and Analytics Outage
                        </td>
                        <td class="post-type">
                            story
                        </td>
                        <td class="post-time">
                            2023 Nov 04 06:20 (8 days 1 hour 9 minutes 19 seconds ago)
                        </td>
                        <td class="post-url">
                            https://blog.cloudflare.com/post-mortem-on-cloudflare-control-plane-and-analytics-outage/
                        </td>
                    </tr>
                    <tr>
                        <td class="post-score">
                            543
                        </td>
                        <td class="post-title">
                            Portugal. The Man ΓÇô Official Website Is a Google Sheets Document
                        </td>
                        <td class="post-type">
                            story
                        </td>
                        <td class="post-time">
                            2023 Nov 03 23:59 (8 days 7 hours 30 minutes 6 seconds ago)
                        </td>
                        <td class="post-url">
                            https://www.portugaltheman.com/?frontpage=true
                        </td>
                    </tr>
                    <tr>
                        <td class="post-score">
                            212
                        </td>
                        <td class="post-title">
                            M3 Macs: there's more to performance than counting cores
                        </td>
                        <td class="post-type">
                            story
                        </td>
                        <td class="post-time">
                            2023 Nov 03 07:59 (8 days 23 hours 30 minutes 10 seconds ago)
                        </td>
                        <td class="post-url">
                            https://eclecticlight.co/2023/11/03/m3-macs-theres-more-to-performance-than-counting-cores/
                        </td>
                    </tr>
                    <tr>
                        <td class="post-score">
                            43
                        </td>
                        <td class="post-title">
                            What is a Teddy Roosevelt presidential library doing in North Dakota?
                        </td>
                        <td class="post-type">
                            story
                        </td>
                        <td class="post-time">
                            2023 Nov 03 19:14 (8 days 12 hours 15 minutes 17 seconds ago)
                        </td>
                        <td class="post-url">
                            https://www.nytimes.com/2023/10/27/arts/theodore-roosevelt-presidential-library.html
                        </td>
                    </tr>
                    <tr>
                        <td class="post-score">
                            5
                        </td>
                        <td class="post-title">
                            You Are Not Late (2014)
                        </td>
                        <td class="post-type">
                            story
                        </td>
                        <td class="post-time">
                            2023 Nov 04 15:26 (7 days 16 hours 3 minutes 43 seconds ago)
                        </td>
                        <td class="post-url">
                            https://kk.org/thetechnium/you-are-not-late/
                        </td>
                    </tr>
                    <tr>
                        <td class="post-score">
                            156
                        </td>
                        <td class="post-title">
                            Shinzo Abe's Assassination
                        </td>
                        <td class="post-type">
                            story
                        </td>
                        <td class="post-time">
                            2023 Nov 04 13:07 (7 days 18 hours 22 minutes 15 seconds ago)
                        </td>
                        <td class="post-url">
                            https://www.theatlantic.com/magazine/archive/2023/10/shinzo-abe-assassination-japan-unification-church-moonies/675114/
                        </td>
                    </tr>
                    <tr>
                        <td class="post-score">
                            101
                        </td>
                        <td class="post-title">
                            Sometimes, it is a compiler bug (2022)
                        </td>
                        <td class="post-type">
                            story
                        </td>
                        <td class="post-time">
                            2023 Nov 04 03:46 (8 days 3 hours 43 minutes 49 seconds ago)
                        </td>
                        <td class="post-url">
                            https://quick-lint-js.com/blog/bug-journey/
                        </td>
                    </tr>
                    <tr>
                        <td class="post-score">
                            154
                        </td>
                        <td class="post-title">
                            Guide to Adopting AV1 Encoding
                        </td>
                        <td class="post-type">
                            story
                        </td>
                        <td class="post-time">
                            2023 Nov 03 15:17 (8 days 16 hours 12 minutes 15 seconds ago)
                        </td>
                        <td class="post-url">
                            https://bitmovin.com/av1/av1-encoding-guide/
                        </td>
                    </tr>
                    <tr>
                        <td class="post-score">
                            7
                        </td>
                        <td class="post-title">
                            Ask HN: Where do you get your health news?
                        </td>
                        <td class="post-type">
                            story
                        </td>
                        <td class="post-time">
                            2023 Nov 05 00:57 (7 days 6 hours 32 minutes 4 seconds ago)
                        </td>
                        <td class="post-url">
                            
                        </td>
                    </tr>
                    <tr>
                        <td class="post-score">
                            37
                        </td>
                        <td class="post-title">
                            Mass producing the most expensive rice cooker [video]
                        </td>
                        <td class="post-type">
                            story
                        </td>
                        <td class="post-time">
                            2023 Nov 04 16:33 (7 days 14 hours 56 minutes 20 seconds ago)
                        </td>
                        <td class="post-url">
                            https://www.youtube.com/watch?v=xLCwr8qG1p4
                        </td>
                    </tr>
                    <tr>
                        <td class="post-score">
                            32
                        </td>
                        <td class="post-title">
                            Codec Royalties on Content and the Jaws Moment
                        </td>
                        <td class="post-type">
                            story
                        </td>
                        <td class="post-time">
                            2023 Nov 03 21:07 (8 days 10 hours 22 minutes 1 second ago)
                        </td>
                        <td class="post-url">
                            https://streaminglearningcenter.com/codecs/codec-royalties-on-content.html
                        </td>
                    </tr>
                    <tr>
                        <td class="post-score">
                            139
                        </td>
                        <td class="post-title">
                            Louis Armstrong's Last Word
                        </td>
                        <td class="post-type">
                            story
                        </td>
                        <td class="post-time">
                            2023 Nov 02 20:16 (9 days 11 hours 13 minutes 25 seconds ago)
                        </td>
                        <td class="post-url">
                            https://www.thenation.com/article/culture/louis-armstrong-archive/
                        </td>
                    </tr>
                    <tr>
                        <td class="post-score">
                            111
                        </td>
                        <td class="post-title">
                            The Sega Hitachi HiSaturn Navi Console
                        </td>
                        <td class="post-type">
                            story
                        </td>
                        <td class="post-time">
                            2023 Nov 03 22:43 (8 days 8 hours 46 minutes 22 seconds ago)
                        </td>
                        <td class="post-url">
                            https://nfggames.com/games/hisaturn/
                        </td>
                    </tr>
                    <tr>
                        <td class="post-score">
                            124
                        </td>
                        <td class="post-title">
                            My experience taking Tesla to court about FSD
                        </td>
                        <td class="post-type">
                            story
                        </td>
                        <td class="post-time">
                            2023 Nov 05 00:23 (7 days 7 hours 6 minutes 20 seconds ago)
                        </td>
                        <td class="post-url">
                            https://teslamotorsclub.com/tmc/threads/my-experience-taking-tesla-to-court-about-fsd.315086/
                        </td>
                    </tr>
                    <tr>
                        <td class="post-score">
                            179
                        </td>
                        <td class="post-title">
                            Pix2tex: Using a ViT to convert images of equations into LaTeX code
                        </td>
                        <td class="post-type">
                            story
                        </td>
                        <td class="post-time">
                            2023 Nov 03 10:17 (8 days 21 hours 12 minutes 57 seconds ago)
                        </td>
                        <td class="post-url">
                            https://github.com/lukas-blecher/LaTeX-OCR
                        </td>
                    </tr>
                    <tr>
                        <td class="post-score">
                            470
                        </td>
                        <td class="post-title">
                            Talk-Llama
                        </td>
                        <td class="post-type">
                            story
                        </td>
                        <td class="post-time">
                            2023 Nov 02 07:32 (9 days 23 hours 57 minutes 27 seconds ago)
                        </td>
                        <td class="post-url">
                            https://github.com/ggerganov/whisper.cpp/tree/master/examples/talk-llama
                        </td>
                    </tr>
                    <tr>
                        <td class="post-score">
                            145
                        </td>
                        <td class="post-title">
                            Cooperative C++ Evolution ΓÇô Toward a TypeScript for C++
                        </td>
                        <td class="post-type">
                            story
                        </td>
                        <td class="post-time">
                            2023 Nov 04 13:30 (7 days 17 hours 59 minutes 20 seconds ago)
                        </td>
                        <td class="post-url">
                            https://herbsutter.com/2023/10/09/my-new-cppcon-talk-is-on-youtube-cooperative-c-evolution-toward-a-typescript-for-c/
                        </td>
                    </tr>
                    <tr>
                        <td class="post-score">
                            35
                        </td>
                        <td class="post-title">
                            The StahlDream
                        </td>
                        <td class="post-type">
                            story
                        </td>
                        <td class="post-time">
                            2023 Nov 04 01:18 (8 days 6 hours 11 minutes 11 seconds ago)
                        </td>
                        <td class="post-url">
                            https://remexre.com/stahl/dream
                        </td>
                    </tr>
                    <tr>
                        <td class="post-score">
                            112
                        </td>
                        <td class="post-title">
                            Frink is a programming language designed to make physical calculations simple
                        </td>
                        <td class="post-type">
                            story
                        </td>
                        <td class="post-time">
                            2023 Nov 03 06:36 (9 days 53 minutes 7 seconds ago)
                        </td>
                        <td class="post-url">
                            https://frinklang.org/
                        </td>
                    </tr>
                    <tr>
                        <td class="post-score">
                            38
                        </td>
                        <td class="post-title">
                            SBF Is Headed to Prison but FTX Will Haunt the Crypto Community for Years
                        </td>
                        <td class="post-type">
                            story
                        </td>
                        <td class="post-time">
                            2023 Nov 05 01:59 (7 days 5 hours 30 minutes 27 seconds ago)
                        </td>
                        <td class="post-url">
                            https://gizmodo.com/ftx-fbi-sam-bankman-fried-cryptocurrency-data-1850990825
                        </td>
                    </tr>
                    <tr>
                        <td class="post-score">
                            59
                        </td>
                        <td class="post-title">
                            Yorick is an interpreted programming language for scientific simulations
                        </td>
                        <td class="post-type">
                            story
                        </td>
                        <td class="post-time">
                            2023 Nov 03 21:00 (8 days 10 hours 29 minutes 59 seconds ago)
                        </td>
                        <td class="post-url">
                            https://yorick.sourceforge.net/
                        </td>
                    </tr>
                    <tr>
                        <td class="post-score">
                            149
                        </td>
                        <td class="post-title">
                            Starfish bodies arenΓÇÖt bodies at all, study finds
                        </td>
                        <td class="post-type">
                            story
                        </td>
                        <td class="post-time">
                            2023 Nov 04 13:54 (7 days 17 hours 35 minutes 34 seconds ago)
                        </td>
                        <td class="post-url">
                            https://www.cnn.com/2023/11/02/world/starfish-head-body-plan-scn/index.html
                        </td>
                    </tr>
                    <tr>
                        <td class="post-score">
                            7
                        </td>
                        <td class="post-title">
                            SFML 2.6.1
                        </td>
                        <td class="post-type">
                            story
                        </td>
                        <td class="post-time">
                            2023 Nov 04 21:24 (7 days 10 hours 5 minutes 44 seconds ago)
                        </td>
                        <td class="post-url">
                            https://github.com/SFML/SFML/releases/tag/2.6.1
                        </td>
                    </tr>
                    <tr>
                        <td class="post-score">
                            21
                        </td>
                        <td class="post-title">
                            Running Mod_Perl with Mojolicious in Docker
                        </td>
                        <td class="post-type">
                            story
                        </td>
                        <td class="post-time">
                            2023 Nov 03 23:02 (8 days 8 hours 27 minutes 41 seconds ago)
                        </td>
                        <td class="post-url">
                            https://rawley.xyz/docker-mod-perl.html
                        </td>
                    </tr>
                    <tr>
                        <td class="post-score">
                            67
                        </td>
                        <td class="post-title">
                            The Great Inflation
                        </td>
                        <td class="post-type">
                            story
                        </td>
                        <td class="post-time">
                            2023 Nov 04 14:42 (7 days 16 hours 47 minutes 33 seconds ago)
                        </td>
                        <td class="post-url">
                            https://www.federalreservehistory.org/essays/great-inflation
                        </td>
                    </tr>
                    <tr>
                        <td class="post-score">
                            174
                        </td>
                        <td class="post-title">
                            MetNet-3: A state-of-the-art neural weather model
                        </td>
                        <td class="post-type">
                            story
                        </td>
                        <td class="post-time">
                            2023 Nov 03 00:34 (9 days 6 hours 55 minutes 20 seconds ago)
                        </td>
                        <td class="post-url">
                            https://blog.research.google/2023/11/metnet-3-state-of-art-neural-weather.html?m=1
                        </td>
                    </tr>
                    <tr>
                        <td class="post-score">
                            264
                        </td>
                        <td class="post-title">
                            From S3 to R2: An economic opportunity
                        </td>
                        <td class="post-type">
                            story
                        </td>
                        <td class="post-time">
                            2023 Nov 02 19:15 (9 days 12 hours 14 minutes 15 seconds ago)
                        </td>
                        <td class="post-url">
                            https://dansdatathoughts.substack.com/p/from-s3-to-r2-an-economic-opportunity
                        </td>
                    </tr>
                    <tr>
                        <td class="post-score">
                            481
                        </td>
                        <td class="post-title">
                            Ask HN: Who is hiring? (November 2023)
                        </td>
                        <td class="post-type">
                            story
                        </td>
                        <td class="post-time">
                            2023 Nov 01 15:00 (10 days 16 hours 29 minutes 17 seconds ago)
                        </td>
                        <td class="post-url">
                            
                        </td>
                    </tr>
                    <tr>
                        <td class="post-score">
                            208
                        </td>
                        <td class="post-title">
                            Course using F#: Write your own tiny programming system(s)
                        </td>
                        <td class="post-type">
                            story
                        </td>
                        <td class="post-time">
                            2023 Nov 02 21:41 (9 days 9 hours 48 minutes 57 seconds ago)
                        </td>
                        <td class="post-url">
                            https://d3s.mff.cuni.cz/teaching/nprg077/
                        </td>
                    </tr>
                    <tr>
                        <td class="post-score">
                            11
                        </td>
                        <td class="post-title">
                            Astra, low on cash, defaults on loan
                        </td>
                        <td class="post-type">
                            story
                        </td>
                        <td class="post-time">
                            2023 Nov 04 20:16 (7 days 11 hours 13 minutes 49 seconds ago)
                        </td>
                        <td class="post-url">
                            https://spacenews.com/astra-low-on-cash-defaults-on-loan/
                        </td>
                    </tr>
                    <tr>
                        <td class="post-score">
                            204
                        </td>
                        <td class="post-title">
                            Maersk to cut 10k jobs as shipping demand drops
                        </td>
                        <td class="post-type">
                            story
                        </td>
                        <td class="post-time">
                            2023 Nov 04 04:39 (8 days 2 hours 50 minutes 14 seconds ago)
                        </td>
                        <td class="post-url">
                            https://www.reuters.com/business/shipping-giant-maersk-q3-above-expectation-sees-fy-lower-end-range-2023-11-03/
                        </td>
                    </tr>
                    <tr>
                        <td class="post-score">
                            52
                        </td>
                        <td class="post-title">
                            Welcome to the New GamersNexus Website v5.0: A Message
                        </td>
                        <td class="post-type">
                            story
                        </td>
                        <td class="post-time">
                            2023 Nov 04 21:16 (7 days 10 hours 13 minutes 49 seconds ago)
                        </td>
                        <td class="post-url">
                            https://gamersnexus.net/gn-extras/welcome-new-gamersnexus-website-v50-message
                        </td>
                    </tr>
                    <tr>
                        <td class="post-score">
                            252
                        </td>
                        <td class="post-title">
                            How to stop adulterated turmeric from killing people
                        </td>
                        <td class="post-type">
                            story
                        </td>
                        <td class="post-time">
                            2023 Nov 04 07:59 (7 days 23 hours 30 minutes 12 seconds ago)
                        </td>
                        <td class="post-url">
                            https://www.economist.com/leaders/2023/11/02/how-to-stop-turmeric-from-killing-people
                        </td>
                    </tr>
                    <tr>
                        <td class="post-score">
                            38
                        </td>
                        <td class="post-title">
                            The Miracle of Photography
                        </td>
                        <td class="post-type">
                            story
                        </td>
                        <td class="post-time">
                            2023 Nov 03 17:46 (8 days 13 hours 43 minutes 21 seconds ago)
                        </td>
                        <td class="post-url">
                            https://themillions.com/2023/11/the-miracle-of-photography.html
                        </td>
                    </tr>
                    <tr>
                        <td class="post-score">
                            71
                        </td>
                        <td class="post-title">
                            Edison Bulb Night Mode
                        </td>
                        <td class="post-type">
                            story
                        </td>
                        <td class="post-time">
                            2023 Nov 03 22:29 (8 days 9 hours 58 seconds ago)
                        </td>
                        <td class="post-url">
                            https://www.petemillspaugh.com/edison-bulb
                        </td>
                    </tr>
                    <tr>
                        <td class="post-score">
                            155
                        </td>
                        <td class="post-title">
                            RegEx Crossword (2013)
                        </td>
                        <td class="post-type">
                            story
                        </td>
                        <td class="post-time">
                            2023 Nov 02 10:30 (9 days 20 hours 59 minutes 57 seconds ago)
                        </td>
                        <td class="post-url">
                            https://jimbly.github.io/regex-crossword/
                        </td>
                    </tr>
                    <tr>
                        <td class="post-score">
                            65
                        </td>
                        <td class="post-title">
                            CPU-Z's Inadequate Benchmark
                        </td>
                        <td class="post-type">
                            story
                        </td>
                        <td class="post-time">
                            2023 Nov 04 00:27 (8 days 7 hours 2 minutes 11 seconds ago)
                        </td>
                        <td class="post-url">
                            https://chipsandcheese.com/2023/11/03/cpu-zs-inadequate-benchmark/
                        </td>
                    </tr>
                    <tr>
                        <td class="post-score">
                            29
                        </td>
                        <td class="post-title">
                            DEA Launches Crack Down on San Francisco Fentanyl Dealing
                        </td>
                        <td class="post-type">
                            story
                        </td>
                        <td class="post-time">
                            2023 Nov 04 23:44 (7 days 7 hours 45 minutes 11 seconds ago)
                        </td>
                        <td class="post-url">
                            https://abc7news.com/sf-fentanyl-drug-dealers-all-hands-of-deck-operation-sfpd/14006658/
                        </td>
                    </tr>
                    <tr>
                        <td class="post-score">
                            205
                        </td>
                        <td class="post-title">
                            Uranium demand hits decade high as nuclear renaissance gains traction
                        </td>
                        <td class="post-type">
                            story
                        </td>
                        <td class="post-time">
                            2023 Nov 04 00:11 (8 days 7 hours 18 minutes 3 seconds ago)
                        </td>
                        <td class="post-url">
                            https://oilprice.com/The-Environment/Global-Warming/Uranium-Demand-Hits-Decade-High-As-Nuclear-Renaissance-Gains-Traction.html
                        </td>
                    </tr>
                    <tr>
                        <td class="post-score">
                            56
                        </td>
                        <td class="post-title">
                            Accelerating digital block design with Google's open source Mid-Level Synthesis
                        </td>
                        <td class="post-type">
                            story
                        </td>
                        <td class="post-time">
                            2023 Nov 03 19:53 (8 days 11 hours 36 minutes 51 seconds ago)
                        </td>
                        <td class="post-url">
                            https://antmicro.com/blog/2023/09/accelerating-digital-block-design-with-googles-xls/
                        </td>
                    </tr>
                    <tr>
                        <td class="post-score">
                            26
                        </td>
                        <td class="post-title">
                            Show HN: Cami.js ΓÇô A No Build, Web Component Based Reactive Framework
                        </td>
                        <td class="post-type">
                            story
                        </td>
                        <td class="post-time">
                            2023 Nov 04 18:33 (7 days 12 hours 56 minutes 24 seconds ago)
                        </td>
                        <td class="post-url">
                            https://github.com/kennyfrc/cami.js
                        </td>
                    </tr>
                    <tr>
                        <td class="post-score">
                            177
                        </td>
                        <td class="post-title">
                            Why You Should Write Your Own Static Site Generator
                        </td>
                        <td class="post-type">
                            story
                        </td>
                        <td class="post-time">
                            2023 Nov 03 09:10 (8 days 22 hours 19 minutes 27 seconds ago)
                        </td>
                        <td class="post-url">
                            https://arne.me/articles/write-your-own-ssg
                        </td>
                    </tr>
                    <tr>
                        <td class="post-score">
                            12
                        </td>
                        <td class="post-title">
                            GiNaC: Open framework for symbolic computation within C++ programming language
                        </td>
                        <td class="post-type">
                            story
                        </td>
                        <td class="post-time">
                            2023 Nov 04 03:25 (8 days 4 hours 4 minutes 34 seconds ago)
                        </td>
                        <td class="post-url">
                            https://www.ginac.de/tutorial/
                        </td>
                    </tr>
                    <tr>
                        <td class="post-score">
                            39
                        </td>
                        <td class="post-title">
                            Liblinux ΓÇô architecture-independent access to Linux system calls
                        </td>
                        <td class="post-type">
                            story
                        </td>
                        <td class="post-time">
                            2023 Nov 03 08:47 (8 days 22 hours 42 minutes 47 seconds ago)
                        </td>
                        <td class="post-url">
                            https://github.com/matheusmoreira/liblinux
                        </td>
                    </tr>
                    <tr>
                        <td class="post-score">
                            111
                        </td>
                        <td class="post-title">
                            Enable ARMv9 Memory Tagging Extension (MTE) on Pixel 8
                        </td>
                        <td class="post-type">
                            story
                        </td>
                        <td class="post-time">
                            2023 Nov 03 06:55 (9 days 34 minutes 38 seconds ago)
                        </td>
                        <td class="post-url">
                            https://outflux.net/blog/archives/2023/10/26/enable-mte-on-pixel-8/
                        </td>
                    </tr>
                    <tr>
                        <td class="post-score">
                            56
                        </td>
                        <td class="post-title">
                            Why is RC Cola popular in Tajikistan?
                        </td>
                        <td class="post-type">
                            story
                        </td>
                        <td class="post-time">
                            2023 Nov 03 20:07 (8 days 11 hours 22 minutes 14 seconds ago)
                        </td>
                        <td class="post-url">
                            https://www.snackstack.net/p/why-is-rc-cola-popular-in-tajikistan
                        </td>
                    </tr>
                    <tr>
                        <td class="post-score">
                            7
                        </td>
                        <td class="post-title">
                            Show HN: I started building yet another CSS framework
                        </td>
                        <td class="post-type">
                            story
                        </td>
                        <td class="post-time">
                            2023 Nov 04 08:55 (7 days 22 hours 34 minutes 46 seconds ago)
                        </td>
                        <td class="post-url">
                            https://eternityforest.github.io/barrel.css/
                        </td>
                    </tr>
                    <tr>
                        <td class="post-score">
                            85
                        </td>
                        <td class="post-title">
                            How to help someone use a computer (1996)
                        </td>
                        <td class="post-type">
                            story
                        </td>
                        <td class="post-time">
                            2023 Nov 03 08:46 (8 days 22 hours 43 minutes 16 seconds ago)
                        </td>
                        <td class="post-url">
                            https://pages.gseis.ucla.edu/faculty/agre/how-to-help.html
                        </td>
                    </tr>
                    <tr>
                        <td class="post-score">
                            193
                        </td>
                        <td class="post-title">
                            Is there anywhere in the world someone can just live for free?
                        </td>
                        <td class="post-type">
                            story
                        </td>
                        <td class="post-time">
                            2023 Nov 04 08:57 (7 days 22 hours 32 minutes 38 seconds ago)
                        </td>
                        <td class="post-url">
                            https://reddit.com/r/NoStupidQuestions/comments/17mvukd/is_there_anywhere_in_the_world_someone_can_just/
                        </td>
                    </tr>
                    <tr>
                        <td class="post-score">
                            84
                        </td>
                        <td class="post-title">
                            First Handset with MTE on the Market
                        </td>
                        <td class="post-type">
                            story
                        </td>
                        <td class="post-time">
                            2023 Nov 03 22:03 (8 days 9 hours 26 minutes 22 seconds ago)
                        </td>
                        <td class="post-url">
                            https://googleprojectzero.blogspot.com/2023/11/first-handset-with-mte-on-market.html
                        </td>
                    </tr>
                    <tr>
                        <td class="post-score">
                            59
                        </td>
                        <td class="post-title">
                            Cats Make Nearly 300 Different Facial Expressions
                        </td>
                        <td class="post-type">
                            story
                        </td>
                        <td class="post-time">
                            2023 Nov 04 21:38 (7 days 9 hours 52 minutes ago)
                        </td>
                        <td class="post-url">
                            https://www.smithsonianmag.com/smart-news/cats-make-nearly-300-different-facial-expressions-180983185/
                        </td>
                    </tr>
                    <tr>
                        <td class="post-score">
                            147
                        </td>
                        <td class="post-title">
                            Email.radio ΓÇô Free Email Domain for Licensed Ham Radio Operators
                        </td>
                        <td class="post-type">
                            story
                        </td>
                        <td class="post-time">
                            2023 Nov 03 02:10 (9 days 5 hours 19 minutes 5 seconds ago)
                        </td>
                        <td class="post-url">
                            https://email.radio/
                        </td>
                    </tr>
                    <tr>
                        <td class="post-score">
                            666
                        </td>
                        <td class="post-title">
                            macOS Sonoma Boot Failures
                        </td>
                        <td class="post-type">
                            story
                        </td>
                        <td class="post-time">
                            2023 Oct 31 18:33 (11 days 12 hours 56 minutes 8 seconds ago)
                        </td>
                        <td class="post-url">
                            https://github.com/AsahiLinux/docs/wiki/macOS-Sonoma-Boot-Failures
                        </td>
                    </tr>
                    <tr>
                        <td class="post-score">
                            98
                        </td>
                        <td class="post-title">
                            Telnet BBS Guide
                        </td>
                        <td class="post-type">
                            story
                        </td>
                        <td class="post-time">
                            2023 Nov 03 23:29 (8 days 8 hours 49 seconds ago)
                        </td>
                        <td class="post-url">
                            https://www.telnetbbsguide.com/
                        </td>
                    </tr>
                    <tr>
                        <td class="post-score">
                            69
                        </td>
                        <td class="post-title">
                            Discord will switch to temporary file links to block malware delivery
                        </td>
                        <td class="post-type">
                            story
                        </td>
                        <td class="post-time">
                            2023 Nov 04 19:11 (7 days 12 hours 18 minutes 56 seconds ago)
                        </td>
                        <td class="post-url">
                            https://www.bleepingcomputer.com/news/security/discord-will-switch-to-temporary-file-links-to-block-malware-delivery/
                        </td>
                    </tr>
                    <tr>
                        <td class="post-score">
                            201
                        </td>
                        <td class="post-title">
                            Podman Desktop v1.5 with Compose onboarding and enhanced Kubernetes pod data
                        </td>
                        <td class="post-type">
                            story
                        </td>
                        <td class="post-time">
                            2023 Nov 03 19:39 (8 days 11 hours 50 minutes 57 seconds ago)
                        </td>
                        <td class="post-url">
                            https://podman-desktop.io/blog/podman-desktop-release-1.5
                        </td>
                    </tr>
                    <tr>
                        <td class="post-score">
                            199
                        </td>
                        <td class="post-title">
                            Okta hit by third-party breach, stealing employee data
                        </td>
                        <td class="post-type">
                            story
                        </td>
                        <td class="post-time">
                            2023 Nov 03 16:15 (8 days 15 hours 14 minutes 47 seconds ago)
                        </td>
                        <td class="post-url">
                            https://arstechnica.com/security/2023/11/okta-hit-by-another-breach-this-one-stealing-employee-data-from-3rd-party-vendor/
                        </td>
                    </tr>
                    <tr>
                        <td class="post-score">
                            124
                        </td>
                        <td class="post-title">
                            If you plant milkweed, they will come
                        </td>
                        <td class="post-type">
                            story
                        </td>
                        <td class="post-time">
                            2023 Nov 03 00:21 (9 days 7 hours 8 minutes 52 seconds ago)
                        </td>
                        <td class="post-url">
                            https://www.nytimes.com/2023/10/25/realestate/gardening-milkweed-plants-butterflies.html
                        </td>
                    </tr>
                    <tr>
                        <td class="post-score">
                            31
                        </td>
                        <td class="post-title">
                            Things I like about Zig as a Go Programmer
                        </td>
                        <td class="post-type">
                            story
                        </td>
                        <td class="post-time">
                            2023 Nov 04 16:38 (7 days 14 hours 51 minutes 26 seconds ago)
                        </td>
                        <td class="post-url">
                            https://medium.com/@vladimirvivien/things-i-like-about-zig-as-a-go-programmer-75eb02aab00f
                        </td>
                    </tr>
                    <tr>
                        <td class="post-score">
                            9
                        </td>
                        <td class="post-title">
                            Upgrading my Chumby 8 kernel part 7: touchscreen
                        </td>
                        <td class="post-type">
                            story
                        </td>
                        <td class="post-time">
                            2023 Nov 03 23:57 (8 days 7 hours 32 minutes 5 seconds ago)
                        </td>
                        <td class="post-url">
                            https://www.downtowndougbrown.com/2023/11/upgrading-my-chumby-8-kernel-part-7-touchscreen/
                        </td>
                    </tr>
                    <tr>
                        <td class="post-score">
                            114
                        </td>
                        <td class="post-title">
                            Embracing community helps us live longer, and be happier (2017)
                        </td>
                        <td class="post-type">
                            story
                        </td>
                        <td class="post-time">
                            2023 Nov 03 19:58 (8 days 11 hours 31 minutes 30 seconds ago)
                        </td>
                        <td class="post-url">
                            https://news.harvard.edu/gazette/story/2017/04/over-nearly-80-years-harvard-study-has-been-showing-how-to-live-a-healthy-and-happy-life/
                        </td>
                    </tr>
                    <tr>
                        <td class="post-score">
                            221
                        </td>
                        <td class="post-title">
                            Joint statement of scientists and NGOs on the EUΓÇÖs proposed eIDAS reform
                        </td>
                        <td class="post-type">
                            story
                        </td>
                        <td class="post-time">
                            2023 Nov 03 11:08 (8 days 20 hours 21 minutes 18 seconds ago)
                        </td>
                        <td class="post-url">
                            https://eidas-open-letter.org/
                        </td>
                    </tr>
                    <tr>
                        <td class="post-score">
                            3
                        </td>
                        <td class="post-title">
                            A guide to home row mods with QMK
                        </td>
                        <td class="post-type">
                            story
                        </td>
                        <td class="post-time">
                            2023 Nov 04 11:21 (7 days 20 hours 8 minutes 20 seconds ago)
                        </td>
                        <td class="post-url">
                            https://precondition.github.io/home-row-mods
                        </td>
                    </tr>
                    <tr>
                        <td class="post-score">
                            14
                        </td>
                        <td class="post-title">
                            Geospatial Technology Radar 2023
                        </td>
                        <td class="post-type">
                            story
                        </td>
                        <td class="post-time">
                            2023 Nov 03 20:03 (8 days 11 hours 26 minutes 27 seconds ago)
                        </td>
                        <td class="post-url">
                            https://element84.com/geospatial-tech-radar-23
                        </td>
                    </tr>
                    <tr>
                        <td class="post-score">
                            49
                        </td>
                        <td class="post-title">
                            HBO CEO Confesses to Trolling Critics with Fake Tweets: Rolling Stone
                        </td>
                        <td class="post-type">
                            story
                        </td>
                        <td class="post-time">
                            2023 Nov 04 06:19 (8 days 1 hour 10 minutes 1 second ago)
                        </td>
                        <td class="post-url">
                            https://www.rollingstone.com/tv-movies/tv-movie-news/hbo-ceo-casey-bloys-confesses-trolling-critics-fake-twitter-accounts-dumb-idea-1234868710/
                        </td>
                    </tr>
                    <tr>
                        <td class="post-score">
                            124
                        </td>
                        <td class="post-title">
                            Ken Mattingly, astronaut scrubbed from Apollo 13, has died
                        </td>
                        <td class="post-type">
                            story
                        </td>
                        <td class="post-time">
                            2023 Nov 03 05:48 (9 days 1 hour 41 minutes 22 seconds ago)
                        </td>
                        <td class="post-url">
                            https://www.nytimes.com/2023/11/02/science/space/ken-mattingly-dead.html
                        </td>
                    </tr>
                    <tr>
                        <td class="post-score">
                            146
                        </td>
                        <td class="post-title">
                            How big data carried graph theory into new dimensions
                        </td>
                        <td class="post-type">
                            story
                        </td>
                        <td class="post-time">
                            2023 Nov 02 21:33 (9 days 9 hours 56 minutes 11 seconds ago)
                        </td>
                        <td class="post-url">
                            https://www.quantamagazine.org/how-big-data-carried-graph-theory-into-new-dimensions-20210819/
                        </td>
                    </tr>
                    <tr>
                        <td class="post-score">
                            235
                        </td>
                        <td class="post-title">
                            Lemming Suicide Myth: Disney Film Faked Bogus Behavior
                        </td>
                        <td class="post-type">
                            story
                        </td>
                        <td class="post-time">
                            2023 Nov 01 22:47 (10 days 8 hours 42 minutes 2 seconds ago)
                        </td>
                        <td class="post-url">
                            https://www.adfg.alaska.gov/index.cfm?adfg=wildlifenews.view_article&articles_id=56
                        </td>
                    </tr>
                    <tr>
                        <td class="post-score">
                            22
                        </td>
                        <td class="post-title">
                            The Future of RSS Is Textcasting
                        </td>
                        <td class="post-type">
                            story
                        </td>
                        <td class="post-time">
                            2023 Nov 03 19:11 (8 days 12 hours 18 minutes 40 seconds ago)
                        </td>
                        <td class="post-url">
                            https://kottke.org/23/11/the-future-of-rss-is-textcasting-1
                        </td>
                    </tr>
                    <tr>
                        <td class="post-score">
                            113
                        </td>
                        <td class="post-title">
                            Auto industry executives admit electric vehicle plans are in jeopardy
                        </td>
                        <td class="post-type">
                            story
                        </td>
                        <td class="post-time">
                            2023 Nov 02 22:26 (9 days 9 hours 3 minutes 11 seconds ago)
                        </td>
                        <td class="post-url">
                            https://www.businessinsider.com/auto-executives-coming-clean-evs-arent-working-2023-10
                        </td>
                    </tr>
                    <tr>
                        <td class="post-score">
                            591
                        </td>
                        <td class="post-title">
                            Confusing Git Terminology
                        </td>
                        <td class="post-type">
                            story
                        </td>
                        <td class="post-time">
                            2023 Nov 02 13:05 (9 days 18 hours 24 minutes 27 seconds ago)
                        </td>
                        <td class="post-url">
                            https://jvns.ca/blog/2023/11/01/confusing-git-terminology/
                        </td>
                    </tr>
                    <tr>
                        <td class="post-score">
                            645
                        </td>
                        <td class="post-title">
                            Copying Angry Birds with nothing but AI
                        </td>
                        <td class="post-type">
                            story
                        </td>
                        <td class="post-time">
                            2023 Oct 31 18:27 (11 days 13 hours 2 minutes 45 seconds ago)
                        </td>
                        <td class="post-url">
                            https://twitter.com/javilopen/status/1719363262179938401
                        </td>
                    </tr>
                    <tr>
                        <td class="post-score">
                            146
                        </td>
                        <td class="post-title">
                            Hyphens, minus, and dashes in Debian man pages
                        </td>
                        <td class="post-type">
                            story
                        </td>
                        <td class="post-time">
                            2023 Nov 02 23:13 (9 days 8 hours 16 minutes 8 seconds ago)
                        </td>
                        <td class="post-url">
                            https://lwn.net/Articles/947941/
                        </td>
                    </tr>
                    <tr>
                        <td class="post-score">
                            91
                        </td>
                        <td class="post-title">
                            The Anthropogenic Salt Cycle
                        </td>
                        <td class="post-type">
                            story
                        </td>
                        <td class="post-time">
                            2023 Nov 03 12:21 (8 days 19 hours 8 minutes 40 seconds ago)
                        </td>
                        <td class="post-url">
                            https://www.nature.com/articles/s43017-023-00485-y
                        </td>
                    </tr>
                    <tr>
                        <td class="post-score">
                            117
                        </td>
                        <td class="post-title">
                            When to Shut Up: A Visual Guide (With Included Algorithm)
                        </td>
                        <td class="post-type">
                            story
                        </td>
                        <td class="post-time">
                            2023 Nov 04 12:24 (7 days 19 hours 5 minutes 42 seconds ago)
                        </td>
                        <td class="post-url">
                            https://shaungallagher.pressbin.com/blog/shut-up.html
                        </td>
                    </tr>
                    <tr>
                        <td class="post-score">
                            297
                        </td>
                        <td class="post-title">
                            macOS Sonoma Broke Grep
                        </td>
                        <td class="post-type">
                            story
                        </td>
                        <td class="post-time">
                            2023 Nov 01 20:24 (10 days 11 hours 5 minutes 38 seconds ago)
                        </td>
                        <td class="post-url">
                            https://developer.apple.com/forums/thread/738862
                        </td>
                    </tr>
                    <tr>
                        <td class="post-score">
                            335
                        </td>
                        <td class="post-title">
                            How Bear does analytics with CSS
                        </td>
                        <td class="post-type">
                            story
                        </td>
                        <td class="post-time">
                            2023 Nov 01 08:08 (10 days 23 hours 21 minutes 51 seconds ago)
                        </td>
                        <td class="post-url">
                            https://herman.bearblog.dev/how-bear-does-analytics-with-css/
                        </td>
                    </tr>
                    <tr>
                        <td class="post-score">
                            87
                        </td>
                        <td class="post-title">
                            Everything We Know About 1970s Mainframe RPGs We Can No Longer Play
                        </td>
                        <td class="post-type">
                            story
                        </td>
                        <td class="post-time">
                            2023 Nov 02 22:31 (9 days 8 hours 58 minutes 44 seconds ago)
                        </td>
                        <td class="post-url">
                            http://crpgaddict.blogspot.com/2021/06/brief-everything-we-know-about-1970s.html
                        </td>
                    </tr>
                    <tr>
                        <td class="post-score">
                            200
                        </td>
                        <td class="post-title">
                            The business of extracting knowledge from academic publications
                        </td>
                        <td class="post-type">
                            story
                        </td>
                        <td class="post-time">
                            2023 Nov 01 21:52 (10 days 9 hours 37 minutes 1 second ago)
                        </td>
                        <td class="post-url">
                            https://www.theseedsofscience.pub/p/the-business-of-extracting-knowledge
                        </td>
                    </tr>
                    <tr>
                        <td class="post-score">
                            244
                        </td>
                        <td class="post-title">
                            Window-swap ΓÇô open a new window somewhere in the world
                        </td>
                        <td class="post-type">
                            story
                        </td>
                        <td class="post-time">
                            2023 Nov 02 01:16 (10 days 6 hours 13 minutes 38 seconds ago)
                        </td>
                        <td class="post-url">
                            https://www.window-swap.com/
                        </td>
                    </tr>
                    <tr>
                        <td class="post-score">
                            80
                        </td>
                        <td class="post-title">
                            AMD Unveils Ryzen Mobile 7040U Series with Zen 4c Efficiency Cores
                        </td>
                        <td class="post-type">
                            story
                        </td>
                        <td class="post-time">
                            2023 Nov 03 10:52 (8 days 20 hours 37 minutes 9 seconds ago)
                        </td>
                        <td class="post-url">
                            https://www.anandtech.com/show/21111/amd-unveils-ryzen-7040u-series-with-zen-4c-smaller-cores-bigger-efficiency
                        </td>
                    </tr>
                    <tr>
                        <td class="post-score">
                            231
                        </td>
                        <td class="post-title">
                            YouTube's plan backfires, people are installing better ad blockers
                        </td>
                        <td class="post-type">
                            story
                        </td>
                        <td class="post-time">
                            2023 Nov 04 03:34 (8 days 3 hours 55 minutes 6 seconds ago)
                        </td>
                        <td class="post-url">
                            https://www.androidauthority.com/youtube-ad-block-installs-3382289/
                        </td>
                    </tr>
                    <tr>
                        <td class="post-score">
                            56
                        </td>
                        <td class="post-title">
                            A carbohydrate revolution is speeding up pro cycling
                        </td>
                        <td class="post-type">
                            story
                        </td>
                        <td class="post-time">
                            2023 Nov 04 15:56 (7 days 15 hours 33 minutes 52 seconds ago)
                        </td>
                        <td class="post-url">
                            https://velo.outsideonline.com/road/road-training/a-massive-change-how-a-carbohydrate-revolution-is-speeding-up-pro-cycling/
                        </td>
                    </tr>
                    <tr>
                        <td class="post-score">
                            30
                        </td>
                        <td class="post-title">
                            Intel's CEO Admits to and Details the Company's Three Biggest Mistakes
                        </td>
                        <td class="post-type">
                            story
                        </td>
                        <td class="post-time">
                            2023 Nov 04 07:28 (8 days 1 minute 17 seconds ago)
                        </td>
                        <td class="post-url">
                            https://www.tomshardware.com/pc-components/gpus/intels-ceo-admits-to-and-details-companies-three-biggest-mistakes
                        </td>
                    </tr>
                    <tr>
                        <td class="post-score">
                            89
                        </td>
                        <td class="post-title">
                            GM's Cruise alleged to rely on human operators to achieve "autonomous" driving
                        </td>
                        <td class="post-type">
                            story
                        </td>
                        <td class="post-time">
                            2023 Nov 04 20:59 (7 days 10 hours 31 minutes ago)
                        </td>
                        <td class="post-url">
                            https://www.nytimes.com/2023/11/03/technology/cruise-general-motors-self-driving-cars.html
                        </td>
                    </tr>
                    <tr>
                        <td class="post-score">
                            674
                        </td>
                        <td class="post-title">
                            I trapped scammers in an impossible maze [video]
                        </td>
                        <td class="post-type">
                            story
                        </td>
                        <td class="post-time">
                            2023 Nov 03 15:38 (8 days 15 hours 51 minutes 9 seconds ago)
                        </td>
                        <td class="post-url">
                            https://www.youtube.com/watch?v=dWzz3NeDz3E
                        </td>
                    </tr>
                    <tr>
                        <td class="post-score">
                            64
                        </td>
                        <td class="post-title">
                            999 Request Denied
                        </td>
                        <td class="post-type">
                            story
                        </td>
                        <td class="post-time">
                            2023 Nov 03 11:25 (8 days 20 hours 4 minutes 37 seconds ago)
                        </td>
                        <td class="post-url">
                            https://http.dev/999
                        </td>
                    </tr>
                    <tr>
                        <td class="post-score">
                            537
                        </td>
                        <td class="post-title">
                            Last Chance to fix eIDAS: Secret EU law threatens Internet security
                        </td>
                        <td class="post-type">
                            story
                        </td>
                        <td class="post-time">
                            2023 Nov 02 05:57 (10 days 1 hour 32 minutes 18 seconds ago)
                        </td>
                        <td class="post-url">
                            https://last-chance-for-eidas.org/
                        </td>
                    </tr>
                    <tr>
                        <td class="post-score">
                            148
                        </td>
                        <td class="post-title">
                            Microsoft is retiring Visual Studio for Mac in 2024
                        </td>
                        <td class="post-type">
                            story
                        </td>
                        <td class="post-time">
                            2023 Nov 03 20:14 (8 days 11 hours 15 minutes 55 seconds ago)
                        </td>
                        <td class="post-url">
                            https://visualstudio.microsoft.com/vs/mac/
                        </td>
                    </tr>
                    <tr>
                        <td class="post-score">
                            83
                        </td>
                        <td class="post-title">
                            Translations of Russ Cox's Thompson NFA C Program to Rust
                        </td>
                        <td class="post-type">
                            story
                        </td>
                        <td class="post-time">
                            2023 Nov 03 03:27 (9 days 4 hours 2 minutes 9 seconds ago)
                        </td>
                        <td class="post-url">
                            https://github.com/BurntSushi/rsc-regexp
                        </td>
                    </tr>
                    <tr>
                        <td class="post-score">
                            74
                        </td>
                        <td class="post-title">
                            How to pronounce the trickiest English words
                        </td>
                        <td class="post-type">
                            story
                        </td>
                        <td class="post-time">
                            2023 Nov 02 15:56 (9 days 15 hours 33 minutes 32 seconds ago)
                        </td>
                        <td class="post-url">
                            https://www.wsj.com/business/media/how-to-pronounce-english-words-julien-miquel-58581065
                        </td>
                    </tr>
                    <tr>
                        <td class="post-score">
                            262
                        </td>
                        <td class="post-title">
                            Why ACPI?
                        </td>
                        <td class="post-type">
                            story
                        </td>
                        <td class="post-time">
                            2023 Nov 01 06:46 (11 days 43 minutes 51 seconds ago)
                        </td>
                        <td class="post-url">
                            https://mjg59.dreamwidth.org/68350.html
                        </td>
                    </tr>
                    <tr>
                        <td class="post-score">
                            49
                        </td>
                        <td class="post-title">
                            Show HN: GitInsights ΓÇô a weekly summary email of your team's GitHub activity
                        </td>
                        <td class="post-type">
                            story
                        </td>
                        <td class="post-time">
                            2023 Nov 03 20:15 (8 days 11 hours 14 minutes 57 seconds ago)
                        </td>
                        <td class="post-url">
                            https://gitinsights.io/
                        </td>
                    </tr>
                    <tr>
                        <td class="post-score">
                            96
                        </td>
                        <td class="post-title">
                            Jevons paradox
                        </td>
                        <td class="post-type">
                            story
                        </td>
                        <td class="post-time">
                            2023 Nov 03 15:16 (8 days 16 hours 13 minutes 59 seconds ago)
                        </td>
                        <td class="post-url">
                            https://en.wikipedia.org/wiki/Jevons_paradox
                        </td>
                    </tr>
                    <tr>
                        <td class="post-score">
                            142
                        </td>
                        <td class="post-title">
                            WasmGC ΓÇô Run GC languages such as Kotlin, Java in Chrome browser
                        </td>
                        <td class="post-type">
                            story
                        </td>
                        <td class="post-time">
                            2023 Nov 02 04:32 (10 days 2 hours 57 minutes 11 seconds ago)
                        </td>
                        <td class="post-url">
                            https://developer.chrome.com/blog/wasmgc/
                        </td>
                    </tr>
                    <tr>
                        <td class="post-score">
                            34
                        </td>
                        <td class="post-title">
                            China's TikTok users are being told that Aristotle did not exist
                        </td>
                        <td class="post-type">
                            story
                        </td>
                        <td class="post-time">
                            2023 Nov 04 19:20 (7 days 12 hours 9 minutes 59 seconds ago)
                        </td>
                        <td class="post-url">
                            https://www.scmp.com/news/china/science/article/3240339/aristotle-becomes-latest-casualty-chinas-narrative-war-west-scholar-questions-philosophers-existence
                        </td>
                    </tr>
                    <tr>
                        <td class="post-score">
                            227
                        </td>
                        <td class="post-title">
                            Audacity 3.4
                        </td>
                        <td class="post-type">
                            story
                        </td>
                        <td class="post-time">
                            2023 Nov 03 00:14 (9 days 7 hours 15 minutes 1 second ago)
                        </td>
                        <td class="post-url">
                            https://www.audacityteam.org/blog/audacity-3-4/
                        </td>
                    </tr>
                    <tr>
                        <td class="post-score">
                            318
                        </td>
                        <td class="post-title">
                            Why doctors in America earn so much
                        </td>
                        <td class="post-type">
                            story
                        </td>
                        <td class="post-time">
                            2023 Nov 01 14:38 (10 days 16 hours 51 minutes 27 seconds ago)
                        </td>
                        <td class="post-url">
                            https://www.economist.com/united-states/2023/10/31/why-doctors-in-america-earn-so-much
                        </td>
                    </tr>
                    <tr>
                        <td class="post-score">
                            274
                        </td>
                        <td class="post-title">
                            Distil-Whisper: distilled version of Whisper that is 6 times faster, 49% smaller
                        </td>
                        <td class="post-type">
                            story
                        </td>
                        <td class="post-time">
                            2023 Nov 01 00:55 (11 days 6 hours 34 minutes 19 seconds ago)
                        </td>
                        <td class="post-url">
                            https://github.com/huggingface/distil-whisper
                        </td>
                    </tr>
                    <tr>
                        <td class="post-score">
                            11
                        </td>
                        <td class="post-title">
                            Pessimists Archive
                        </td>
                        <td class="post-type">
                            story
                        </td>
                        <td class="post-time">
                            2023 Nov 04 23:05 (7 days 8 hours 24 minutes 33 seconds ago)
                        </td>
                        <td class="post-url">
                            https://pessimistsarchive.org/
                        </td>
                    </tr>
                    <tr>
                        <td class="post-score">
                            202
                        </td>
                        <td class="post-title">
                            GPT-4 Update: 32K Context Window Now for All Users
                        </td>
                        <td class="post-type">
                            story
                        </td>
                        <td class="post-time">
                            2023 Nov 03 15:30 (8 days 15 hours 59 minutes 30 seconds ago)
                        </td>
                        <td class="post-url">
                            https://github.com/spdustin/ChatGPT-AutoExpert/blob/main/_system-prompts/all_tools.md
                        </td>
                    </tr>
                    <tr>
                        <td class="post-score">
                            108
                        </td>
                        <td class="post-title">
                            ML Experiments Management with Git
                        </td>
                        <td class="post-type">
                            story
                        </td>
                        <td class="post-time">
                            2023 Nov 02 21:33 (9 days 9 hours 56 minutes 37 seconds ago)
                        </td>
                        <td class="post-url">
                            https://github.com/iterative/dvc
                        </td>
                    </tr>
                    <tr>
                        <td class="post-score">
                            35
                        </td>
                        <td class="post-title">
                            You don't need a terminal emulator ┬╖ Andrey Listopadov
                        </td>
                        <td class="post-type">
                            story
                        </td>
                        <td class="post-time">
                            2023 Nov 03 22:55 (8 days 8 hours 34 minutes 3 seconds ago)
                        </td>
                        <td class="post-url">
                            https://andreyor.st/posts/2023-10-27-you-dont-need-a-terminal-emulator/
                        </td>
                    </tr>
                    <tr>
                        <td class="post-score">
                            250
                        </td>
                        <td class="post-title">
                            Bayer hit with $332M judgement in Roundup cancer trial
                        </td>
                        <td class="post-type">
                            story
                        </td>
                        <td class="post-time">
                            2023 Nov 03 23:16 (8 days 8 hours 13 minutes 7 seconds ago)
                        </td>
                        <td class="post-url">
                            https://fortune.com/2023/11/03/bayer-332-million-judgement-trial-man-cancer-decades-monsanto-roundup-weedkiller/
                        </td>
                    </tr>
                    <tr>
                        <td class="post-score">
                            58
                        </td>
                        <td class="post-title">
                            Openela releases Red Hat source code on GitHub
                        </td>
                        <td class="post-type">
                            story
                        </td>
                        <td class="post-time">
                            2023 Nov 04 18:16 (7 days 13 hours 13 minutes 21 seconds ago)
                        </td>
                        <td class="post-url">
                            https://github.com/orgs/openela-main/repositories
                        </td>
                    </tr>
                    <tr>
                        <td class="post-score">
                            12
                        </td>
                        <td class="post-title">
                            Deno 1.38: HTML doc generator and HMR
                        </td>
                        <td class="post-type">
                            story
                        </td>
                        <td class="post-time">
                            2023 Nov 03 10:05 (8 days 21 hours 24 minutes 13 seconds ago)
                        </td>
                        <td class="post-url">
                            https://deno.com/blog/v1.38
                        </td>
                    </tr>
                    <tr>
                        <td class="post-score">
                            8
                        </td>
                        <td class="post-title">
                            Ask HN: Infra people in small companies, what does your infra look like?
                        </td>
                        <td class="post-type">
                            story
                        </td>
                        <td class="post-time">
                            2023 Nov 04 13:27 (7 days 18 hours 2 minutes 37 seconds ago)
                        </td>
                        <td class="post-url">
                            
                        </td>
                    </tr>
                    <tr>
                        <td class="post-score">
                            137
                        </td>
                        <td class="post-title">
                            Nuclear Conversion for Starship
                        </td>
                        <td class="post-type">
                            story
                        </td>
                        <td class="post-time">
                            2023 Nov 03 16:52 (8 days 14 hours 37 minutes 32 seconds ago)
                        </td>
                        <td class="post-url">
                            http://toughsf.blogspot.com/2021/10/nuclear-conversion-for-starship.html
                        </td>
                    </tr>
                    <tr>
                        <td class="post-score">
                            206
                        </td>
                        <td class="post-title">
                            Now you're thinking with relays
                        </td>
                        <td class="post-type">
                            story
                        </td>
                        <td class="post-time">
                            2023 Nov 01 19:30 (10 days 11 hours 59 minutes 24 seconds ago)
                        </td>
                        <td class="post-url">
                            https://lcamtuf.substack.com/p/now-youre-thinking-with-relays
                        </td>
                    </tr>
                    <tr>
                        <td class="post-score">
                            158
                        </td>
                        <td class="post-title">
                            Bank financing and bad urban planning make the retail apocalypse worse
                        </td>
                        <td class="post-type">
                            story
                        </td>
                        <td class="post-time">
                            2023 Nov 01 16:21 (10 days 15 hours 8 minutes 8 seconds ago)
                        </td>
                        <td class="post-url">
                            https://www.businessinsider.com/bank-financing-urban-planning-pandemic-retail-apocalypse-vacant-storefront-2023-10
                        </td>
                    </tr>
                    <tr>
                        <td class="post-score">
                            31
                        </td>
                        <td class="post-title">
                            How much it costs Apple to increase RAM size in Macs?
                        </td>
                        <td class="post-type">
                            story
                        </td>
                        <td class="post-time">
                            2023 Nov 04 02:15 (8 days 5 hours 14 minutes 53 seconds ago)
                        </td>
                        <td class="post-url">
                            https://old.reddit.com/r/macbookpro/comments/17lwl0b/how_much_does_ram_cost_anyways/
                        </td>
                    </tr>
                    <tr>
                        <td class="post-score">
                            30
                        </td>
                        <td class="post-title">
                            Cup Noodles are now microwave-safe
                        </td>
                        <td class="post-type">
                            story
                        </td>
                        <td class="post-time">
                            2023 Nov 04 18:04 (7 days 13 hours 25 minutes 46 seconds ago)
                        </td>
                        <td class="post-url">
                            https://www.washingtonpost.com/food/2023/11/03/cup-noodles-are-now-microwave-safe-so-they-werent-already/
                        </td>
                    </tr>
                    <tr>
                        <td class="post-score">
                            30
                        </td>
                        <td class="post-title">
                            What's the difference between LangChain, llama indexand others like autollm?
                        </td>
                        <td class="post-type">
                            story
                        </td>
                        <td class="post-time">
                            2023 Nov 03 10:41 (8 days 20 hours 48 minutes 34 seconds ago)
                        </td>
                        <td class="post-url">
                            
                        </td>
                    </tr>
                    <tr>
                        <td class="post-score">
                            235
                        </td>
                        <td class="post-title">
                            Sally Ignore Previous Instructions
                        </td>
                        <td class="post-type">
                            story
                        </td>
                        <td class="post-time">
                            2023 Nov 02 21:02 (9 days 10 hours 27 minutes 26 seconds ago)
                        </td>
                        <td class="post-url">
                            https://www.haihai.ai/pen15/
                        </td>
                    </tr>
                    <tr>
                        <td class="post-score">
                            81
                        </td>
                        <td class="post-title">
                            Enterprise-Fu
                        </td>
                        <td class="post-type">
                            story
                        </td>
                        <td class="post-time">
                            2023 Nov 02 23:31 (9 days 7 hours 58 minutes 7 seconds ago)
                        </td>
                        <td class="post-url">
                            http://mike.daless.io/prez/enterprise-asbury-2013-10/slides.html
                        </td>
                    </tr>
                    <tr>
                        <td class="post-score">
                            251
                        </td>
                        <td class="post-title">
                            Rwanda joins Kenya to initiate visa-free travel for all Africans
                        </td>
                        <td class="post-type">
                            story
                        </td>
                        <td class="post-time">
                            2023 Nov 03 12:15 (8 days 19 hours 14 minutes 57 seconds ago)
                        </td>
                        <td class="post-url">
                            https://africa.businessinsider.com/local/leaders/from-barriers-to-unity-rwanda-joins-kenya-to-initiate-visa-free-travel-for-all/hhqe29q
                        </td>
                    </tr>
                    <tr>
                        <td class="post-score">
                            792
                        </td>
                        <td class="post-title">
                            Yann LeCun: AI one-percenters seizing power forever is real doomsday scenario
                        </td>
                        <td class="post-type">
                            story
                        </td>
                        <td class="post-time">
                            2023 Nov 02 04:05 (10 days 3 hours 24 minutes 39 seconds ago)
                        </td>
                        <td class="post-url">
                            https://www.businessinsider.com/sam-altman-and-demis-hassabis-just-want-to-control-ai-2023-10
                        </td>
                    </tr>
                    <tr>
                        <td class="post-score">
                            161
                        </td>
                        <td class="post-title">
                            Show HN: DoltgreSQL ΓÇô Version-Controlled DB, Like Git and PostgreSQL had a baby
                        </td>
                        <td class="post-type">
                            story
                        </td>
                        <td class="post-time">
                            2023 Nov 02 01:59 (10 days 5 hours 30 minutes 26 seconds ago)
                        </td>
                        <td class="post-url">
                            https://github.com/dolthub/doltgresql
                        </td>
                    </tr>
                    <tr>
                        <td class="post-score">
                            74
                        </td>
                        <td class="post-title">
                            Clash, a tool to break China's Great Fire Wall, is Deleted in GitHub
                        </td>
                        <td class="post-type">
                            story
                        </td>
                        <td class="post-time">
                            2023 Nov 03 09:01 (8 days 22 hours 28 minutes 42 seconds ago)
                        </td>
                        <td class="post-url">
                            https://github.com/Dreamacro/clash
                        </td>
                    </tr>
                    <tr>
                        <td class="post-score">
                            40
                        </td>
                        <td class="post-title">
                            Vivo Unveils BlueOS, Based on Rust Language
                        </td>
                        <td class="post-type">
                            story
                        </td>
                        <td class="post-time">
                            2023 Nov 02 03:14 (10 days 4 hours 15 minutes 32 seconds ago)
                        </td>
                        <td class="post-url">
                            https://sparrowsnews.com/2023/11/01/vivo-unveils-blueos-operating-system/
                        </td>
                    </tr>
                    <tr>
                        <td class="post-score">
                            66
                        </td>
                        <td class="post-title">
                            Formalizing 100 Theorems
                        </td>
                        <td class="post-type">
                            story
                        </td>
                        <td class="post-time">
                            2023 Nov 02 05:27 (10 days 2 hours 2 minutes 13 seconds ago)
                        </td>
                        <td class="post-url">
                            https://www.cs.ru.nl/~freek/100/
                        </td>
                    </tr>
                    <tr>
                        <td class="post-score">
                            184
                        </td>
                        <td class="post-title">
                            The Binder Linux driver is being rewritten in Rust
                        </td>
                        <td class="post-type">
                            story
                        </td>
                        <td class="post-time">
                            2023 Nov 03 06:53 (9 days 36 minutes 34 seconds ago)
                        </td>
                        <td class="post-url">
                            https://lore.kernel.org/rust-for-linux/20231101-rust-binder-v1-0-08ba9197f637@google.com/
                        </td>
                    </tr>
                </tbody>
            </table>
        </div>
    
    
    Γû╝ Query.findAll [ tag "tr", containing [ tag "td" ]  ]
    
        1)    <tr>
                  <td class="post-score">
                      512
                  </td>
                  <td class="post-title">
                      NewPipe ΓÇô Lightweight YouTube experience for Android
                  </td>
                  <td class="post-type">
                      story
                  </td>
                  <td class="post-time">
                      2023 Nov 04 19:38 (7 days 11 hours 51 minutes 9 seconds ago)
                  </td>
                  <td class="post-url">
                      https://newpipe.net/
                  </td>
              </tr>
    
        2)    <tr>
                  <td class="post-score">
                      75
                  </td>
                  <td class="post-title">
                      LLM companies to access largest Chinese non-fiction book collection
                  </td>
                  <td class="post-type">
                      story
                  </td>
                  <td class="post-time">
                      2023 Nov 05 07:30 (7 days ago)
                  </td>
                  <td class="post-url">
                      https://annas-blog.org/duxiu-exclusive.html
                  </td>
              </tr>
    
        3)    <tr>
                  <td class="post-score">
                      182
                  </td>
                  <td class="post-title">
                      Intel Itanium IA-64 Support Removed with the Linux 6.7 Kernel
                  </td>
                  <td class="post-type">
                      story
                  </td>
                  <td class="post-time">
                      2023 Nov 02 15:31 (9 days 15 hours 58 minutes 6 seconds ago)
                  </td>
                  <td class="post-url">
                      https://www.phoronix.com/news/Intel-IA-64-Removed-Linux-6.7
                  </td>
              </tr>
    
        4)    <tr>
                  <td class="post-score">
                      37
                  </td>
                  <td class="post-title">
                      Representations / strategies for noncooperative games with imperfect information [pdf]
                  </td>
                  <td class="post-type">
                      story
                  </td>
                  <td class="post-time">
                      2023 Nov 04 20:24 (7 days 11 hours 5 minutes 5 seconds ago)
                  </td>
                  <td class="post-url">
                      https://www2.cs.sfu.ca/~bbart/personal/masters-thesis.pdf
                  </td>
              </tr>
    
        5)    <tr>
                  <td class="post-score">
                      57
                  </td>
                  <td class="post-title">
                      The First App Store
                  </td>
                  <td class="post-type">
                      story
                  </td>
                  <td class="post-time">
                      2023 Nov 05 00:52 (7 days 6 hours 37 minutes 24 seconds ago)
                  </td>
                  <td class="post-url">
                      https://one-from-nippon.ghost.io/worlds-first-app-store/
                  </td>
              </tr>
    
        6)    <tr>
                  <td class="post-score">
                      83
                  </td>
                  <td class="post-title">
                      Show HN: Gogosseract, a Go Lib for CGo-Free Tesseract OCR via Wazero
                  </td>
                  <td class="post-type">
                      story
                  </td>
                  <td class="post-time">
                      2023 Nov 04 23:06 (7 days 8 hours 23 minutes 26 seconds ago)
                  </td>
                  <td class="post-url">
                      https://github.com/Danlock/gogosseract
                  </td>
              </tr>
    
        7)    <tr>
                  <td class="post-score">
                      51
                  </td>
                  <td class="post-title">
                      Planes, Spheres and Pseudospheres
                  </td>
                  <td class="post-type">
                      story
                  </td>
                  <td class="post-time">
                      2023 Nov 04 23:35 (7 days 7 hours 54 minutes 3 seconds ago)
                  </td>
                  <td class="post-url">
                      https://www.gregegan.net/SCIENCE/PSP/PSP.html
                  </td>
              </tr>
    
        8)    <tr>
                  <td class="post-score">
                      557
                  </td>
                  <td class="post-title">
                      Othello Is Solved?
                  </td>
                  <td class="post-type">
                      story
                  </td>
                  <td class="post-time">
                      2023 Nov 04 14:35 (7 days 16 hours 54 minutes 4 seconds ago)
                  </td>
                  <td class="post-url">
                      https://arxiv.org/abs/2310.19387
                  </td>
              </tr>
    
        9)    <tr>
                  <td class="post-score">
                      1
                  </td>
                  <td class="post-title">
                      SigNoz (YC W21), open source observability platform, hiring SREs (Remote)
                  </td>
                  <td class="post-type">
                      job
                  </td>
                  <td class="post-time">
                      2023 Nov 05 07:01 (7 days 28 minutes 51 seconds ago)
                  </td>
                  <td class="post-url">
                      https://signoz.io/careers/site-reliability-engineer/
                  </td>
              </tr>
    
        10)   <tr>
                  <td class="post-score">
                      26
                  </td>
                  <td class="post-title">
                      Shadows Edge Software
                  </td>
                  <td class="post-type">
                      story
                  </td>
                  <td class="post-time">
                      2023 Nov 05 02:23 (7 days 5 hours 6 minutes 20 seconds ago)
                  </td>
                  <td class="post-url">
                      https://www.shadowsedge.mil/What-We-Do/
                  </td>
              </tr>
    
        11)   <tr>
                  <td class="post-score">
                      58
                  </td>
                  <td class="post-title">
                      Quadratic Reciprocity: The connection that changed number theory
                  </td>
                  <td class="post-type">
                      story
                  </td>
                  <td class="post-time">
                      2023 Nov 02 15:43 (9 days 15 hours 46 minutes 23 seconds ago)
                  </td>
                  <td class="post-url">
                      https://www.quantamagazine.org/the-hidden-connection-that-changed-number-theory-20231101/
                  </td>
              </tr>
    
        12)   <tr>
                  <td class="post-score">
                      65
                  </td>
                  <td class="post-title">
                      How to Do a TypeScript Conversion: an opinionated take on gradual conversions
                  </td>
                  <td class="post-type">
                      story
                  </td>
                  <td class="post-time">
                      2023 Nov 04 21:15 (7 days 10 hours 14 minutes 37 seconds ago)
                  </td>
                  <td class="post-url">
                      https://v5.chriskrycho.com/journal/how-to-do-a-typescript-conversion/
                  </td>
              </tr>
    
        13)   <tr>
                  <td class="post-score">
                      83
                  </td>
                  <td class="post-title">
                      FTC Chair Lina Khan looks for allies and leads in Silicon Valley charm offensive
                  </td>
                  <td class="post-type">
                      story
                  </td>
                  <td class="post-time">
                      2023 Nov 04 19:24 (7 days 12 hours 5 minutes 26 seconds ago)
                  </td>
                  <td class="post-url">
                      https://www.reuters.com/business/ftc-chair-lina-khan-looks-allies-leads-silicon-valley-charm-offensive-2023-11-03/
                  </td>
              </tr>
    
        14)   <tr>
                  <td class="post-score">
                      96
                  </td>
                  <td class="post-title">
                      Topic: Discord Stealer
                  </td>
                  <td class="post-type">
                      story
                  </td>
                  <td class="post-time">
                      2023 Nov 05 02:26 (7 days 5 hours 3 minutes 38 seconds ago)
                  </td>
                  <td class="post-url">
                      https://github.com/topics/discord-stealer
                  </td>
              </tr>
    
        15)   <tr>
                  <td class="post-score">
                      132
                  </td>
                  <td class="post-title">
                      SARS-CoV-2 Infection Affects Energy Stores in the Body, Causing Organ Failure
                  </td>
                  <td class="post-type">
                      story
                  </td>
                  <td class="post-time">
                      2023 Nov 04 23:02 (7 days 8 hours 27 minutes 47 seconds ago)
                  </td>
                  <td class="post-url">
                      https://news.unchealthcare.org/2023/10/researchers-show-sars-cov-2-infection-affects-energy-stores-in-the-body-causing-organ-failure/
                  </td>
              </tr>
    
        16)   <tr>
                  <td class="post-score">
                      102
                  </td>
                  <td class="post-title">
                      Soda additive linked to thyroid toxicity may finally get banned by FDA
                  </td>
                  <td class="post-type">
                      story
                  </td>
                  <td class="post-time">
                      2023 Nov 05 00:26 (7 days 7 hours 3 minutes 35 seconds ago)
                  </td>
                  <td class="post-url">
                      https://arstechnica.com/health/2023/11/50-years-later-fda-proposes-banning-a-food-additive-it-said-is-not-safe/
                  </td>
              </tr>
    
        17)   <tr>
                  <td class="post-score">
                      56
                  </td>
                  <td class="post-title">
                      BeeWare Toga v0.4.0 ΓÇô A Python native, OS native GUI toolkit
                  </td>
                  <td class="post-type">
                      story
                  </td>
                  <td class="post-time">
                      2023 Nov 05 01:24 (7 days 6 hours 5 minutes 47 seconds ago)
                  </td>
                  <td class="post-url">
                      https://github.com/beeware/toga/releases/tag/v0.4.0
                  </td>
              </tr>
    
        18)   <tr>
                  <td class="post-score">
                      105
                  </td>
                  <td class="post-title">
                      The cottage industry of YouTube obituary pirates
                  </td>
                  <td class="post-type">
                      story
                  </td>
                  <td class="post-time">
                      2023 Nov 04 20:58 (7 days 10 hours 31 minutes 45 seconds ago)
                  </td>
                  <td class="post-url">
                      https://www.wired.com/story/youtube-obituary-pirates/
                  </td>
              </tr>
    
        19)   <tr>
                  <td class="post-score">
                      44
                  </td>
                  <td class="post-title">
                      Chemists, engineers craft adjustable arrays of microscopic lenses
                  </td>
                  <td class="post-type">
                      story
                  </td>
                  <td class="post-time">
                      2023 Nov 02 15:48 (9 days 15 hours 41 minutes 8 seconds ago)
                  </td>
                  <td class="post-url">
                      https://phys.org/news/2023-10-chemists-craft-adjustable-arrays-microscopic.html
                  </td>
              </tr>
    
        20)   <tr>
                  <td class="post-score">
                      62
                  </td>
                  <td class="post-title">
                      Disturbed Lands (National Park Service)
                  </td>
                  <td class="post-type">
                      story
                  </td>
                  <td class="post-time">
                      2023 Nov 04 23:29 (7 days 8 hours 28 seconds ago)
                  </td>
                  <td class="post-url">
                      https://www.nps.gov/shen/learn/nature/disturbedlands.htm
                  </td>
              </tr>
    
        21)   <tr>
                  <td class="post-score">
                      84
                  </td>
                  <td class="post-title">
                      The world nearly adopted a calendar with 13 months of 28 days
                  </td>
                  <td class="post-type">
                      story
                  </td>
                  <td class="post-time">
                      2023 Nov 05 03:53 (7 days 3 hours 36 minutes 19 seconds ago)
                  </td>
                  <td class="post-url">
                      https://www.washingtonpost.com/history/2023/11/04/battle-sabbath-13-month-calendar/
                  </td>
              </tr>
    
        22)   <tr>
                  <td class="post-score">
                      106
                  </td>
                  <td class="post-title">
                      AI and Open Source in 2023
                  </td>
                  <td class="post-type">
                      story
                  </td>
                  <td class="post-time">
                      2023 Nov 04 18:50 (7 days 12 hours 39 minutes 53 seconds ago)
                  </td>
                  <td class="post-url">
                      https://magazine.sebastianraschka.com/p/ai-and-open-source-in-2023
                  </td>
              </tr>
    
        23)   <tr>
                  <td class="post-score">
                      1114
                  </td>
                  <td class="post-title">
                      As I retire, my goal now is to release 40+ years of source code
                  </td>
                  <td class="post-type">
                      story
                  </td>
                  <td class="post-time">
                      2023 Nov 03 17:26 (8 days 14 hours 3 minutes 44 seconds ago)
                  </td>
                  <td class="post-url">
                      https://dunfield.themindfactory.com/dnldsrc.htm
                  </td>
              </tr>
    
        24)   <tr>
                  <td class="post-score">
                      122
                  </td>
                  <td class="post-title">
                      New Microsoft Exchange zero-days allow RCE, data theft attacks
                  </td>
                  <td class="post-type">
                      story
                  </td>
                  <td class="post-time">
                      2023 Nov 04 21:43 (7 days 9 hours 46 minutes 41 seconds ago)
                  </td>
                  <td class="post-url">
                      https://www.bleepingcomputer.com/news/microsoft/new-microsoft-exchange-zero-days-allow-rce-data-theft-attacks/
                  </td>
              </tr>
    
        25)   <tr>
                  <td class="post-score">
                      125
                  </td>
                  <td class="post-title">
                      Grok
                  </td>
                  <td class="post-type">
                      story
                  </td>
                  <td class="post-time">
                      2023 Nov 05 05:02 (7 days 2 hours 27 minutes 27 seconds ago)
                  </td>
                  <td class="post-url">
                      https://twitter.com/xai/status/1721027348970238035
                  </td>
              </tr>
    
        26)   <tr>
                  <td class="post-score">
                      220
                  </td>
                  <td class="post-title">
                      A 6 channel GPS receiver from 1993
                  </td>
                  <td class="post-type">
                      story
                  </td>
                  <td class="post-time">
                      2023 Nov 04 10:27 (7 days 21 hours 2 minutes 42 seconds ago)
                  </td>
                  <td class="post-url">
                      https://mastodon.sdf.org/@keelan/111349948124943603
                  </td>
              </tr>
    
        27)   <tr>
                  <td class="post-score">
                      313
                  </td>
                  <td class="post-title">
                      AMD MicroBlaze V Processor: A Flexible and Efficient RISC-V Processor
                  </td>
                  <td class="post-type">
                      story
                  </td>
                  <td class="post-time">
                      2023 Nov 04 02:01 (8 days 5 hours 28 minutes 15 seconds ago)
                  </td>
                  <td class="post-url">
                      https://www.xilinx.com/products/design-tools/microblaze-v.html
                  </td>
              </tr>
    
        28)   <tr>
                  <td class="post-score">
                      112
                  </td>
                  <td class="post-title">
                      Lahaina Noon
                  </td>
                  <td class="post-type">
                      story
                  </td>
                  <td class="post-time">
                      2023 Nov 02 15:27 (9 days 16 hours 2 minutes 3 seconds ago)
                  </td>
                  <td class="post-url">
                      https://en.wikipedia.org/wiki/Lahaina_Noon
                  </td>
              </tr>
    
        29)   <tr>
                  <td class="post-score">
                      157
                  </td>
                  <td class="post-title">
                      Spin 2.0 ΓÇô open-source tool for building and running WASM apps
                  </td>
                  <td class="post-type">
                      story
                  </td>
                  <td class="post-time">
                      2023 Nov 04 12:01 (7 days 19 hours 28 minutes 10 seconds ago)
                  </td>
                  <td class="post-url">
                      https://www.fermyon.com/blog/introducing-spin-v2
                  </td>
              </tr>
    
        30)   <tr>
                  <td class="post-score">
                      411
                  </td>
                  <td class="post-title">
                      Tell HN: Submit comments to IRS re tax treatment of software dev expenses
                  </td>
                  <td class="post-type">
                      story
                  </td>
                  <td class="post-time">
                      2023 Nov 02 21:26 (9 days 10 hours 3 minutes 58 seconds ago)
                  </td>
                  <td class="post-url">
                      
                  </td>
              </tr>
    
        31)   <tr>
                  <td class="post-score">
                      11
                  </td>
                  <td class="post-title">
                      Show HN: A tiny and platform-agnostic true random number generator for FPGA/ASIC
                  </td>
                  <td class="post-type">
                      story
                  </td>
                  <td class="post-time">
                      2023 Nov 04 21:34 (7 days 9 hours 56 minutes ago)
                  </td>
                  <td class="post-url">
                      https://github.com/stnolting/neoTRNG
                  </td>
              </tr>
    
        32)   <tr>
                  <td class="post-score">
                      99
                  </td>
                  <td class="post-title">
                      Daylight saving time can seriously affect your health
                  </td>
                  <td class="post-type">
                      story
                  </td>
                  <td class="post-time">
                      2023 Nov 05 00:47 (7 days 6 hours 42 minutes 12 seconds ago)
                  </td>
                  <td class="post-url">
                      https://apnews.com/article/daylight-saving-2023-fall-back-a3738d5c74301b8068825927c49fc6b4
                  </td>
              </tr>
    
        33)   <tr>
                  <td class="post-score">
                      46
                  </td>
                  <td class="post-title">
                      Delhi air pollution spikes to 100 times WHO health limit
                  </td>
                  <td class="post-type">
                      story
                  </td>
                  <td class="post-time">
                      2023 Nov 04 23:14 (7 days 8 hours 15 minutes 6 seconds ago)
                  </td>
                  <td class="post-url">
                      https://www.theguardian.com/world/2023/nov/03/delhi-india-air-quality-pollution-spike-world-health-organization-limit
                  </td>
              </tr>
    
        34)   <tr>
                  <td class="post-score">
                      5
                  </td>
                  <td class="post-title">
                      A game. The only winning move is not to play
                  </td>
                  <td class="post-type">
                      story
                  </td>
                  <td class="post-time">
                      2023 Nov 05 04:15 (7 days 3 hours 14 minutes 14 seconds ago)
                  </td>
                  <td class="post-url">
                      
                  </td>
              </tr>
    
        35)   <tr>
                  <td class="post-score">
                      83
                  </td>
                  <td class="post-title">
                      Max is taking 4K away from its legacy ad-free subscribers
                  </td>
                  <td class="post-type">
                      story
                  </td>
                  <td class="post-time">
                      2023 Nov 05 02:54 (7 days 4 hours 35 minutes 11 seconds ago)
                  </td>
                  <td class="post-url">
                      https://www.theverge.com/2023/11/2/23943859/max-4k-hbo-max-ad-free-subscribers
                  </td>
              </tr>
    
        36)   <tr>
                  <td class="post-score">
                      132
                  </td>
                  <td class="post-title">
                      Classes vs. structs in .NET: how not to teach about performance
                  </td>
                  <td class="post-type">
                      story
                  </td>
                  <td class="post-time">
                      2023 Nov 04 03:28 (8 days 4 hours 1 minute 9 seconds ago)
                  </td>
                  <td class="post-url">
                      https://sergeyteplyakov.github.io/Blog/benchmarking/2023/11/02/Performance_Comparison_For_Classes_vs_Structs.html
                  </td>
              </tr>
    
        37)   <tr>
                  <td class="post-score">
                      68
                  </td>
                  <td class="post-title">
                      How ΓÇ£blueΓÇ¥ and ΓÇ£greenΓÇ¥ appeared in a language that didnΓÇÖt have words for them
                  </td>
                  <td class="post-type">
                      story
                  </td>
                  <td class="post-time">
                      2023 Nov 02 15:54 (9 days 15 hours 35 minutes 45 seconds ago)
                  </td>
                  <td class="post-url">
                      https://news.mit.edu/2023/how-blue-and-green-appeared-language-1102
                  </td>
              </tr>
    
        38)   <tr>
                  <td class="post-score">
                      17
                  </td>
                  <td class="post-title">
                      Oracle Cloud Outage
                  </td>
                  <td class="post-type">
                      story
                  </td>
                  <td class="post-time">
                      2023 Nov 05 00:33 (7 days 6 hours 56 minutes 6 seconds ago)
                  </td>
                  <td class="post-url">
                      
                  </td>
              </tr>
    
        39)   <tr>
                  <td class="post-score">
                      15
                  </td>
                  <td class="post-title">
                      Exim 4.97.0 ΓÇô SMTP Mail Server ΓÇô Message Transfer Agent (MTA)
                  </td>
                  <td class="post-type">
                      story
                  </td>
                  <td class="post-time">
                      2023 Nov 05 00:29 (7 days 7 hours 50 seconds ago)
                  </td>
                  <td class="post-url">
                      https://www.exim.org/
                  </td>
              </tr>
    
        40)   <tr>
                  <td class="post-score">
                      82
                  </td>
                  <td class="post-title">
                      You're Gonna Need a Bigger Browser
                  </td>
                  <td class="post-type">
                      story
                  </td>
                  <td class="post-time">
                      2023 Nov 04 19:55 (7 days 11 hours 34 minutes 47 seconds ago)
                  </td>
                  <td class="post-url">
                      https://berjon.com/bigger-browser/
                  </td>
              </tr>
    
        41)   <tr>
                  <td class="post-score">
                      157
                  </td>
                  <td class="post-title">
                      Making "LCD, Please"
                  </td>
                  <td class="post-type">
                      story
                  </td>
                  <td class="post-time">
                      2023 Nov 04 04:16 (8 days 3 hours 13 minutes 23 seconds ago)
                  </td>
                  <td class="post-url">
                      https://dukope.com/devlogs/papers-please/lcdplease/
                  </td>
              </tr>
    
        42)   <tr>
                  <td class="post-score">
                      17
                  </td>
                  <td class="post-title">
                      Interview with a Gladiatrix
                  </td>
                  <td class="post-type">
                      story
                  </td>
                  <td class="post-time">
                      2023 Nov 04 21:04 (7 days 10 hours 25 minutes 26 seconds ago)
                  </td>
                  <td class="post-url">
                      https://antigonejournal.com/2023/10/modern-roman-gladiatrix/
                  </td>
              </tr>
    
        43)   <tr>
                  <td class="post-score">
                      6
                  </td>
                  <td class="post-title">
                      Towards Modern Development of Cloud Applications [pdf]
                  </td>
                  <td class="post-type">
                      story
                  </td>
                  <td class="post-time">
                      2023 Nov 05 00:44 (7 days 6 hours 45 minutes 44 seconds ago)
                  </td>
                  <td class="post-url">
                      https://sigops.org/s/conferences/hotos/2023/papers/ghemawat.pdf
                  </td>
              </tr>
    
        44)   <tr>
                  <td class="post-score">
                      224
                  </td>
                  <td class="post-title">
                      A blog post is a long and complex search query to find people (2022)
                  </td>
                  <td class="post-type">
                      story
                  </td>
                  <td class="post-time">
                      2023 Nov 04 02:02 (8 days 5 hours 27 minutes 4 seconds ago)
                  </td>
                  <td class="post-url">
                      https://www.henrikkarlsson.xyz/p/search-query
                  </td>
              </tr>
    
        45)   <tr>
                  <td class="post-score">
                      68
                  </td>
                  <td class="post-title">
                      After decades of dreams, a commercial spaceplane is almost ready to fly
                  </td>
                  <td class="post-type">
                      story
                  </td>
                  <td class="post-time">
                      2023 Nov 04 17:45 (7 days 13 hours 44 minutes 27 seconds ago)
                  </td>
                  <td class="post-url">
                      https://arstechnica.com/space/2023/11/after-decades-of-dreams-a-commercial-spaceplane-is-almost-ready-to-fly/
                  </td>
              </tr>
    
        46)   <tr>
                  <td class="post-score">
                      110
                  </td>
                  <td class="post-title">
                      Scrcpy 2.2 adds Android camera mirroring
                  </td>
                  <td class="post-type">
                      story
                  </td>
                  <td class="post-time">
                      2023 Nov 04 18:30 (7 days 12 hours 59 minutes 29 seconds ago)
                  </td>
                  <td class="post-url">
                      https://github.com/Genymobile/scrcpy/releases/tag/v2.2
                  </td>
              </tr>
    
        47)   <tr>
                  <td class="post-score">
                      52
                  </td>
                  <td class="post-title">
                      SpaceX poised for 'mid-November' launch of second Starship test flight
                  </td>
                  <td class="post-type">
                      story
                  </td>
                  <td class="post-time">
                      2023 Nov 05 04:23 (7 days 3 hours 6 minutes 24 seconds ago)
                  </td>
                  <td class="post-url">
                      https://spaceflightnow.com/2023/11/04/spacex-poised-for-mid-november-of-second-starship-test-launch/
                  </td>
              </tr>
    
        48)   <tr>
                  <td class="post-score">
                      160
                  </td>
                  <td class="post-title">
                      I need more USB power
                  </td>
                  <td class="post-type">
                      story
                  </td>
                  <td class="post-time">
                      2023 Nov 04 16:36 (7 days 14 hours 53 minutes 34 seconds ago)
                  </td>
                  <td class="post-url">
                      https://atomic14.substack.com/p/i-need-more-usb-power
                  </td>
              </tr>
    
        49)   <tr>
                  <td class="post-score">
                      8
                  </td>
                  <td class="post-title">
                      Ancient coins have been found off Sardinia, probably from shipwreck
                  </td>
                  <td class="post-type">
                      story
                  </td>
                  <td class="post-time">
                      2023 Nov 05 03:31 (7 days 3 hours 58 minutes 35 seconds ago)
                  </td>
                  <td class="post-url">
                      https://apnews.com/article/italy-ancient-coins-sardinia-divers-cabdfa070d37a8020f874dd90c0a2433
                  </td>
              </tr>
    
        50)   <tr>
                  <td class="post-score">
                      65
                  </td>
                  <td class="post-title">
                      C++ Sudoku Solver by Singapore PM Lee Hsien Loong
                  </td>
                  <td class="post-type">
                      story
                  </td>
                  <td class="post-time">
                      2023 Nov 04 19:07 (7 days 12 hours 22 minutes 45 seconds ago)
                  </td>
                  <td class="post-url">
                      https://twitter.com/adad8m/status/1720822885496049863
                  </td>
              </tr>
    
        51)   <tr>
                  <td class="post-score">
                      91
                  </td>
                  <td class="post-title">
                      Lapham's Quarterly Is on Hiatus
                  </td>
                  <td class="post-type">
                      story
                  </td>
                  <td class="post-time">
                      2023 Nov 04 20:00 (7 days 11 hours 29 minutes 4 seconds ago)
                  </td>
                  <td class="post-url">
                      https://www.laphamsquarterly.org/roundtable/hiatus
                  </td>
              </tr>
    
        52)   <tr>
                  <td class="post-score">
                      6
                  </td>
                  <td class="post-title">
                      X.ai Grok
                  </td>
                  <td class="post-type">
                      story
                  </td>
                  <td class="post-time">
                      2023 Nov 05 05:57 (7 days 1 hour 32 minutes 35 seconds ago)
                  </td>
                  <td class="post-url">
                      https://grok.x.ai/
                  </td>
              </tr>
    
        53)   <tr>
                  <td class="post-score">
                      219
                  </td>
                  <td class="post-title">
                      Asciinema: Record and share your terminal sessions, the simple way
                  </td>
                  <td class="post-type">
                      story
                  </td>
                  <td class="post-time">
                      2023 Nov 03 20:53 (8 days 10 hours 36 minutes 30 seconds ago)
                  </td>
                  <td class="post-url">
                      https://asciinema.org/
                  </td>
              </tr>
    
        54)   <tr>
                  <td class="post-score">
                      605
                  </td>
                  <td class="post-title">
                      In 1886, the US commissioned watercolor paintings of every known fruit (2019)
                  </td>
                  <td class="post-type">
                      story
                  </td>
                  <td class="post-time">
                      2023 Nov 02 22:30 (9 days 8 hours 59 minutes 52 seconds ago)
                  </td>
                  <td class="post-url">
                      https://www.openculture.com/2019/06/the-us-government-commissioned-7500-watercolor-paintings.html
                  </td>
              </tr>
    
        55)   <tr>
                  <td class="post-score">
                      467
                  </td>
                  <td class="post-title">
                      No dogs were harmed in the making of this app
                  </td>
                  <td class="post-type">
                      story
                  </td>
                  <td class="post-time">
                      2023 Nov 03 13:47 (8 days 17 hours 42 minutes 7 seconds ago)
                  </td>
                  <td class="post-url">
                      https://shmck.substack.com/p/no-dogs-were-harmed-in-the-making
                  </td>
              </tr>
    
        56)   <tr>
                  <td class="post-score">
                      417
                  </td>
                  <td class="post-title">
                      Bringing garbage collected programming languages efficiently to WebAssembly
                  </td>
                  <td class="post-type">
                      story
                  </td>
                  <td class="post-time">
                      2023 Nov 03 06:50 (9 days 39 minutes 29 seconds ago)
                  </td>
                  <td class="post-url">
                      https://v8.dev/blog/wasm-gc-porting
                  </td>
              </tr>
    
        57)   <tr>
                  <td class="post-score">
                      225
                  </td>
                  <td class="post-title">
                      Wooden Game Boy
                  </td>
                  <td class="post-type">
                      story
                  </td>
                  <td class="post-time">
                      2023 Nov 03 21:32 (8 days 9 hours 57 minutes 20 seconds ago)
                  </td>
                  <td class="post-url">
                      https://there.oughta.be/a/wooden-game-boy
                  </td>
              </tr>
    
        58)   <tr>
                  <td class="post-score">
                      80
                  </td>
                  <td class="post-title">
                      The Apple II Circuit Description (1983)
                  </td>
                  <td class="post-type">
                      story
                  </td>
                  <td class="post-time">
                      2023 Nov 02 14:58 (9 days 16 hours 31 minutes 22 seconds ago)
                  </td>
                  <td class="post-url">
                      https://archive.org/details/taiicd
                  </td>
              </tr>
    
        59)   <tr>
                  <td class="post-score">
                      304
                  </td>
                  <td class="post-title">
                      Bevy 0.12
                  </td>
                  <td class="post-type">
                      story
                  </td>
                  <td class="post-time">
                      2023 Nov 04 19:39 (7 days 11 hours 50 minutes 15 seconds ago)
                  </td>
                  <td class="post-url">
                      https://bevyengine.org/news/bevy-0-12/
                  </td>
              </tr>
    
        60)   <tr>
                  <td class="post-score">
                      203
                  </td>
                  <td class="post-title">
                      Telling GPT-4 you're scared or under pressure improves performance
                  </td>
                  <td class="post-type">
                      story
                  </td>
                  <td class="post-time">
                      2023 Nov 04 00:40 (8 days 6 hours 49 minutes 10 seconds ago)
                  </td>
                  <td class="post-url">
                      https://aimodels.substack.com/p/telling-gpt-4-youre-scared-or-under
                  </td>
              </tr>
    
        61)   <tr>
                  <td class="post-score">
                      1952
                  </td>
                  <td class="post-title">
                      Sam Bankman-Fried Convicted
                  </td>
                  <td class="post-type">
                      story
                  </td>
                  <td class="post-time">
                      2023 Nov 02 23:49 (9 days 7 hours 40 minutes 43 seconds ago)
                  </td>
                  <td class="post-url">
                      https://www.nytimes.com/live/2023/11/02/business/sam-bankman-fried-trial
                  </td>
              </tr>
    
        62)   <tr>
                  <td class="post-score">
                      188
                  </td>
                  <td class="post-title">
                      Surround sound test files for every audio format
                  </td>
                  <td class="post-type">
                      story
                  </td>
                  <td class="post-time">
                      2023 Nov 03 22:21 (8 days 9 hours 8 minutes 29 seconds ago)
                  </td>
                  <td class="post-url">
                      https://drive.google.com/drive/folders/1JxmeedtAtgmoafXv9rroiDOS2vEX7N4b
                  </td>
              </tr>
    
        63)   <tr>
                  <td class="post-score">
                      128
                  </td>
                  <td class="post-title">
                      Tesla strike widens as Swedish union expands blockade
                  </td>
                  <td class="post-type">
                      story
                  </td>
                  <td class="post-time">
                      2023 Nov 04 23:30 (7 days 7 hours 59 minutes 22 seconds ago)
                  </td>
                  <td class="post-url">
                      https://www.thelocal.se/20231103/tesla-strike-widens-as-swedish-union-expands-blockade
                  </td>
              </tr>
    
        64)   <tr>
                  <td class="post-score">
                      15
                  </td>
                  <td class="post-title">
                      R─ühui and the Art of Marine Conservation
                  </td>
                  <td class="post-type">
                      story
                  </td>
                  <td class="post-time">
                      2023 Nov 04 03:03 (8 days 4 hours 26 minutes 27 seconds ago)
                  </td>
                  <td class="post-url">
                      https://hakaimagazine.com/features/rahui-and-the-art-of-marine-conservation/
                  </td>
              </tr>
    
        65)   <tr>
                  <td class="post-score">
                      81
                  </td>
                  <td class="post-title">
                      Large-scale violence in Late Neolithic Western Europe based on skeletal evidence
                  </td>
                  <td class="post-type">
                      story
                  </td>
                  <td class="post-time">
                      2023 Nov 04 02:56 (8 days 4 hours 33 minutes 32 seconds ago)
                  </td>
                  <td class="post-url">
                      https://www.nature.com/articles/s41598-023-43026-9
                  </td>
              </tr>
    
        66)   <tr>
                  <td class="post-score">
                      224
                  </td>
                  <td class="post-title">
                      First observation of a virus attaching to another virus
                  </td>
                  <td class="post-type">
                      story
                  </td>
                  <td class="post-time">
                      2023 Nov 03 12:47 (8 days 18 hours 42 minutes 18 seconds ago)
                  </td>
                  <td class="post-url">
                      https://umbc.edu/stories/first-observed-virus-attaching-to-another/
                  </td>
              </tr>
    
        67)   <tr>
                  <td class="post-score">
                      185
                  </td>
                  <td class="post-title">
                      KDE desktop cube effect returns
                  </td>
                  <td class="post-type">
                      story
                  </td>
                  <td class="post-time">
                      2023 Nov 04 14:13 (7 days 17 hours 16 minutes 9 seconds ago)
                  </td>
                  <td class="post-url">
                      https://www.phoronix.com/news/KDE-Wayland-Color-Mgmt
                  </td>
              </tr>
    
        68)   <tr>
                  <td class="post-score">
                      49
                  </td>
                  <td class="post-title">
                      Searching for hidden silicon art on a microchip
                  </td>
                  <td class="post-type">
                      story
                  </td>
                  <td class="post-time">
                      2023 Nov 04 16:48 (7 days 14 hours 41 minutes 14 seconds ago)
                  </td>
                  <td class="post-url">
                      https://twitter.com/microscopicture/status/1720837951238636018
                  </td>
              </tr>
    
        69)   <tr>
                  <td class="post-score">
                      19
                  </td>
                  <td class="post-title">
                      U.S. cities consider banning "right on red" laws amid rise in pedestrian deaths
                  </td>
                  <td class="post-type">
                      story
                  </td>
                  <td class="post-time">
                      2023 Nov 04 23:45 (7 days 7 hours 44 minutes 33 seconds ago)
                  </td>
                  <td class="post-url">
                      https://www.cbsnews.com/news/pedestrian-deaths-right-on-red-ban/
                  </td>
              </tr>
    
        70)   <tr>
                  <td class="post-score">
                      195
                  </td>
                  <td class="post-title">
                      Paste without formatting on macOS
                  </td>
                  <td class="post-type">
                      story
                  </td>
                  <td class="post-time">
                      2023 Nov 04 14:31 (7 days 16 hours 58 minutes 43 seconds ago)
                  </td>
                  <td class="post-url">
                      https://scottswezey.com/always-paste-without-formatting-macos/
                  </td>
              </tr>
    
        71)   <tr>
                  <td class="post-score">
                      1187
                  </td>
                  <td class="post-title">
                      Cosmopolitan Third Edition
                  </td>
                  <td class="post-type">
                      story
                  </td>
                  <td class="post-time">
                      2023 Nov 01 17:25 (10 days 14 hours 4 minutes 20 seconds ago)
                  </td>
                  <td class="post-url">
                      https://justine.lol/cosmo3/
                  </td>
              </tr>
    
        72)   <tr>
                  <td class="post-score">
                      126
                  </td>
                  <td class="post-title">
                      Bibi-binary
                  </td>
                  <td class="post-type">
                      story
                  </td>
                  <td class="post-time">
                      2023 Nov 02 08:55 (9 days 22 hours 35 minutes ago)
                  </td>
                  <td class="post-url">
                      https://en.wikipedia.org/wiki/Bibi-binary
                  </td>
              </tr>
    
        73)   <tr>
                  <td class="post-score">
                      57
                  </td>
                  <td class="post-title">
                      UK plans to redefine extremism to include undermining the country
                  </td>
                  <td class="post-type">
                      story
                  </td>
                  <td class="post-time">
                      2023 Nov 04 18:57 (7 days 12 hours 32 minutes 23 seconds ago)
                  </td>
                  <td class="post-url">
                      https://www.theguardian.com/uk-news/2023/nov/04/plans-to-redefine-extremism-would-include-undermining-uk-values
                  </td>
              </tr>
    
        74)   <tr>
                  <td class="post-score">
                      453
                  </td>
                  <td class="post-title">
                      Light can make water evaporate without heat
                  </td>
                  <td class="post-type">
                      story
                  </td>
                  <td class="post-time">
                      2023 Nov 02 17:59 (9 days 13 hours 30 minutes 3 seconds ago)
                  </td>
                  <td class="post-url">
                      https://news.mit.edu/2023/surprising-finding-light-makes-water-evaporate-without-heat-1031
                  </td>
              </tr>
    
        75)   <tr>
                  <td class="post-score">
                      13
                  </td>
                  <td class="post-title">
                      The Trust Principles
                  </td>
                  <td class="post-type">
                      story
                  </td>
                  <td class="post-time">
                      2023 Nov 04 14:32 (7 days 16 hours 57 minutes 57 seconds ago)
                  </td>
                  <td class="post-url">
                      https://www.thomsonreuters.com/en/about-us/trust-principles.html
                  </td>
              </tr>
    
        76)   <tr>
                  <td class="post-score">
                      15
                  </td>
                  <td class="post-title">
                      Coding in Public: Help Battle Imposter Syndrome and Inspire Others
                  </td>
                  <td class="post-type">
                      story
                  </td>
                  <td class="post-time">
                      2023 Nov 04 11:58 (7 days 19 hours 31 minutes 59 seconds ago)
                  </td>
                  <td class="post-url">
                      https://www.codingtemple.com/blog/coding-in-public-help-battle-imposter-syndrome-and-inspire-others/
                  </td>
              </tr>
    
        77)   <tr>
                  <td class="post-score">
                      257
                  </td>
                  <td class="post-title">
                      Software that supports your body should always respect your freedom
                  </td>
                  <td class="post-type">
                      story
                  </td>
                  <td class="post-time">
                      2023 Nov 04 17:26 (7 days 14 hours 3 minutes 1 second ago)
                  </td>
                  <td class="post-url">
                      https://www.fsf.org/blogs/community/software-that-supports-your-body-should-always-respect-your-freedom
                  </td>
              </tr>
    
        78)   <tr>
                  <td class="post-score">
                      117
                  </td>
                  <td class="post-title">
                      Show HN: MicroLua ΓÇô Lua for the RP2040 Microcontroller
                  </td>
                  <td class="post-type">
                      story
                  </td>
                  <td class="post-time">
                      2023 Nov 03 18:45 (8 days 12 hours 44 minutes 56 seconds ago)
                  </td>
                  <td class="post-url">
                      https://github.com/MicroLua/MicroLua
                  </td>
              </tr>
    
        79)   <tr>
                  <td class="post-score">
                      451
                  </td>
                  <td class="post-title">
                      Post Mortem on Cloudflare Control Plane and Analytics Outage
                  </td>
                  <td class="post-type">
                      story
                  </td>
                  <td class="post-time">
                      2023 Nov 04 06:20 (8 days 1 hour 9 minutes 19 seconds ago)
                  </td>
                  <td class="post-url">
                      https://blog.cloudflare.com/post-mortem-on-cloudflare-control-plane-and-analytics-outage/
                  </td>
              </tr>
    
        80)   <tr>
                  <td class="post-score">
                      543
                  </td>
                  <td class="post-title">
                      Portugal. The Man ΓÇô Official Website Is a Google Sheets Document
                  </td>
                  <td class="post-type">
                      story
                  </td>
                  <td class="post-time">
                      2023 Nov 03 23:59 (8 days 7 hours 30 minutes 6 seconds ago)
                  </td>
                  <td class="post-url">
                      https://www.portugaltheman.com/?frontpage=true
                  </td>
              </tr>
    
        81)   <tr>
                  <td class="post-score">
                      212
                  </td>
                  <td class="post-title">
                      M3 Macs: there's more to performance than counting cores
                  </td>
                  <td class="post-type">
                      story
                  </td>
                  <td class="post-time">
                      2023 Nov 03 07:59 (8 days 23 hours 30 minutes 10 seconds ago)
                  </td>
                  <td class="post-url">
                      https://eclecticlight.co/2023/11/03/m3-macs-theres-more-to-performance-than-counting-cores/
                  </td>
              </tr>
    
        82)   <tr>
                  <td class="post-score">
                      43
                  </td>
                  <td class="post-title">
                      What is a Teddy Roosevelt presidential library doing in North Dakota?
                  </td>
                  <td class="post-type">
                      story
                  </td>
                  <td class="post-time">
                      2023 Nov 03 19:14 (8 days 12 hours 15 minutes 17 seconds ago)
                  </td>
                  <td class="post-url">
                      https://www.nytimes.com/2023/10/27/arts/theodore-roosevelt-presidential-library.html
                  </td>
              </tr>
    
        83)   <tr>
                  <td class="post-score">
                      5
                  </td>
                  <td class="post-title">
                      You Are Not Late (2014)
                  </td>
                  <td class="post-type">
                      story
                  </td>
                  <td class="post-time">
                      2023 Nov 04 15:26 (7 days 16 hours 3 minutes 43 seconds ago)
                  </td>
                  <td class="post-url">
                      https://kk.org/thetechnium/you-are-not-late/
                  </td>
              </tr>
    
        84)   <tr>
                  <td class="post-score">
                      156
                  </td>
                  <td class="post-title">
                      Shinzo Abe's Assassination
                  </td>
                  <td class="post-type">
                      story
                  </td>
                  <td class="post-time">
                      2023 Nov 04 13:07 (7 days 18 hours 22 minutes 15 seconds ago)
                  </td>
                  <td class="post-url">
                      https://www.theatlantic.com/magazine/archive/2023/10/shinzo-abe-assassination-japan-unification-church-moonies/675114/
                  </td>
              </tr>
    
        85)   <tr>
                  <td class="post-score">
                      101
                  </td>
                  <td class="post-title">
                      Sometimes, it is a compiler bug (2022)
                  </td>
                  <td class="post-type">
                      story
                  </td>
                  <td class="post-time">
                      2023 Nov 04 03:46 (8 days 3 hours 43 minutes 49 seconds ago)
                  </td>
                  <td class="post-url">
                      https://quick-lint-js.com/blog/bug-journey/
                  </td>
              </tr>
    
        86)   <tr>
                  <td class="post-score">
                      154
                  </td>
                  <td class="post-title">
                      Guide to Adopting AV1 Encoding
                  </td>
                  <td class="post-type">
                      story
                  </td>
                  <td class="post-time">
                      2023 Nov 03 15:17 (8 days 16 hours 12 minutes 15 seconds ago)
                  </td>
                  <td class="post-url">
                      https://bitmovin.com/av1/av1-encoding-guide/
                  </td>
              </tr>
    
        87)   <tr>
                  <td class="post-score">
                      7
                  </td>
                  <td class="post-title">
                      Ask HN: Where do you get your health news?
                  </td>
                  <td class="post-type">
                      story
                  </td>
                  <td class="post-time">
                      2023 Nov 05 00:57 (7 days 6 hours 32 minutes 4 seconds ago)
                  </td>
                  <td class="post-url">
                      
                  </td>
              </tr>
    
        88)   <tr>
                  <td class="post-score">
                      37
                  </td>
                  <td class="post-title">
                      Mass producing the most expensive rice cooker [video]
                  </td>
                  <td class="post-type">
                      story
                  </td>
                  <td class="post-time">
                      2023 Nov 04 16:33 (7 days 14 hours 56 minutes 20 seconds ago)
                  </td>
                  <td class="post-url">
                      https://www.youtube.com/watch?v=xLCwr8qG1p4
                  </td>
              </tr>
    
        89)   <tr>
                  <td class="post-score">
                      32
                  </td>
                  <td class="post-title">
                      Codec Royalties on Content and the Jaws Moment
                  </td>
                  <td class="post-type">
                      story
                  </td>
                  <td class="post-time">
                      2023 Nov 03 21:07 (8 days 10 hours 22 minutes 1 second ago)
                  </td>
                  <td class="post-url">
                      https://streaminglearningcenter.com/codecs/codec-royalties-on-content.html
                  </td>
              </tr>
    
        90)   <tr>
                  <td class="post-score">
                      139
                  </td>
                  <td class="post-title">
                      Louis Armstrong's Last Word
                  </td>
                  <td class="post-type">
                      story
                  </td>
                  <td class="post-time">
                      2023 Nov 02 20:16 (9 days 11 hours 13 minutes 25 seconds ago)
                  </td>
                  <td class="post-url">
                      https://www.thenation.com/article/culture/louis-armstrong-archive/
                  </td>
              </tr>
    
        91)   <tr>
                  <td class="post-score">
                      111
                  </td>
                  <td class="post-title">
                      The Sega Hitachi HiSaturn Navi Console
                  </td>
                  <td class="post-type">
                      story
                  </td>
                  <td class="post-time">
                      2023 Nov 03 22:43 (8 days 8 hours 46 minutes 22 seconds ago)
                  </td>
                  <td class="post-url">
                      https://nfggames.com/games/hisaturn/
                  </td>
              </tr>
    
        92)   <tr>
                  <td class="post-score">
                      124
                  </td>
                  <td class="post-title">
                      My experience taking Tesla to court about FSD
                  </td>
                  <td class="post-type">
                      story
                  </td>
                  <td class="post-time">
                      2023 Nov 05 00:23 (7 days 7 hours 6 minutes 20 seconds ago)
                  </td>
                  <td class="post-url">
                      https://teslamotorsclub.com/tmc/threads/my-experience-taking-tesla-to-court-about-fsd.315086/
                  </td>
              </tr>
    
        93)   <tr>
                  <td class="post-score">
                      179
                  </td>
                  <td class="post-title">
                      Pix2tex: Using a ViT to convert images of equations into LaTeX code
                  </td>
                  <td class="post-type">
                      story
                  </td>
                  <td class="post-time">
                      2023 Nov 03 10:17 (8 days 21 hours 12 minutes 57 seconds ago)
                  </td>
                  <td class="post-url">
                      https://github.com/lukas-blecher/LaTeX-OCR
                  </td>
              </tr>
    
        94)   <tr>
                  <td class="post-score">
                      470
                  </td>
                  <td class="post-title">
                      Talk-Llama
                  </td>
                  <td class="post-type">
                      story
                  </td>
                  <td class="post-time">
                      2023 Nov 02 07:32 (9 days 23 hours 57 minutes 27 seconds ago)
                  </td>
                  <td class="post-url">
                      https://github.com/ggerganov/whisper.cpp/tree/master/examples/talk-llama
                  </td>
              </tr>
    
        95)   <tr>
                  <td class="post-score">
                      145
                  </td>
                  <td class="post-title">
                      Cooperative C++ Evolution ΓÇô Toward a TypeScript for C++
                  </td>
                  <td class="post-type">
                      story
                  </td>
                  <td class="post-time">
                      2023 Nov 04 13:30 (7 days 17 hours 59 minutes 20 seconds ago)
                  </td>
                  <td class="post-url">
                      https://herbsutter.com/2023/10/09/my-new-cppcon-talk-is-on-youtube-cooperative-c-evolution-toward-a-typescript-for-c/
                  </td>
              </tr>
    
        96)   <tr>
                  <td class="post-score">
                      35
                  </td>
                  <td class="post-title">
                      The StahlDream
                  </td>
                  <td class="post-type">
                      story
                  </td>
                  <td class="post-time">
                      2023 Nov 04 01:18 (8 days 6 hours 11 minutes 11 seconds ago)
                  </td>
                  <td class="post-url">
                      https://remexre.com/stahl/dream
                  </td>
              </tr>
    
        97)   <tr>
                  <td class="post-score">
                      112
                  </td>
                  <td class="post-title">
                      Frink is a programming language designed to make physical calculations simple
                  </td>
                  <td class="post-type">
                      story
                  </td>
                  <td class="post-time">
                      2023 Nov 03 06:36 (9 days 53 minutes 7 seconds ago)
                  </td>
                  <td class="post-url">
                      https://frinklang.org/
                  </td>
              </tr>
    
        98)   <tr>
                  <td class="post-score">
                      38
                  </td>
                  <td class="post-title">
                      SBF Is Headed to Prison but FTX Will Haunt the Crypto Community for Years
                  </td>
                  <td class="post-type">
                      story
                  </td>
                  <td class="post-time">
                      2023 Nov 05 01:59 (7 days 5 hours 30 minutes 27 seconds ago)
                  </td>
                  <td class="post-url">
                      https://gizmodo.com/ftx-fbi-sam-bankman-fried-cryptocurrency-data-1850990825
                  </td>
              </tr>
    
        99)   <tr>
                  <td class="post-score">
                      59
                  </td>
                  <td class="post-title">
                      Yorick is an interpreted programming language for scientific simulations
                  </td>
                  <td class="post-type">
                      story
                  </td>
                  <td class="post-time">
                      2023 Nov 03 21:00 (8 days 10 hours 29 minutes 59 seconds ago)
                  </td>
                  <td class="post-url">
                      https://yorick.sourceforge.net/
                  </td>
              </tr>
    
        100)  <tr>
                  <td class="post-score">
                      149
                  </td>
                  <td class="post-title">
                      Starfish bodies arenΓÇÖt bodies at all, study finds
                  </td>
                  <td class="post-type">
                      story
                  </td>
                  <td class="post-time">
                      2023 Nov 04 13:54 (7 days 17 hours 35 minutes 34 seconds ago)
                  </td>
                  <td class="post-url">
                      https://www.cnn.com/2023/11/02/world/starfish-head-body-plan-scn/index.html
                  </td>
              </tr>
    
        101)  <tr>
                  <td class="post-score">
                      7
                  </td>
                  <td class="post-title">
                      SFML 2.6.1
                  </td>
                  <td class="post-type">
                      story
                  </td>
                  <td class="post-time">
                      2023 Nov 04 21:24 (7 days 10 hours 5 minutes 44 seconds ago)
                  </td>
                  <td class="post-url">
                      https://github.com/SFML/SFML/releases/tag/2.6.1
                  </td>
              </tr>
    
        102)  <tr>
                  <td class="post-score">
                      21
                  </td>
                  <td class="post-title">
                      Running Mod_Perl with Mojolicious in Docker
                  </td>
                  <td class="post-type">
                      story
                  </td>
                  <td class="post-time">
                      2023 Nov 03 23:02 (8 days 8 hours 27 minutes 41 seconds ago)
                  </td>
                  <td class="post-url">
                      https://rawley.xyz/docker-mod-perl.html
                  </td>
              </tr>
    
        103)  <tr>
                  <td class="post-score">
                      67
                  </td>
                  <td class="post-title">
                      The Great Inflation
                  </td>
                  <td class="post-type">
                      story
                  </td>
                  <td class="post-time">
                      2023 Nov 04 14:42 (7 days 16 hours 47 minutes 33 seconds ago)
                  </td>
                  <td class="post-url">
                      https://www.federalreservehistory.org/essays/great-inflation
                  </td>
              </tr>
    
        104)  <tr>
                  <td class="post-score">
                      174
                  </td>
                  <td class="post-title">
                      MetNet-3: A state-of-the-art neural weather model
                  </td>
                  <td class="post-type">
                      story
                  </td>
                  <td class="post-time">
                      2023 Nov 03 00:34 (9 days 6 hours 55 minutes 20 seconds ago)
                  </td>
                  <td class="post-url">
                      https://blog.research.google/2023/11/metnet-3-state-of-art-neural-weather.html?m=1
                  </td>
              </tr>
    
        105)  <tr>
                  <td class="post-score">
                      264
                  </td>
                  <td class="post-title">
                      From S3 to R2: An economic opportunity
                  </td>
                  <td class="post-type">
                      story
                  </td>
                  <td class="post-time">
                      2023 Nov 02 19:15 (9 days 12 hours 14 minutes 15 seconds ago)
                  </td>
                  <td class="post-url">
                      https://dansdatathoughts.substack.com/p/from-s3-to-r2-an-economic-opportunity
                  </td>
              </tr>
    
        106)  <tr>
                  <td class="post-score">
                      481
                  </td>
                  <td class="post-title">
                      Ask HN: Who is hiring? (November 2023)
                  </td>
                  <td class="post-type">
                      story
                  </td>
                  <td class="post-time">
                      2023 Nov 01 15:00 (10 days 16 hours 29 minutes 17 seconds ago)
                  </td>
                  <td class="post-url">
                      
                  </td>
              </tr>
    
        107)  <tr>
                  <td class="post-score">
                      208
                  </td>
                  <td class="post-title">
                      Course using F#: Write your own tiny programming system(s)
                  </td>
                  <td class="post-type">
                      story
                  </td>
                  <td class="post-time">
                      2023 Nov 02 21:41 (9 days 9 hours 48 minutes 57 seconds ago)
                  </td>
                  <td class="post-url">
                      https://d3s.mff.cuni.cz/teaching/nprg077/
                  </td>
              </tr>
    
        108)  <tr>
                  <td class="post-score">
                      11
                  </td>
                  <td class="post-title">
                      Astra, low on cash, defaults on loan
                  </td>
                  <td class="post-type">
                      story
                  </td>
                  <td class="post-time">
                      2023 Nov 04 20:16 (7 days 11 hours 13 minutes 49 seconds ago)
                  </td>
                  <td class="post-url">
                      https://spacenews.com/astra-low-on-cash-defaults-on-loan/
                  </td>
              </tr>
    
        109)  <tr>
                  <td class="post-score">
                      204
                  </td>
                  <td class="post-title">
                      Maersk to cut 10k jobs as shipping demand drops
                  </td>
                  <td class="post-type">
                      story
                  </td>
                  <td class="post-time">
                      2023 Nov 04 04:39 (8 days 2 hours 50 minutes 14 seconds ago)
                  </td>
                  <td class="post-url">
                      https://www.reuters.com/business/shipping-giant-maersk-q3-above-expectation-sees-fy-lower-end-range-2023-11-03/
                  </td>
              </tr>
    
        110)  <tr>
                  <td class="post-score">
                      52
                  </td>
                  <td class="post-title">
                      Welcome to the New GamersNexus Website v5.0: A Message
                  </td>
                  <td class="post-type">
                      story
                  </td>
                  <td class="post-time">
                      2023 Nov 04 21:16 (7 days 10 hours 13 minutes 49 seconds ago)
                  </td>
                  <td class="post-url">
                      https://gamersnexus.net/gn-extras/welcome-new-gamersnexus-website-v50-message
                  </td>
              </tr>
    
        111)  <tr>
                  <td class="post-score">
                      252
                  </td>
                  <td class="post-title">
                      How to stop adulterated turmeric from killing people
                  </td>
                  <td class="post-type">
                      story
                  </td>
                  <td class="post-time">
                      2023 Nov 04 07:59 (7 days 23 hours 30 minutes 12 seconds ago)
                  </td>
                  <td class="post-url">
                      https://www.economist.com/leaders/2023/11/02/how-to-stop-turmeric-from-killing-people
                  </td>
              </tr>
    
        112)  <tr>
                  <td class="post-score">
                      38
                  </td>
                  <td class="post-title">
                      The Miracle of Photography
                  </td>
                  <td class="post-type">
                      story
                  </td>
                  <td class="post-time">
                      2023 Nov 03 17:46 (8 days 13 hours 43 minutes 21 seconds ago)
                  </td>
                  <td class="post-url">
                      https://themillions.com/2023/11/the-miracle-of-photography.html
                  </td>
              </tr>
    
        113)  <tr>
                  <td class="post-score">
                      71
                  </td>
                  <td class="post-title">
                      Edison Bulb Night Mode
                  </td>
                  <td class="post-type">
                      story
                  </td>
                  <td class="post-time">
                      2023 Nov 03 22:29 (8 days 9 hours 58 seconds ago)
                  </td>
                  <td class="post-url">
                      https://www.petemillspaugh.com/edison-bulb
                  </td>
              </tr>
    
        114)  <tr>
                  <td class="post-score">
                      155
                  </td>
                  <td class="post-title">
                      RegEx Crossword (2013)
                  </td>
                  <td class="post-type">
                      story
                  </td>
                  <td class="post-time">
                      2023 Nov 02 10:30 (9 days 20 hours 59 minutes 57 seconds ago)
                  </td>
                  <td class="post-url">
                      https://jimbly.github.io/regex-crossword/
                  </td>
              </tr>
    
        115)  <tr>
                  <td class="post-score">
                      65
                  </td>
                  <td class="post-title">
                      CPU-Z's Inadequate Benchmark
                  </td>
                  <td class="post-type">
                      story
                  </td>
                  <td class="post-time">
                      2023 Nov 04 00:27 (8 days 7 hours 2 minutes 11 seconds ago)
                  </td>
                  <td class="post-url">
                      https://chipsandcheese.com/2023/11/03/cpu-zs-inadequate-benchmark/
                  </td>
              </tr>
    
        116)  <tr>
                  <td class="post-score">
                      29
                  </td>
                  <td class="post-title">
                      DEA Launches Crack Down on San Francisco Fentanyl Dealing
                  </td>
                  <td class="post-type">
                      story
                  </td>
                  <td class="post-time">
                      2023 Nov 04 23:44 (7 days 7 hours 45 minutes 11 seconds ago)
                  </td>
                  <td class="post-url">
                      https://abc7news.com/sf-fentanyl-drug-dealers-all-hands-of-deck-operation-sfpd/14006658/
                  </td>
              </tr>
    
        117)  <tr>
                  <td class="post-score">
                      205
                  </td>
                  <td class="post-title">
                      Uranium demand hits decade high as nuclear renaissance gains traction
                  </td>
                  <td class="post-type">
                      story
                  </td>
                  <td class="post-time">
                      2023 Nov 04 00:11 (8 days 7 hours 18 minutes 3 seconds ago)
                  </td>
                  <td class="post-url">
                      https://oilprice.com/The-Environment/Global-Warming/Uranium-Demand-Hits-Decade-High-As-Nuclear-Renaissance-Gains-Traction.html
                  </td>
              </tr>
    
        118)  <tr>
                  <td class="post-score">
                      56
                  </td>
                  <td class="post-title">
                      Accelerating digital block design with Google's open source Mid-Level Synthesis
                  </td>
                  <td class="post-type">
                      story
                  </td>
                  <td class="post-time">
                      2023 Nov 03 19:53 (8 days 11 hours 36 minutes 51 seconds ago)
                  </td>
                  <td class="post-url">
                      https://antmicro.com/blog/2023/09/accelerating-digital-block-design-with-googles-xls/
                  </td>
              </tr>
    
        119)  <tr>
                  <td class="post-score">
                      26
                  </td>
                  <td class="post-title">
                      Show HN: Cami.js ΓÇô A No Build, Web Component Based Reactive Framework
                  </td>
                  <td class="post-type">
                      story
                  </td>
                  <td class="post-time">
                      2023 Nov 04 18:33 (7 days 12 hours 56 minutes 24 seconds ago)
                  </td>
                  <td class="post-url">
                      https://github.com/kennyfrc/cami.js
                  </td>
              </tr>
    
        120)  <tr>
                  <td class="post-score">
                      177
                  </td>
                  <td class="post-title">
                      Why You Should Write Your Own Static Site Generator
                  </td>
                  <td class="post-type">
                      story
                  </td>
                  <td class="post-time">
                      2023 Nov 03 09:10 (8 days 22 hours 19 minutes 27 seconds ago)
                  </td>
                  <td class="post-url">
                      https://arne.me/articles/write-your-own-ssg
                  </td>
              </tr>
    
        121)  <tr>
                  <td class="post-score">
                      12
                  </td>
                  <td class="post-title">
                      GiNaC: Open framework for symbolic computation within C++ programming language
                  </td>
                  <td class="post-type">
                      story
                  </td>
                  <td class="post-time">
                      2023 Nov 04 03:25 (8 days 4 hours 4 minutes 34 seconds ago)
                  </td>
                  <td class="post-url">
                      https://www.ginac.de/tutorial/
                  </td>
              </tr>
    
        122)  <tr>
                  <td class="post-score">
                      39
                  </td>
                  <td class="post-title">
                      Liblinux ΓÇô architecture-independent access to Linux system calls
                  </td>
                  <td class="post-type">
                      story
                  </td>
                  <td class="post-time">
                      2023 Nov 03 08:47 (8 days 22 hours 42 minutes 47 seconds ago)
                  </td>
                  <td class="post-url">
                      https://github.com/matheusmoreira/liblinux
                  </td>
              </tr>
    
        123)  <tr>
                  <td class="post-score">
                      111
                  </td>
                  <td class="post-title">
                      Enable ARMv9 Memory Tagging Extension (MTE) on Pixel 8
                  </td>
                  <td class="post-type">
                      story
                  </td>
                  <td class="post-time">
                      2023 Nov 03 06:55 (9 days 34 minutes 38 seconds ago)
                  </td>
                  <td class="post-url">
                      https://outflux.net/blog/archives/2023/10/26/enable-mte-on-pixel-8/
                  </td>
              </tr>
    
        124)  <tr>
                  <td class="post-score">
                      56
                  </td>
                  <td class="post-title">
                      Why is RC Cola popular in Tajikistan?
                  </td>
                  <td class="post-type">
                      story
                  </td>
                  <td class="post-time">
                      2023 Nov 03 20:07 (8 days 11 hours 22 minutes 14 seconds ago)
                  </td>
                  <td class="post-url">
                      https://www.snackstack.net/p/why-is-rc-cola-popular-in-tajikistan
                  </td>
              </tr>
    
        125)  <tr>
                  <td class="post-score">
                      7
                  </td>
                  <td class="post-title">
                      Show HN: I started building yet another CSS framework
                  </td>
                  <td class="post-type">
                      story
                  </td>
                  <td class="post-time">
                      2023 Nov 04 08:55 (7 days 22 hours 34 minutes 46 seconds ago)
                  </td>
                  <td class="post-url">
                      https://eternityforest.github.io/barrel.css/
                  </td>
              </tr>
    
        126)  <tr>
                  <td class="post-score">
                      85
                  </td>
                  <td class="post-title">
                      How to help someone use a computer (1996)
                  </td>
                  <td class="post-type">
                      story
                  </td>
                  <td class="post-time">
                      2023 Nov 03 08:46 (8 days 22 hours 43 minutes 16 seconds ago)
                  </td>
                  <td class="post-url">
                      https://pages.gseis.ucla.edu/faculty/agre/how-to-help.html
                  </td>
              </tr>
    
        127)  <tr>
                  <td class="post-score">
                      193
                  </td>
                  <td class="post-title">
                      Is there anywhere in the world someone can just live for free?
                  </td>
                  <td class="post-type">
                      story
                  </td>
                  <td class="post-time">
                      2023 Nov 04 08:57 (7 days 22 hours 32 minutes 38 seconds ago)
                  </td>
                  <td class="post-url">
                      https://reddit.com/r/NoStupidQuestions/comments/17mvukd/is_there_anywhere_in_the_world_someone_can_just/
                  </td>
              </tr>
    
        128)  <tr>
                  <td class="post-score">
                      84
                  </td>
                  <td class="post-title">
                      First Handset with MTE on the Market
                  </td>
                  <td class="post-type">
                      story
                  </td>
                  <td class="post-time">
                      2023 Nov 03 22:03 (8 days 9 hours 26 minutes 22 seconds ago)
                  </td>
                  <td class="post-url">
                      https://googleprojectzero.blogspot.com/2023/11/first-handset-with-mte-on-market.html
                  </td>
              </tr>
    
        129)  <tr>
                  <td class="post-score">
                      59
                  </td>
                  <td class="post-title">
                      Cats Make Nearly 300 Different Facial Expressions
                  </td>
                  <td class="post-type">
                      story
                  </td>
                  <td class="post-time">
                      2023 Nov 04 21:38 (7 days 9 hours 52 minutes ago)
                  </td>
                  <td class="post-url">
                      https://www.smithsonianmag.com/smart-news/cats-make-nearly-300-different-facial-expressions-180983185/
                  </td>
              </tr>
    
        130)  <tr>
                  <td class="post-score">
                      147
                  </td>
                  <td class="post-title">
                      Email.radio ΓÇô Free Email Domain for Licensed Ham Radio Operators
                  </td>
                  <td class="post-type">
                      story
                  </td>
                  <td class="post-time">
                      2023 Nov 03 02:10 (9 days 5 hours 19 minutes 5 seconds ago)
                  </td>
                  <td class="post-url">
                      https://email.radio/
                  </td>
              </tr>
    
        131)  <tr>
                  <td class="post-score">
                      666
                  </td>
                  <td class="post-title">
                      macOS Sonoma Boot Failures
                  </td>
                  <td class="post-type">
                      story
                  </td>
                  <td class="post-time">
                      2023 Oct 31 18:33 (11 days 12 hours 56 minutes 8 seconds ago)
                  </td>
                  <td class="post-url">
                      https://github.com/AsahiLinux/docs/wiki/macOS-Sonoma-Boot-Failures
                  </td>
              </tr>
    
        132)  <tr>
                  <td class="post-score">
                      98
                  </td>
                  <td class="post-title">
                      Telnet BBS Guide
                  </td>
                  <td class="post-type">
                      story
                  </td>
                  <td class="post-time">
                      2023 Nov 03 23:29 (8 days 8 hours 49 seconds ago)
                  </td>
                  <td class="post-url">
                      https://www.telnetbbsguide.com/
                  </td>
              </tr>
    
        133)  <tr>
                  <td class="post-score">
                      69
                  </td>
                  <td class="post-title">
                      Discord will switch to temporary file links to block malware delivery
                  </td>
                  <td class="post-type">
                      story
                  </td>
                  <td class="post-time">
                      2023 Nov 04 19:11 (7 days 12 hours 18 minutes 56 seconds ago)
                  </td>
                  <td class="post-url">
                      https://www.bleepingcomputer.com/news/security/discord-will-switch-to-temporary-file-links-to-block-malware-delivery/
                  </td>
              </tr>
    
        134)  <tr>
                  <td class="post-score">
                      201
                  </td>
                  <td class="post-title">
                      Podman Desktop v1.5 with Compose onboarding and enhanced Kubernetes pod data
                  </td>
                  <td class="post-type">
                      story
                  </td>
                  <td class="post-time">
                      2023 Nov 03 19:39 (8 days 11 hours 50 minutes 57 seconds ago)
                  </td>
                  <td class="post-url">
                      https://podman-desktop.io/blog/podman-desktop-release-1.5
                  </td>
              </tr>
    
        135)  <tr>
                  <td class="post-score">
                      199
                  </td>
                  <td class="post-title">
                      Okta hit by third-party breach, stealing employee data
                  </td>
                  <td class="post-type">
                      story
                  </td>
                  <td class="post-time">
                      2023 Nov 03 16:15 (8 days 15 hours 14 minutes 47 seconds ago)
                  </td>
                  <td class="post-url">
                      https://arstechnica.com/security/2023/11/okta-hit-by-another-breach-this-one-stealing-employee-data-from-3rd-party-vendor/
                  </td>
              </tr>
    
        136)  <tr>
                  <td class="post-score">
                      124
                  </td>
                  <td class="post-title">
                      If you plant milkweed, they will come
                  </td>
                  <td class="post-type">
                      story
                  </td>
                  <td class="post-time">
                      2023 Nov 03 00:21 (9 days 7 hours 8 minutes 52 seconds ago)
                  </td>
                  <td class="post-url">
                      https://www.nytimes.com/2023/10/25/realestate/gardening-milkweed-plants-butterflies.html
                  </td>
              </tr>
    
        137)  <tr>
                  <td class="post-score">
                      31
                  </td>
                  <td class="post-title">
                      Things I like about Zig as a Go Programmer
                  </td>
                  <td class="post-type">
                      story
                  </td>
                  <td class="post-time">
                      2023 Nov 04 16:38 (7 days 14 hours 51 minutes 26 seconds ago)
                  </td>
                  <td class="post-url">
                      https://medium.com/@vladimirvivien/things-i-like-about-zig-as-a-go-programmer-75eb02aab00f
                  </td>
              </tr>
    
        138)  <tr>
                  <td class="post-score">
                      9
                  </td>
                  <td class="post-title">
                      Upgrading my Chumby 8 kernel part 7: touchscreen
                  </td>
                  <td class="post-type">
                      story
                  </td>
                  <td class="post-time">
                      2023 Nov 03 23:57 (8 days 7 hours 32 minutes 5 seconds ago)
                  </td>
                  <td class="post-url">
                      https://www.downtowndougbrown.com/2023/11/upgrading-my-chumby-8-kernel-part-7-touchscreen/
                  </td>
              </tr>
    
        139)  <tr>
                  <td class="post-score">
                      114
                  </td>
                  <td class="post-title">
                      Embracing community helps us live longer, and be happier (2017)
                  </td>
                  <td class="post-type">
                      story
                  </td>
                  <td class="post-time">
                      2023 Nov 03 19:58 (8 days 11 hours 31 minutes 30 seconds ago)
                  </td>
                  <td class="post-url">
                      https://news.harvard.edu/gazette/story/2017/04/over-nearly-80-years-harvard-study-has-been-showing-how-to-live-a-healthy-and-happy-life/
                  </td>
              </tr>
    
        140)  <tr>
                  <td class="post-score">
                      221
                  </td>
                  <td class="post-title">
                      Joint statement of scientists and NGOs on the EUΓÇÖs proposed eIDAS reform
                  </td>
                  <td class="post-type">
                      story
                  </td>
                  <td class="post-time">
                      2023 Nov 03 11:08 (8 days 20 hours 21 minutes 18 seconds ago)
                  </td>
                  <td class="post-url">
                      https://eidas-open-letter.org/
                  </td>
              </tr>
    
        141)  <tr>
                  <td class="post-score">
                      3
                  </td>
                  <td class="post-title">
                      A guide to home row mods with QMK
                  </td>
                  <td class="post-type">
                      story
                  </td>
                  <td class="post-time">
                      2023 Nov 04 11:21 (7 days 20 hours 8 minutes 20 seconds ago)
                  </td>
                  <td class="post-url">
                      https://precondition.github.io/home-row-mods
                  </td>
              </tr>
    
        142)  <tr>
                  <td class="post-score">
                      14
                  </td>
                  <td class="post-title">
                      Geospatial Technology Radar 2023
                  </td>
                  <td class="post-type">
                      story
                  </td>
                  <td class="post-time">
                      2023 Nov 03 20:03 (8 days 11 hours 26 minutes 27 seconds ago)
                  </td>
                  <td class="post-url">
                      https://element84.com/geospatial-tech-radar-23
                  </td>
              </tr>
    
        143)  <tr>
                  <td class="post-score">
                      49
                  </td>
                  <td class="post-title">
                      HBO CEO Confesses to Trolling Critics with Fake Tweets: Rolling Stone
                  </td>
                  <td class="post-type">
                      story
                  </td>
                  <td class="post-time">
                      2023 Nov 04 06:19 (8 days 1 hour 10 minutes 1 second ago)
                  </td>
                  <td class="post-url">
                      https://www.rollingstone.com/tv-movies/tv-movie-news/hbo-ceo-casey-bloys-confesses-trolling-critics-fake-twitter-accounts-dumb-idea-1234868710/
                  </td>
              </tr>
    
        144)  <tr>
                  <td class="post-score">
                      124
                  </td>
                  <td class="post-title">
                      Ken Mattingly, astronaut scrubbed from Apollo 13, has died
                  </td>
                  <td class="post-type">
                      story
                  </td>
                  <td class="post-time">
                      2023 Nov 03 05:48 (9 days 1 hour 41 minutes 22 seconds ago)
                  </td>
                  <td class="post-url">
                      https://www.nytimes.com/2023/11/02/science/space/ken-mattingly-dead.html
                  </td>
              </tr>
    
        145)  <tr>
                  <td class="post-score">
                      146
                  </td>
                  <td class="post-title">
                      How big data carried graph theory into new dimensions
                  </td>
                  <td class="post-type">
                      story
                  </td>
                  <td class="post-time">
                      2023 Nov 02 21:33 (9 days 9 hours 56 minutes 11 seconds ago)
                  </td>
                  <td class="post-url">
                      https://www.quantamagazine.org/how-big-data-carried-graph-theory-into-new-dimensions-20210819/
                  </td>
              </tr>
    
        146)  <tr>
                  <td class="post-score">
                      235
                  </td>
                  <td class="post-title">
                      Lemming Suicide Myth: Disney Film Faked Bogus Behavior
                  </td>
                  <td class="post-type">
                      story
                  </td>
                  <td class="post-time">
                      2023 Nov 01 22:47 (10 days 8 hours 42 minutes 2 seconds ago)
                  </td>
                  <td class="post-url">
                      https://www.adfg.alaska.gov/index.cfm?adfg=wildlifenews.view_article&articles_id=56
                  </td>
              </tr>
    
        147)  <tr>
                  <td class="post-score">
                      22
                  </td>
                  <td class="post-title">
                      The Future of RSS Is Textcasting
                  </td>
                  <td class="post-type">
                      story
                  </td>
                  <td class="post-time">
                      2023 Nov 03 19:11 (8 days 12 hours 18 minutes 40 seconds ago)
                  </td>
                  <td class="post-url">
                      https://kottke.org/23/11/the-future-of-rss-is-textcasting-1
                  </td>
              </tr>
    
        148)  <tr>
                  <td class="post-score">
                      113
                  </td>
                  <td class="post-title">
                      Auto industry executives admit electric vehicle plans are in jeopardy
                  </td>
                  <td class="post-type">
                      story
                  </td>
                  <td class="post-time">
                      2023 Nov 02 22:26 (9 days 9 hours 3 minutes 11 seconds ago)
                  </td>
                  <td class="post-url">
                      https://www.businessinsider.com/auto-executives-coming-clean-evs-arent-working-2023-10
                  </td>
              </tr>
    
        149)  <tr>
                  <td class="post-score">
                      591
                  </td>
                  <td class="post-title">
                      Confusing Git Terminology
                  </td>
                  <td class="post-type">
                      story
                  </td>
                  <td class="post-time">
                      2023 Nov 02 13:05 (9 days 18 hours 24 minutes 27 seconds ago)
                  </td>
                  <td class="post-url">
                      https://jvns.ca/blog/2023/11/01/confusing-git-terminology/
                  </td>
              </tr>
    
        150)  <tr>
                  <td class="post-score">
                      645
                  </td>
                  <td class="post-title">
                      Copying Angry Birds with nothing but AI
                  </td>
                  <td class="post-type">
                      story
                  </td>
                  <td class="post-time">
                      2023 Oct 31 18:27 (11 days 13 hours 2 minutes 45 seconds ago)
                  </td>
                  <td class="post-url">
                      https://twitter.com/javilopen/status/1719363262179938401
                  </td>
              </tr>
    
        151)  <tr>
                  <td class="post-score">
                      146
                  </td>
                  <td class="post-title">
                      Hyphens, minus, and dashes in Debian man pages
                  </td>
                  <td class="post-type">
                      story
                  </td>
                  <td class="post-time">
                      2023 Nov 02 23:13 (9 days 8 hours 16 minutes 8 seconds ago)
                  </td>
                  <td class="post-url">
                      https://lwn.net/Articles/947941/
                  </td>
              </tr>
    
        152)  <tr>
                  <td class="post-score">
                      91
                  </td>
                  <td class="post-title">
                      The Anthropogenic Salt Cycle
                  </td>
                  <td class="post-type">
                      story
                  </td>
                  <td class="post-time">
                      2023 Nov 03 12:21 (8 days 19 hours 8 minutes 40 seconds ago)
                  </td>
                  <td class="post-url">
                      https://www.nature.com/articles/s43017-023-00485-y
                  </td>
              </tr>
    
        153)  <tr>
                  <td class="post-score">
                      117
                  </td>
                  <td class="post-title">
                      When to Shut Up: A Visual Guide (With Included Algorithm)
                  </td>
                  <td class="post-type">
                      story
                  </td>
                  <td class="post-time">
                      2023 Nov 04 12:24 (7 days 19 hours 5 minutes 42 seconds ago)
                  </td>
                  <td class="post-url">
                      https://shaungallagher.pressbin.com/blog/shut-up.html
                  </td>
              </tr>
    
        154)  <tr>
                  <td class="post-score">
                      297
                  </td>
                  <td class="post-title">
                      macOS Sonoma Broke Grep
                  </td>
                  <td class="post-type">
                      story
                  </td>
                  <td class="post-time">
                      2023 Nov 01 20:24 (10 days 11 hours 5 minutes 38 seconds ago)
                  </td>
                  <td class="post-url">
                      https://developer.apple.com/forums/thread/738862
                  </td>
              </tr>
    
        155)  <tr>
                  <td class="post-score">
                      335
                  </td>
                  <td class="post-title">
                      How Bear does analytics with CSS
                  </td>
                  <td class="post-type">
                      story
                  </td>
                  <td class="post-time">
                      2023 Nov 01 08:08 (10 days 23 hours 21 minutes 51 seconds ago)
                  </td>
                  <td class="post-url">
                      https://herman.bearblog.dev/how-bear-does-analytics-with-css/
                  </td>
              </tr>
    
        156)  <tr>
                  <td class="post-score">
                      87
                  </td>
                  <td class="post-title">
                      Everything We Know About 1970s Mainframe RPGs We Can No Longer Play
                  </td>
                  <td class="post-type">
                      story
                  </td>
                  <td class="post-time">
                      2023 Nov 02 22:31 (9 days 8 hours 58 minutes 44 seconds ago)
                  </td>
                  <td class="post-url">
                      http://crpgaddict.blogspot.com/2021/06/brief-everything-we-know-about-1970s.html
                  </td>
              </tr>
    
        157)  <tr>
                  <td class="post-score">
                      200
                  </td>
                  <td class="post-title">
                      The business of extracting knowledge from academic publications
                  </td>
                  <td class="post-type">
                      story
                  </td>
                  <td class="post-time">
                      2023 Nov 01 21:52 (10 days 9 hours 37 minutes 1 second ago)
                  </td>
                  <td class="post-url">
                      https://www.theseedsofscience.pub/p/the-business-of-extracting-knowledge
                  </td>
              </tr>
    
        158)  <tr>
                  <td class="post-score">
                      244
                  </td>
                  <td class="post-title">
                      Window-swap ΓÇô open a new window somewhere in the world
                  </td>
                  <td class="post-type">
                      story
                  </td>
                  <td class="post-time">
                      2023 Nov 02 01:16 (10 days 6 hours 13 minutes 38 seconds ago)
                  </td>
                  <td class="post-url">
                      https://www.window-swap.com/
                  </td>
              </tr>
    
        159)  <tr>
                  <td class="post-score">
                      80
                  </td>
                  <td class="post-title">
                      AMD Unveils Ryzen Mobile 7040U Series with Zen 4c Efficiency Cores
                  </td>
                  <td class="post-type">
                      story
                  </td>
                  <td class="post-time">
                      2023 Nov 03 10:52 (8 days 20 hours 37 minutes 9 seconds ago)
                  </td>
                  <td class="post-url">
                      https://www.anandtech.com/show/21111/amd-unveils-ryzen-7040u-series-with-zen-4c-smaller-cores-bigger-efficiency
                  </td>
              </tr>
    
        160)  <tr>
                  <td class="post-score">
                      231
                  </td>
                  <td class="post-title">
                      YouTube's plan backfires, people are installing better ad blockers
                  </td>
                  <td class="post-type">
                      story
                  </td>
                  <td class="post-time">
                      2023 Nov 04 03:34 (8 days 3 hours 55 minutes 6 seconds ago)
                  </td>
                  <td class="post-url">
                      https://www.androidauthority.com/youtube-ad-block-installs-3382289/
                  </td>
              </tr>
    
        161)  <tr>
                  <td class="post-score">
                      56
                  </td>
                  <td class="post-title">
                      A carbohydrate revolution is speeding up pro cycling
                  </td>
                  <td class="post-type">
                      story
                  </td>
                  <td class="post-time">
                      2023 Nov 04 15:56 (7 days 15 hours 33 minutes 52 seconds ago)
                  </td>
                  <td class="post-url">
                      https://velo.outsideonline.com/road/road-training/a-massive-change-how-a-carbohydrate-revolution-is-speeding-up-pro-cycling/
                  </td>
              </tr>
    
        162)  <tr>
                  <td class="post-score">
                      30
                  </td>
                  <td class="post-title">
                      Intel's CEO Admits to and Details the Company's Three Biggest Mistakes
                  </td>
                  <td class="post-type">
                      story
                  </td>
                  <td class="post-time">
                      2023 Nov 04 07:28 (8 days 1 minute 17 seconds ago)
                  </td>
                  <td class="post-url">
                      https://www.tomshardware.com/pc-components/gpus/intels-ceo-admits-to-and-details-companies-three-biggest-mistakes
                  </td>
              </tr>
    
        163)  <tr>
                  <td class="post-score">
                      89
                  </td>
                  <td class="post-title">
                      GM's Cruise alleged to rely on human operators to achieve "autonomous" driving
                  </td>
                  <td class="post-type">
                      story
                  </td>
                  <td class="post-time">
                      2023 Nov 04 20:59 (7 days 10 hours 31 minutes ago)
                  </td>
                  <td class="post-url">
                      https://www.nytimes.com/2023/11/03/technology/cruise-general-motors-self-driving-cars.html
                  </td>
              </tr>
    
        164)  <tr>
                  <td class="post-score">
                      674
                  </td>
                  <td class="post-title">
                      I trapped scammers in an impossible maze [video]
                  </td>
                  <td class="post-type">
                      story
                  </td>
                  <td class="post-time">
                      2023 Nov 03 15:38 (8 days 15 hours 51 minutes 9 seconds ago)
                  </td>
                  <td class="post-url">
                      https://www.youtube.com/watch?v=dWzz3NeDz3E
                  </td>
              </tr>
    
        165)  <tr>
                  <td class="post-score">
                      64
                  </td>
                  <td class="post-title">
                      999 Request Denied
                  </td>
                  <td class="post-type">
                      story
                  </td>
                  <td class="post-time">
                      2023 Nov 03 11:25 (8 days 20 hours 4 minutes 37 seconds ago)
                  </td>
                  <td class="post-url">
                      https://http.dev/999
                  </td>
              </tr>
    
        166)  <tr>
                  <td class="post-score">
                      537
                  </td>
                  <td class="post-title">
                      Last Chance to fix eIDAS: Secret EU law threatens Internet security
                  </td>
                  <td class="post-type">
                      story
                  </td>
                  <td class="post-time">
                      2023 Nov 02 05:57 (10 days 1 hour 32 minutes 18 seconds ago)
                  </td>
                  <td class="post-url">
                      https://last-chance-for-eidas.org/
                  </td>
              </tr>
    
        167)  <tr>
                  <td class="post-score">
                      148
                  </td>
                  <td class="post-title">
                      Microsoft is retiring Visual Studio for Mac in 2024
                  </td>
                  <td class="post-type">
                      story
                  </td>
                  <td class="post-time">
                      2023 Nov 03 20:14 (8 days 11 hours 15 minutes 55 seconds ago)
                  </td>
                  <td class="post-url">
                      https://visualstudio.microsoft.com/vs/mac/
                  </td>
              </tr>
    
        168)  <tr>
                  <td class="post-score">
                      83
                  </td>
                  <td class="post-title">
                      Translations of Russ Cox's Thompson NFA C Program to Rust
                  </td>
                  <td class="post-type">
                      story
                  </td>
                  <td class="post-time">
                      2023 Nov 03 03:27 (9 days 4 hours 2 minutes 9 seconds ago)
                  </td>
                  <td class="post-url">
                      https://github.com/BurntSushi/rsc-regexp
                  </td>
              </tr>
    
        169)  <tr>
                  <td class="post-score">
                      74
                  </td>
                  <td class="post-title">
                      How to pronounce the trickiest English words
                  </td>
                  <td class="post-type">
                      story
                  </td>
                  <td class="post-time">
                      2023 Nov 02 15:56 (9 days 15 hours 33 minutes 32 seconds ago)
                  </td>
                  <td class="post-url">
                      https://www.wsj.com/business/media/how-to-pronounce-english-words-julien-miquel-58581065
                  </td>
              </tr>
    
        170)  <tr>
                  <td class="post-score">
                      262
                  </td>
                  <td class="post-title">
                      Why ACPI?
                  </td>
                  <td class="post-type">
                      story
                  </td>
                  <td class="post-time">
                      2023 Nov 01 06:46 (11 days 43 minutes 51 seconds ago)
                  </td>
                  <td class="post-url">
                      https://mjg59.dreamwidth.org/68350.html
                  </td>
              </tr>
    
        171)  <tr>
                  <td class="post-score">
                      49
                  </td>
                  <td class="post-title">
                      Show HN: GitInsights ΓÇô a weekly summary email of your team's GitHub activity
                  </td>
                  <td class="post-type">
                      story
                  </td>
                  <td class="post-time">
                      2023 Nov 03 20:15 (8 days 11 hours 14 minutes 57 seconds ago)
                  </td>
                  <td class="post-url">
                      https://gitinsights.io/
                  </td>
              </tr>
    
        172)  <tr>
                  <td class="post-score">
                      96
                  </td>
                  <td class="post-title">
                      Jevons paradox
                  </td>
                  <td class="post-type">
                      story
                  </td>
                  <td class="post-time">
                      2023 Nov 03 15:16 (8 days 16 hours 13 minutes 59 seconds ago)
                  </td>
                  <td class="post-url">
                      https://en.wikipedia.org/wiki/Jevons_paradox
                  </td>
              </tr>
    
        173)  <tr>
                  <td class="post-score">
                      142
                  </td>
                  <td class="post-title">
                      WasmGC ΓÇô Run GC languages such as Kotlin, Java in Chrome browser
                  </td>
                  <td class="post-type">
                      story
                  </td>
                  <td class="post-time">
                      2023 Nov 02 04:32 (10 days 2 hours 57 minutes 11 seconds ago)
                  </td>
                  <td class="post-url">
                      https://developer.chrome.com/blog/wasmgc/
                  </td>
              </tr>
    
        174)  <tr>
                  <td class="post-score">
                      34
                  </td>
                  <td class="post-title">
                      China's TikTok users are being told that Aristotle did not exist
                  </td>
                  <td class="post-type">
                      story
                  </td>
                  <td class="post-time">
                      2023 Nov 04 19:20 (7 days 12 hours 9 minutes 59 seconds ago)
                  </td>
                  <td class="post-url">
                      https://www.scmp.com/news/china/science/article/3240339/aristotle-becomes-latest-casualty-chinas-narrative-war-west-scholar-questions-philosophers-existence
                  </td>
              </tr>
    
        175)  <tr>
                  <td class="post-score">
                      227
                  </td>
                  <td class="post-title">
                      Audacity 3.4
                  </td>
                  <td class="post-type">
                      story
                  </td>
                  <td class="post-time">
                      2023 Nov 03 00:14 (9 days 7 hours 15 minutes 1 second ago)
                  </td>
                  <td class="post-url">
                      https://www.audacityteam.org/blog/audacity-3-4/
                  </td>
              </tr>
    
        176)  <tr>
                  <td class="post-score">
                      318
                  </td>
                  <td class="post-title">
                      Why doctors in America earn so much
                  </td>
                  <td class="post-type">
                      story
                  </td>
                  <td class="post-time">
                      2023 Nov 01 14:38 (10 days 16 hours 51 minutes 27 seconds ago)
                  </td>
                  <td class="post-url">
                      https://www.economist.com/united-states/2023/10/31/why-doctors-in-america-earn-so-much
                  </td>
              </tr>
    
        177)  <tr>
                  <td class="post-score">
                      274
                  </td>
                  <td class="post-title">
                      Distil-Whisper: distilled version of Whisper that is 6 times faster, 49% smaller
                  </td>
                  <td class="post-type">
                      story
                  </td>
                  <td class="post-time">
                      2023 Nov 01 00:55 (11 days 6 hours 34 minutes 19 seconds ago)
                  </td>
                  <td class="post-url">
                      https://github.com/huggingface/distil-whisper
                  </td>
              </tr>
    
        178)  <tr>
                  <td class="post-score">
                      11
                  </td>
                  <td class="post-title">
                      Pessimists Archive
                  </td>
                  <td class="post-type">
                      story
                  </td>
                  <td class="post-time">
                      2023 Nov 04 23:05 (7 days 8 hours 24 minutes 33 seconds ago)
                  </td>
                  <td class="post-url">
                      https://pessimistsarchive.org/
                  </td>
              </tr>
    
        179)  <tr>
                  <td class="post-score">
                      202
                  </td>
                  <td class="post-title">
                      GPT-4 Update: 32K Context Window Now for All Users
                  </td>
                  <td class="post-type">
                      story
                  </td>
                  <td class="post-time">
                      2023 Nov 03 15:30 (8 days 15 hours 59 minutes 30 seconds ago)
                  </td>
                  <td class="post-url">
                      https://github.com/spdustin/ChatGPT-AutoExpert/blob/main/_system-prompts/all_tools.md
                  </td>
              </tr>
    
        180)  <tr>
                  <td class="post-score">
                      108
                  </td>
                  <td class="post-title">
                      ML Experiments Management with Git
                  </td>
                  <td class="post-type">
                      story
                  </td>
                  <td class="post-time">
                      2023 Nov 02 21:33 (9 days 9 hours 56 minutes 37 seconds ago)
                  </td>
                  <td class="post-url">
                      https://github.com/iterative/dvc
                  </td>
              </tr>
    
        181)  <tr>
                  <td class="post-score">
                      35
                  </td>
                  <td class="post-title">
                      You don't need a terminal emulator ┬╖ Andrey Listopadov
                  </td>
                  <td class="post-type">
                      story
                  </td>
                  <td class="post-time">
                      2023 Nov 03 22:55 (8 days 8 hours 34 minutes 3 seconds ago)
                  </td>
                  <td class="post-url">
                      https://andreyor.st/posts/2023-10-27-you-dont-need-a-terminal-emulator/
                  </td>
              </tr>
    
        182)  <tr>
                  <td class="post-score">
                      250
                  </td>
                  <td class="post-title">
                      Bayer hit with $332M judgement in Roundup cancer trial
                  </td>
                  <td class="post-type">
                      story
                  </td>
                  <td class="post-time">
                      2023 Nov 03 23:16 (8 days 8 hours 13 minutes 7 seconds ago)
                  </td>
                  <td class="post-url">
                      https://fortune.com/2023/11/03/bayer-332-million-judgement-trial-man-cancer-decades-monsanto-roundup-weedkiller/
                  </td>
              </tr>
    
        183)  <tr>
                  <td class="post-score">
                      58
                  </td>
                  <td class="post-title">
                      Openela releases Red Hat source code on GitHub
                  </td>
                  <td class="post-type">
                      story
                  </td>
                  <td class="post-time">
                      2023 Nov 04 18:16 (7 days 13 hours 13 minutes 21 seconds ago)
                  </td>
                  <td class="post-url">
                      https://github.com/orgs/openela-main/repositories
                  </td>
              </tr>
    
        184)  <tr>
                  <td class="post-score">
                      12
                  </td>
                  <td class="post-title">
                      Deno 1.38: HTML doc generator and HMR
                  </td>
                  <td class="post-type">
                      story
                  </td>
                  <td class="post-time">
                      2023 Nov 03 10:05 (8 days 21 hours 24 minutes 13 seconds ago)
                  </td>
                  <td class="post-url">
                      https://deno.com/blog/v1.38
                  </td>
              </tr>
    
        185)  <tr>
                  <td class="post-score">
                      8
                  </td>
                  <td class="post-title">
                      Ask HN: Infra people in small companies, what does your infra look like?
                  </td>
                  <td class="post-type">
                      story
                  </td>
                  <td class="post-time">
                      2023 Nov 04 13:27 (7 days 18 hours 2 minutes 37 seconds ago)
                  </td>
                  <td class="post-url">
                      
                  </td>
              </tr>
    
        186)  <tr>
                  <td class="post-score">
                      137
                  </td>
                  <td class="post-title">
                      Nuclear Conversion for Starship
                  </td>
                  <td class="post-type">
                      story
                  </td>
                  <td class="post-time">
                      2023 Nov 03 16:52 (8 days 14 hours 37 minutes 32 seconds ago)
                  </td>
                  <td class="post-url">
                      http://toughsf.blogspot.com/2021/10/nuclear-conversion-for-starship.html
                  </td>
              </tr>
    
        187)  <tr>
                  <td class="post-score">
                      206
                  </td>
                  <td class="post-title">
                      Now you're thinking with relays
                  </td>
                  <td class="post-type">
                      story
                  </td>
                  <td class="post-time">
                      2023 Nov 01 19:30 (10 days 11 hours 59 minutes 24 seconds ago)
                  </td>
                  <td class="post-url">
                      https://lcamtuf.substack.com/p/now-youre-thinking-with-relays
                  </td>
              </tr>
    
        188)  <tr>
                  <td class="post-score">
                      158
                  </td>
                  <td class="post-title">
                      Bank financing and bad urban planning make the retail apocalypse worse
                  </td>
                  <td class="post-type">
                      story
                  </td>
                  <td class="post-time">
                      2023 Nov 01 16:21 (10 days 15 hours 8 minutes 8 seconds ago)
                  </td>
                  <td class="post-url">
                      https://www.businessinsider.com/bank-financing-urban-planning-pandemic-retail-apocalypse-vacant-storefront-2023-10
                  </td>
              </tr>
    
        189)  <tr>
                  <td class="post-score">
                      31
                  </td>
                  <td class="post-title">
                      How much it costs Apple to increase RAM size in Macs?
                  </td>
                  <td class="post-type">
                      story
                  </td>
                  <td class="post-time">
                      2023 Nov 04 02:15 (8 days 5 hours 14 minutes 53 seconds ago)
                  </td>
                  <td class="post-url">
                      https://old.reddit.com/r/macbookpro/comments/17lwl0b/how_much_does_ram_cost_anyways/
                  </td>
              </tr>
    
        190)  <tr>
                  <td class="post-score">
                      30
                  </td>
                  <td class="post-title">
                      Cup Noodles are now microwave-safe
                  </td>
                  <td class="post-type">
                      story
                  </td>
                  <td class="post-time">
                      2023 Nov 04 18:04 (7 days 13 hours 25 minutes 46 seconds ago)
                  </td>
                  <td class="post-url">
                      https://www.washingtonpost.com/food/2023/11/03/cup-noodles-are-now-microwave-safe-so-they-werent-already/
                  </td>
              </tr>
    
        191)  <tr>
                  <td class="post-score">
                      30
                  </td>
                  <td class="post-title">
                      What's the difference between LangChain, llama indexand others like autollm?
                  </td>
                  <td class="post-type">
                      story
                  </td>
                  <td class="post-time">
                      2023 Nov 03 10:41 (8 days 20 hours 48 minutes 34 seconds ago)
                  </td>
                  <td class="post-url">
                      
                  </td>
              </tr>
    
        192)  <tr>
                  <td class="post-score">
                      235
                  </td>
                  <td class="post-title">
                      Sally Ignore Previous Instructions
                  </td>
                  <td class="post-type">
                      story
                  </td>
                  <td class="post-time">
                      2023 Nov 02 21:02 (9 days 10 hours 27 minutes 26 seconds ago)
                  </td>
                  <td class="post-url">
                      https://www.haihai.ai/pen15/
                  </td>
              </tr>
    
        193)  <tr>
                  <td class="post-score">
                      81
                  </td>
                  <td class="post-title">
                      Enterprise-Fu
                  </td>
                  <td class="post-type">
                      story
                  </td>
                  <td class="post-time">
                      2023 Nov 02 23:31 (9 days 7 hours 58 minutes 7 seconds ago)
                  </td>
                  <td class="post-url">
                      http://mike.daless.io/prez/enterprise-asbury-2013-10/slides.html
                  </td>
              </tr>
    
        194)  <tr>
                  <td class="post-score">
                      251
                  </td>
                  <td class="post-title">
                      Rwanda joins Kenya to initiate visa-free travel for all Africans
                  </td>
                  <td class="post-type">
                      story
                  </td>
                  <td class="post-time">
                      2023 Nov 03 12:15 (8 days 19 hours 14 minutes 57 seconds ago)
                  </td>
                  <td class="post-url">
                      https://africa.businessinsider.com/local/leaders/from-barriers-to-unity-rwanda-joins-kenya-to-initiate-visa-free-travel-for-all/hhqe29q
                  </td>
              </tr>
    
        195)  <tr>
                  <td class="post-score">
                      792
                  </td>
                  <td class="post-title">
                      Yann LeCun: AI one-percenters seizing power forever is real doomsday scenario
                  </td>
                  <td class="post-type">
                      story
                  </td>
                  <td class="post-time">
                      2023 Nov 02 04:05 (10 days 3 hours 24 minutes 39 seconds ago)
                  </td>
                  <td class="post-url">
                      https://www.businessinsider.com/sam-altman-and-demis-hassabis-just-want-to-control-ai-2023-10
                  </td>
              </tr>
    
        196)  <tr>
                  <td class="post-score">
                      161
                  </td>
                  <td class="post-title">
                      Show HN: DoltgreSQL ΓÇô Version-Controlled DB, Like Git and PostgreSQL had a baby
                  </td>
                  <td class="post-type">
                      story
                  </td>
                  <td class="post-time">
                      2023 Nov 02 01:59 (10 days 5 hours 30 minutes 26 seconds ago)
                  </td>
                  <td class="post-url">
                      https://github.com/dolthub/doltgresql
                  </td>
              </tr>
    
        197)  <tr>
                  <td class="post-score">
                      74
                  </td>
                  <td class="post-title">
                      Clash, a tool to break China's Great Fire Wall, is Deleted in GitHub
                  </td>
                  <td class="post-type">
                      story
                  </td>
                  <td class="post-time">
                      2023 Nov 03 09:01 (8 days 22 hours 28 minutes 42 seconds ago)
                  </td>
                  <td class="post-url">
                      https://github.com/Dreamacro/clash
                  </td>
              </tr>
    
        198)  <tr>
                  <td class="post-score">
                      40
                  </td>
                  <td class="post-title">
                      Vivo Unveils BlueOS, Based on Rust Language
                  </td>
                  <td class="post-type">
                      story
                  </td>
                  <td class="post-time">
                      2023 Nov 02 03:14 (10 days 4 hours 15 minutes 32 seconds ago)
                  </td>
                  <td class="post-url">
                      https://sparrowsnews.com/2023/11/01/vivo-unveils-blueos-operating-system/
                  </td>
              </tr>
    
        199)  <tr>
                  <td class="post-score">
                      66
                  </td>
                  <td class="post-title">
                      Formalizing 100 Theorems
                  </td>
                  <td class="post-type">
                      story
                  </td>
                  <td class="post-time">
                      2023 Nov 02 05:27 (10 days 2 hours 2 minutes 13 seconds ago)
                  </td>
                  <td class="post-url">
                      https://www.cs.ru.nl/~freek/100/
                  </td>
              </tr>
    
        200)  <tr>
                  <td class="post-score">
                      184
                  </td>
                  <td class="post-title">
                      The Binder Linux driver is being rewritten in Rust
                  </td>
                  <td class="post-type">
                      story
                  </td>
                  <td class="post-time">
                      2023 Nov 03 06:53 (9 days 36 minutes 34 seconds ago)
                  </td>
                  <td class="post-url">
                      https://lore.kernel.org/rust-for-linux/20231101-rust-binder-v1-0-08ba9197f637@google.com/
                  </td>
              </tr>
    
    
    Γû╝ Query.index 8
    
        1)  <tr>
                <td class="post-score">
                    1
                </td>
                <td class="post-title">
                    SigNoz (YC W21), open source observability platform, hiring SREs (Remote)
                </td>
                <td class="post-type">
                    job
                </td>
                <td class="post-time">
                    2023 Nov 05 07:01 (7 days 28 minutes 51 seconds ago)
                </td>
                <td class="post-url">
                    https://signoz.io/careers/site-reliability-engineer/
                </td>
            </tr>
    
    
    Γû╝ Query.has [ text "Shadows Edge Software" ]
    
    > has text "Shadows Edge Software"



TEST RUN FAILED

Duration: 1020 ms
Passed:   66
Failed:   6

